Component: ARM Compiler 5.06 update 6 (build 750) Tool: armlink [4d35ed]

==============================================================================

Section Cross References

    main.o(.text) refers to delay.o(.text) for delay_init
    main.o(.text) refers to misc.o(.text) for NVIC_PriorityGroupConfig
    main.o(.text) refers to oled.o(.text) for OLED_Init
    main.o(.text) refers to control.o(.text) for BUZZ_Init
    main.o(.text) refers to usart.o(.text) for uart_init
    main.o(.text) refers to key.o(.text) for KEY_Init
    main.o(.text) refers to adc.o(.text) for Adc_Init
    main.o(.text) refers to mpu6050.o(.text) for MPU_Init
    main.o(.text) refers to inv_mpu.o(.text) for mpu_dmp_init
    main.o(.text) refers to timer.o(.text) for TIM4_Int_Init
    main.o(.text) refers to stm32f10x_tim.o(.text) for TIM_Cmd
    main.o(.text) refers to main.o(.data) for temp
    system_stm32f10x.o(.text) refers to system_stm32f10x.o(.data) for SystemCoreClock
    startup_stm32f10x_hd.o(STACK) refers (Special) to heapauxi.o(.text) for __use_two_region_memory
    startup_stm32f10x_hd.o(HEAP) refers (Special) to heapauxi.o(.text) for __use_two_region_memory
    startup_stm32f10x_hd.o(RESET) refers (Special) to heapauxi.o(.text) for __use_two_region_memory
    startup_stm32f10x_hd.o(RESET) refers to startup_stm32f10x_hd.o(STACK) for __initial_sp
    startup_stm32f10x_hd.o(RESET) refers to startup_stm32f10x_hd.o(.text) for Reset_Handler
    startup_stm32f10x_hd.o(RESET) refers to stm32f10x_it.o(.text) for NMI_Handler
    startup_stm32f10x_hd.o(RESET) refers to timer.o(.text) for TIM3_IRQHandler
    startup_stm32f10x_hd.o(RESET) refers to usart.o(.text) for USART1_IRQHandler
    startup_stm32f10x_hd.o(.text) refers (Special) to heapauxi.o(.text) for __use_two_region_memory
    startup_stm32f10x_hd.o(.text) refers to system_stm32f10x.o(.text) for SystemInit
    startup_stm32f10x_hd.o(.text) refers to __main.o(!!!main) for __main
    startup_stm32f10x_hd.o(.text) refers to startup_stm32f10x_hd.o(HEAP) for Heap_Mem
    startup_stm32f10x_hd.o(.text) refers to startup_stm32f10x_hd.o(STACK) for Stack_Mem
    stm32f10x_adc.o(.text) refers to stm32f10x_rcc.o(.text) for RCC_APB2PeriphResetCmd
    stm32f10x_bkp.o(.text) refers to stm32f10x_rcc.o(.text) for RCC_BackupResetCmd
    stm32f10x_can.o(.text) refers to stm32f10x_rcc.o(.text) for RCC_APB1PeriphResetCmd
    stm32f10x_cec.o(.text) refers to stm32f10x_rcc.o(.text) for RCC_APB1PeriphResetCmd
    stm32f10x_dac.o(.text) refers to stm32f10x_rcc.o(.text) for RCC_APB1PeriphResetCmd
    stm32f10x_gpio.o(.text) refers to stm32f10x_rcc.o(.text) for RCC_APB2PeriphResetCmd
    stm32f10x_i2c.o(.text) refers to stm32f10x_rcc.o(.text) for RCC_APB1PeriphResetCmd
    stm32f10x_pwr.o(.text) refers to stm32f10x_rcc.o(.text) for RCC_APB1PeriphResetCmd
    stm32f10x_rcc.o(.text) refers to stm32f10x_rcc.o(.data) for APBAHBPrescTable
    stm32f10x_spi.o(.text) refers to stm32f10x_rcc.o(.text) for RCC_APB2PeriphResetCmd
    stm32f10x_tim.o(.text) refers to stm32f10x_rcc.o(.text) for RCC_APB2PeriphResetCmd
    stm32f10x_usart.o(.text) refers to stm32f10x_rcc.o(.text) for RCC_APB2PeriphResetCmd
    stm32f10x_wwdg.o(.text) refers to stm32f10x_rcc.o(.text) for RCC_APB1PeriphResetCmd
    delay.o(.text) refers to misc.o(.text) for SysTick_CLKSourceConfig
    delay.o(.text) refers to system_stm32f10x.o(.data) for SystemCoreClock
    delay.o(.text) refers to delay.o(.data) for fac_us
    usart.o(.text) refers (Special) to use_no_semi_2.o(.text) for __use_no_semihosting
    usart.o(.text) refers to stm32f10x_rcc.o(.text) for RCC_APB2PeriphClockCmd
    usart.o(.text) refers to stm32f10x_gpio.o(.text) for GPIO_Init
    usart.o(.text) refers to misc.o(.text) for NVIC_Init
    usart.o(.text) refers to stm32f10x_usart.o(.text) for USART_Init
    usart.o(.text) refers to usart.o(.data) for USART_RX_STA
    usart.o(.text) refers to usart.o(.bss) for USART_RX_BUF
    usart.o(.bss) refers (Special) to use_no_semi_2.o(.text) for __use_no_semihosting
    usart.o(.data) refers (Special) to use_no_semi_2.o(.text) for __use_no_semihosting
    timer.o(.text) refers to stm32f10x_rcc.o(.text) for RCC_APB2PeriphClockCmd
    timer.o(.text) refers to stm32f10x_gpio.o(.text) for GPIO_Init
    timer.o(.text) refers to stm32f10x_tim.o(.text) for TIM_TimeBaseInit
    timer.o(.text) refers to misc.o(.text) for NVIC_Init
    timer.o(.text) refers to control.o(.text) for angle_get
    timer.o(.text) refers to usart.o(.text) for Send_data
    timer.o(.text) refers to control.o(.data) for send_data
    mpu6050.o(.text) refers to mpuiic.o(.text) for MPU_IIC_Start
    mpu6050.o(.text) refers to delay.o(.text) for delay_ms
    mpu6050.o(.text) refers to dflt_clz.o(x$fpl$dflt) for __aeabi_i2d
    mpu6050.o(.text) refers to ddiv.o(x$fpl$ddiv) for __aeabi_ddiv
    mpu6050.o(.text) refers to daddsub_clz.o(x$fpl$dadd) for __aeabi_dadd
    mpu6050.o(.text) refers to d2f.o(x$fpl$d2f) for __aeabi_d2f
[...]
    __rt_lib_init_getenv_1                   0x080001b7   Thumb Code     0  libinit2.o(.ARM.Collect$$libinit$$00000023)
    __rt_lib_init_heap_1                     0x080001b7   Thumb Code     0  libinit2.o(.ARM.Collect$$libinit$$0000000A)
    __rt_lib_init_lc_collate_1               0x080001b7   Thumb Code     0  libinit2.o(.ARM.Collect$$libinit$$00000011)
    __rt_lib_init_lc_ctype_1                 0x080001b7   Thumb Code     0  libinit2.o(.ARM.Collect$$libinit$$00000013)
    __rt_lib_init_lc_monetary_1              0x080001b7   Thumb Code     0  libinit2.o(.ARM.Collect$$libinit$$00000015)
    __rt_lib_init_lc_numeric_1               0x080001b7   Thumb Code     0  libinit2.o(.ARM.Collect$$libinit$$00000017)
    __rt_lib_init_lc_time_1                  0x080001b7   Thumb Code     0  libinit2.o(.ARM.Collect$$libinit$$00000019)
    __rt_lib_init_preinit_1                  0x080001b7   Thumb Code     0  libinit2.o(.ARM.Collect$$libinit$$00000004)
    __rt_lib_init_rand_1                     0x080001b7   Thumb Code     0  libinit2.o(.ARM.Collect$$libinit$$0000000E)
    __rt_lib_init_return                     0x080001b7   Thumb Code     0  libinit2.o(.ARM.Collect$$libinit$$00000033)
    __rt_lib_init_signal_1                   0x080001b7   Thumb Code     0  libinit2.o(.ARM.Collect$$libinit$$0000001D)
    __rt_lib_init_stdio_1                    0x080001b7   Thumb Code     0  libinit2.o(.ARM.Collect$$libinit$$00000025)
    __rt_lib_init_user_alloc_1               0x080001b7   Thumb Code     0  libinit2.o(.ARM.Collect$$libinit$$0000000C)
    __rt_lib_shutdown                        0x080001b9   Thumb Code     0  libshutdown.o(.ARM.Collect$$libshutdown$$00000000)
    __rt_lib_shutdown_cpp_1                  0x080001bb   Thumb Code     0  libshutdown2.o(.ARM.Collect$$libshutdown$$00000002)
    __rt_lib_shutdown_fp_trap_1              0x080001bb   Thumb Code     0  libshutdown2.o(.ARM.Collect$$libshutdown$$00000007)
    __rt_lib_shutdown_heap_1                 0x080001bb   Thumb Code     0  libshutdown2.o(.ARM.Collect$$libshutdown$$0000000F)
    __rt_lib_shutdown_return                 0x080001bb   Thumb Code     0  libshutdown2.o(.ARM.Collect$$libshutdown$$00000010)
    __rt_lib_shutdown_signal_1               0x080001bb   Thumb Code     0  libshutdown2.o(.ARM.Collect$$libshutdown$$0000000A)
    __rt_lib_shutdown_stdio_1                0x080001bb   Thumb Code     0  libshutdown2.o(.ARM.Collect$$libshutdown$$00000004)
    __rt_lib_shutdown_user_alloc_1           0x080001bb   Thumb Code     0  libshutdown2.o(.ARM.Collect$$libshutdown$$0000000C)
    __rt_entry                               0x080001bd   Thumb Code     0  __rtentry.o(.ARM.Collect$$rtentry$$00000000)
    __rt_entry_presh_1                       0x080001bd   Thumb Code     0  __rtentry2.o(.ARM.Collect$$rtentry$$00000002)
    __rt_entry_sh                            0x080001bd   Thumb Code     0  __rtentry4.o(.ARM.Collect$$rtentry$$00000004)
    __rt_entry_li                            0x080001c3   Thumb Code     0  __rtentry2.o(.ARM.Collect$$rtentry$$0000000A)
    __rt_entry_postsh_1                      0x080001c3   Thumb Code     0  __rtentry2.o(.ARM.Collect$$rtentry$$00000009)
    __rt_entry_main                          0x080001c7   Thumb Code     0  __rtentry2.o(.ARM.Collect$$rtentry$$0000000D)
    __rt_entry_postli_1                      0x080001c7   Thumb Code     0  __rtentry2.o(.ARM.Collect$$rtentry$$0000000C)
    __rt_exit                                0x080001cf   Thumb Code     0  rtexit.o(.ARM.Collect$$rtexit$$00000000)
    __rt_exit_ls                             0x080001d1   Thumb Code     0  rtexit2.o(.ARM.Collect$$rtexit$$00000003)
    __rt_exit_prels_1                        0x080001d1   Thumb Code     0  rtexit2.o(.ARM.Collect$$rtexit$$00000002)
    __rt_exit_exit                           0x080001d5   Thumb Code     0  rtexit2.o(.ARM.Collect$$rtexit$$00000004)
    main                                     0x080001dd   Thumb Code   106  main.o(.text)
    NMI_Handler                              0x08000259   Thumb Code     2  stm32f10x_it.o(.text)
    HardFault_Handler                        0x0800025b   Thumb Code     4  stm32f10x_it.o(.text)
    MemManage_Handler                        0x0800025f   Thumb Code     4  stm32f10x_it.o(.text)
    BusFault_Handler                         0x08000263   Thumb Code     4  stm32f10x_it.o(.text)
    UsageFault_Handler                       0x08000267   Thumb Code     4  stm32f10x_it.o(.text)
    SVC_Handler                              0x0800026b   Thumb Code     2  stm32f10x_it.o(.text)
    DebugMon_Handler                         0x0800026d   Thumb Code     2  stm32f10x_it.o(.text)
    PendSV_Handler                           0x0800026f   Thumb Code     2  stm32f10x_it.o(.text)
    SysTick_Handler                          0x08000271   Thumb Code     2  stm32f10x_it.o(.text)
    SystemInit                               0x08000353   Thumb Code    78  system_stm32f10x.o(.text)
    SystemCoreClockUpdate                    0x080003a1   Thumb Code   142  system_stm32f10x.o(.text)
    Reset_Handler                            0x08000455   Thumb Code     8  startup_stm32f10x_hd.o(.text)
    ADC1_2_IRQHandler                        0x0800046f   Thumb Code     0  startup_stm32f10x_hd.o(.text)
    ADC3_IRQHandler                          0x0800046f   Thumb Code     0  startup_stm32f10x_hd.o(.text)
    CAN1_RX1_IRQHandler                      0x0800046f   Thumb Code     0  startup_stm32f10x_hd.o(.text)
    CAN1_SCE_IRQHandler                      0x0800046f   Thumb Code     0  startup_stm32f10x_hd.o(.text)
    DMA1_Channel1_IRQHandler                 0x0800046f   Thumb Code     0  startup_stm32f10x_hd.o(.text)
    DMA1_Channel2_IRQHandler                 0x0800046f   Thumb Code     0  startup_stm32f10x_hd.o(.text)
    DMA1_Channel3_IRQHandler                 0x0800046f   Thumb Code     0  startup_stm32f10x_hd.o(.text)
    DMA1_Channel4_IRQHandler                 0x0800046f   Thumb Code     0  startup_stm32f10x_hd.o(.text)
    DMA1_Channel5_IRQHandler                 0x0800046f   Thumb Code     0  startup_stm32f10x_hd.o(.text)
    DMA1_Channel6_IRQHandler                 0x0800046f   Thumb Code     0  startup_stm32f10x_hd.o(.text)
    DMA1_Channel7_IRQHandler                 0x0800046f   Thumb Code     0  startup_stm32f10x_hd.o(.text)
    DMA2_Channel1_IRQHandler                 0x0800046f   Thumb Code     0  startup_stm32f10x_hd.o(.text)
    DMA2_Channel2_IRQHandler                 0x0800046f   Thumb Code     0  startup_stm32f10x_hd.o(.text)
    DMA2_Channel3_IRQHandler                 0x0800046f   Thumb Code     0  startup_stm32f10x_hd.o(.text)
    DMA2_Channel4_5_IRQHandler               0x0800046f   Thumb Code     0  startup_stm32f10x_hd.o(.text)
    EXTI0_IRQHandler                         0x0800046f   Thumb Code     0  startup_stm32f10x_hd.o(.text)
    EXTI15_10_IRQHandler                     0x0800046f   Thumb Code     0  startup_stm32f10x_hd.o(.text)
    EXTI1_IRQHandler                         0x0800046f   Thumb Code     0  startup_stm32f10x_hd.o(.text)
    EXTI2_IRQHandler                         0x0800046f   Thumb Code     0  startup_stm32f10x_hd.o(.text)
    EXTI3_IRQHandler                         0x0800046f   Thumb Code     0  startup_stm32f10x_hd.o(.text)
    EXTI4_IRQHandler                         0x0800046f   Thumb Code     0  startup_stm32f10x_hd.o(.text)
    EXTI9_5_IRQHandler                       0x0800046f   Thumb Code     0  startup_stm32f10x_hd.o(.text)
    FLASH_IRQHandler                         0x0800046f   Thumb Code     0  startup_stm32f10x_hd.o(.text)
    FSMC_IRQHandler                          0x0800046f   Thumb Code     0  startup_stm32f10x_hd.o(.text)
    I2C1_ER_IRQHandler                       0x0800046f   Thumb Code     0  startup_stm32f10x_hd.o(.text)
    I2C1_EV_IRQHandler                       0x0800046f   Thumb Code     0  startup_stm32f10x_hd.o(.text)
    I2C2_ER_IRQHandler                       0x0800046f   Thumb Code     0  startup_stm32f10x_hd.o(.text)
    I2C2_EV_IRQHandler                       0x0800046f   Thumb Code     0  startup_stm32f10x_hd.o(.text)
    PVD_IRQHandler                           0x0800046f   Thumb Code     0  startup_stm32f10x_hd.o(.text)
    RCC_IRQHandler                           0x0800046f   Thumb Code     0  startup_stm32f10x_hd.o(.text)
    RTCAlarm_IRQHandler                      0x0800046f   Thumb Code     0  startup_stm32f10x_hd.o(.text)
    RTC_IRQHandler                           0x0800046f   Thumb Code     0  startup_stm32f10x_hd.o(.text)
    SDIO_IRQHandler                          0x0800046f   Thumb Code     0  startup_stm32f10x_hd.o(.text)
    SPI1_IRQHandler                          0x0800046f   Thumb Code     0  startup_stm32f10x_hd.o(.text)
    SPI2_IRQHandler                          0x0800046f   Thumb Code     0  startup_stm32f10x_hd.o(.text)
    SPI3_IRQHandler                          0x0800046f   Thumb Code     0  startup_stm32f10x_hd.o(.text)
    TAMPER_IRQHandler                        0x0800046f   Thumb Code     0  startup_stm32f10x_hd.o(.text)
    TIM1_BRK_IRQHandler                      0x0800046f   Thumb Code     0  startup_stm32f10x_hd.o(.text)
    TIM1_CC_IRQHandler                       0x0800046f   Thumb Code     0  startup_stm32f10x_hd.o(.text)
    TIM1_TRG_COM_IRQHandler                  0x0800046f   Thumb Code     0  startup_stm32f10x_hd.o(.text)
    TIM1_UP_IRQHandler                       0x0800046f   Thumb Code     0  startup_stm32f10x_hd.o(.text)
    TIM2_IRQHandler                          0x0800046f   Thumb Code     0  startup_stm32f10x_hd.o(.text)
    TIM5_IRQHandler                          0x0800046f   Thumb Code     0  startup_stm32f10x_hd.o(.text)
    TIM6_IRQHandler                          0x0800046f   Thumb Code     0  startup_stm32f10x_hd.o(.text)
    TIM7_IRQHandler                          0x0800046f   Thumb Code     0  startup_stm32f10x_hd.o(.text)
    TIM8_BRK_IRQHandler                      0x0800046f   Thumb Code     0  startup_stm32f10x_hd.o(.text)
    TIM8_CC_IRQHandler                       0x0800046f   Thumb Code     0  startup_stm32f10x_hd.o(.text)
    TIM8_TRG_COM_IRQHandler                  0x0800046f   Thumb Code     0  startup_stm32f10x_hd.o(.text)
    TIM8_UP_IRQHandler                       0x0800046f   Thumb Code     0  startup_stm32f10x_hd.o(.text)
    UART4_IRQHandler                         0x0800046f   Thumb Code     0  startup_stm32f10x_hd.o(.text)
    UART5_IRQHandler                         0x0800046f   Thumb Code     0  startup_stm32f10x_hd.o(.text)
    USART2_IRQHandler                        0x0800046f   Thumb Code     0  startup_stm32f10x_hd.o(.text)
    USART3_IRQHandler                        0x0800046f   Thumb Code     0  startup_stm32f10x_hd.o(.text)
    USBWakeUp_IRQHandler                     0x0800046f   Thumb Code     0  startup_stm32f10x_hd.o(.text)
    USB_HP_CAN1_TX_IRQHandler                0x0800046f   Thumb Code     0  startup_stm32f10x_hd.o(.text)
    USB_LP_CAN1_RX0_IRQHandler               0x0800046f   Thumb Code     0  startup_stm32f10x_hd.o(.text)
    WWDG_IRQHandler                          0x0800046f   Thumb Code     0  startup_stm32f10x_hd.o(.text)
    __user_initial_stackheap                 0x08000471   Thumb Code     0  startup_stm32f10x_hd.o(.text)
    NVIC_PriorityGroupConfig                 0x08000495   Thumb Code    10  misc.o(.text)
    NVIC_Init                                0x0800049f   Thumb Code   100  misc.o(.text)
    NVIC_SetVectorTable                      0x08000503   Thumb Code    14  misc.o(.text)
    NVIC_SystemLPConfig                      0x08000511   Thumb Code    34  misc.o(.text)
    SysTick_CLKSourceConfig                  0x08000533   Thumb Code    40  misc.o(.text)
    ADC_DeInit                               0x08000571   Thumb Code    78  stm32f10x_adc.o(.text)
    ADC_Init                                 0x080005bf   Thumb Code    70  stm32f10x_adc.o(.text)
    ADC_StructInit                           0x08000605   Thumb Code    18  stm32f10x_adc.o(.text)
    ADC_Cmd                                  0x08000617   Thumb Code    22  stm32f10x_adc.o(.text)
    ADC_DMACmd                               0x0800062d   Thumb Code    22  stm32f10x_adc.o(.text)
    ADC_ITConfig                             0x08000643   Thumb Code    24  stm32f10x_adc.o(.text)
    ADC_ResetCalibration                     0x0800065b   Thumb Code    10  stm32f10x_adc.o(.text)
    ADC_GetResetCalibrationStatus            0x08000665   Thumb Code    20  stm32f10x_adc.o(.text)
    ADC_StartCalibration                     0x08000679   Thumb Code    10  stm32f10x_adc.o(.text)
    ADC_GetCalibrationStatus                 0x08000683   Thumb Code    20  stm32f10x_adc.o(.text)
    ADC_SoftwareStartConvCmd                 0x08000697   Thumb Code    22  stm32f10x_adc.o(.text)
    ADC_GetSoftwareStartConvStatus           0x080006ad   Thumb Code    20  stm32f10x_adc.o(.text)
    ADC_DiscModeChannelCountConfig           0x080006c1   Thumb Code    24  stm32f10x_adc.o(.text)
    ADC_DiscModeCmd                          0x080006d9   Thumb Code    22  stm32f10x_adc.o(.text)
    ADC_RegularChannelConfig                 0x080006ef   Thumb Code   184  stm32f10x_adc.o(.text)
    ADC_ExternalTrigConvCmd                  0x080007a7   Thumb Code    22  stm32f10x_adc.o(.text)
    ADC_GetConversionValue                   0x080007bd   Thumb Code     8  stm32f10x_adc.o(.text)
    ADC_GetDualModeConversionValue           0x080007c5   Thumb Code     8  stm32f10x_adc.o(.text)
    ADC_AutoInjectedConvCmd                  0x080007cd   Thumb Code    22  stm32f10x_adc.o(.text)
    ADC_InjectedDiscModeCmd                  0x080007e3   Thumb Code    22  stm32f10x_adc.o(.text)
    ADC_ExternalTrigInjectedConvConfig       0x080007f9   Thumb Code    16  stm32f10x_adc.o(.text)
    ADC_ExternalTrigInjectedConvCmd          0x08000809   Thumb Code    22  stm32f10x_adc.o(.text)
    ADC_SoftwareStartInjectedConvCmd         0x0800081f   Thumb Code    22  stm32f10x_adc.o(.text)
    ADC_GetSoftwareStartInjectedConvCmdStatus 0x08000835   Thumb Code    20  stm32f10x_adc.o(.text)
    ADC_InjectedChannelConfig                0x08000849   Thumb Code   130  stm32f10x_adc.o(.text)
    ADC_InjectedSequencerLengthConfig        0x080008cb   Thumb Code    24  stm32f10x_adc.o(.text)
    ADC_SetInjectedOffset                    0x080008e3   Thumb Code    20  stm32f10x_adc.o(.text)
    ADC_GetInjectedConversionValue           0x080008f7   Thumb Code    28  stm32f10x_adc.o(.text)
    ADC_AnalogWatchdogCmd                    0x08000913   Thumb Code    16  stm32f10x_adc.o(.text)
    ADC_AnalogWatchdogThresholdsConfig       0x08000923   Thumb Code     6  stm32f10x_adc.o(.text)
    ADC_AnalogWatchdogSingleChannelConfig    0x08000929   Thumb Code    16  stm32f10x_adc.o(.text)
    ADC_TempSensorVrefintCmd                 0x08000939   Thumb Code    64  stm32f10x_adc.o(.text)
    ADC_GetFlagStatus                        0x08000979   Thumb Code    18  stm32f10x_adc.o(.text)
    ADC_ClearFlag                            0x0800098b   Thumb Code     6  stm32f10x_adc.o(.text)
    ADC_GetITStatus                          0x08000991   Thumb Code    36  stm32f10x_adc.o(.text)
    ADC_ClearITPendingBit                    0x080009b5   Thumb Code    10  stm32f10x_adc.o(.text)
    GPIO_DeInit                              0x080009c1   Thumb Code   172  stm32f10x_gpio.o(.text)
    GPIO_AFIODeInit                          0x08000a6d   Thumb Code    20  stm32f10x_gpio.o(.text)
    GPIO_Init                                0x08000a81   Thumb Code   278  stm32f10x_gpio.o(.text)
    GPIO_StructInit                          0x08000b97   Thumb Code    16  stm32f10x_gpio.o(.text)
    GPIO_ReadInputDataBit                    0x08000ba7   Thumb Code    18  stm32f10x_gpio.o(.text)
    GPIO_ReadInputData                       0x08000bb9   Thumb Code     8  stm32f10x_gpio.o(.text)
    GPIO_ReadOutputDataBit                   0x08000bc1   Thumb Code    18  stm32f10x_gpio.o(.text)
    GPIO_ReadOutputData                      0x08000bd3   Thumb Code     8  stm32f10x_gpio.o(.text)
    GPIO_SetBits                             0x08000bdb   Thumb Code     4  stm32f10x_gpio.o(.text)
    GPIO_ResetBits                           0x08000bdf   Thumb Code     4  stm32f10x_gpio.o(.text)
    GPIO_WriteBit                            0x08000be3   Thumb Code    10  stm32f10x_gpio.o(.text)
    GPIO_Write                               0x08000bed   Thumb Code     4  stm32f10x_gpio.o(.text)
    GPIO_PinLockConfig                       0x08000bf1   Thumb Code    18  stm32f10x_gpio.o(.text)
    GPIO_EventOutputConfig                   0x08000c03   Thumb Code    26  stm32f10x_gpio.o(.text)
    GPIO_EventOutputCmd                      0x08000c1d   Thumb Code     6  stm32f10x_gpio.o(.text)
    GPIO_PinRemapConfig                      0x08000c23   Thumb Code   138  stm32f10x_gpio.o(.text)
    GPIO_EXTILineConfig                      0x08000cad   Thumb Code    66  stm32f10x_gpio.o(.text)
    GPIO_ETH_MediaInterfaceConfig            0x08000cef   Thumb Code     8  stm32f10x_gpio.o(.text)
    RCC_DeInit                               0x08000d1d   Thumb Code    64  stm32f10x_rcc.o(.text)
    RCC_HSEConfig                            0x08000d5d   Thumb Code    70  stm32f10x_rcc.o(.text)
    RCC_GetFlagStatus                        0x08000da3   Thumb Code    56  stm32f10x_rcc.o(.text)
    RCC_WaitForHSEStartUp                    0x08000ddb   Thumb Code    56  stm32f10x_rcc.o(.text)
    RCC_AdjustHSICalibrationValue            0x08000e13   Thumb Code    20  stm32f10x_rcc.o(.text)
    RCC_HSICmd                               0x08000e27   Thumb Code     6  stm32f10x_rcc.o(.text)
    RCC_PLLConfig                            0x08000e2d   Thumb Code    24  stm32f10x_rcc.o(.text)
    RCC_PLLCmd                               0x08000e45   Thumb Code     6  stm32f10x_rcc.o(.text)
    RCC_SYSCLKConfig                         0x08000e4b   Thumb Code    18  stm32f10x_rcc.o(.text)
    RCC_GetSYSCLKSource                      0x08000e5d   Thumb Code    10  stm32f10x_rcc.o(.text)
    RCC_HCLKConfig                           0x08000e67   Thumb Code    18  stm32f10x_rcc.o(.text)
    RCC_PCLK1Config                          0x08000e79   Thumb Code    18  stm32f10x_rcc.o(.text)
    RCC_PCLK2Config                          0x08000e8b   Thumb Code    20  stm32f10x_rcc.o(.text)
    RCC_ITConfig                             0x08000e9f   Thumb Code    26  stm32f10x_rcc.o(.text)
    RCC_USBCLKConfig                         0x08000eb9   Thumb Code     8  stm32f10x_rcc.o(.text)
    RCC_ADCCLKConfig                         0x08000ec1   Thumb Code    18  stm32f10x_rcc.o(.text)
    RCC_LSEConfig                            0x08000ed3   Thumb Code    50  stm32f10x_rcc.o(.text)
    RCC_LSICmd                               0x08000f05   Thumb Code     6  stm32f10x_rcc.o(.text)
    RCC_RTCCLKConfig                         0x08000f0b   Thumb Code    12  stm32f10x_rcc.o(.text)
    RCC_RTCCLKCmd                            0x08000f17   Thumb Code     8  stm32f10x_rcc.o(.text)
    RCC_GetClocksFreq                        0x08000f1f   Thumb Code   192  stm32f10x_rcc.o(.text)
    RCC_AHBPeriphClockCmd                    0x08000fdf   Thumb Code    26  stm32f10x_rcc.o(.text)
    RCC_APB2PeriphClockCmd                   0x08000ff9   Thumb Code    26  stm32f10x_rcc.o(.text)
    RCC_APB1PeriphClockCmd                   0x08001013   Thumb Code    26  stm32f10x_rcc.o(.text)
    RCC_APB2PeriphResetCmd                   0x0800102d   Thumb Code    26  stm32f10x_rcc.o(.text)
    RCC_APB1PeriphResetCmd                   0x08001047   Thumb Code    26  stm32f10x_rcc.o(.text)
    RCC_BackupResetCmd                       0x08001061   Thumb Code     8  stm32f10x_rcc.o(.text)
    RCC_ClockSecuritySystemCmd               0x08001069   Thumb Code     6  stm32f10x_rcc.o(.text)
    RCC_MCOConfig                            0x0800106f   Thumb Code     6  stm32f10x_rcc.o(.text)
    RCC_ClearFlag                            0x08001075   Thumb Code    14  stm32f10x_rcc.o(.text)
    RCC_GetITStatus                          0x08001083   Thumb Code    20  stm32f10x_rcc.o(.text)
    RCC_ClearITPendingBit                    0x08001097   Thumb Code     6  stm32f10x_rcc.o(.text)
    TIM_DeInit                               0x080010c1   Thumb Code   424  stm32f10x_tim.o(.text)
    TIM_TimeBaseInit                         0x08001269   Thumb Code   122  stm32f10x_tim.o(.text)
    TIM_OC1Init                              0x080012e3   Thumb Code   132  stm32f10x_tim.o(.text)
    TIM_OC2Init                              0x08001367   Thumb Code   154  stm32f10x_tim.o(.text)
    TIM_OC3Init                              0x08001401   Thumb Code   150  stm32f10x_tim.o(.text)
    TIM_OC4Init                              0x08001497   Thumb Code   182  stm32f10x_tim.o(.text)
    TIM_SetIC4Prescaler                      0x0800154d   Thumb Code    26  stm32f10x_tim.o(.text)
    TIM_SetIC3Prescaler                      0x080015e9   Thumb Code    18  stm32f10x_tim.o(.text)
    TIM_SetIC2Prescaler                      0x08001675   Thumb Code    26  stm32f10x_tim.o(.text)
    TIM_SetIC1Prescaler                      0x08001711   Thumb Code    18  stm32f10x_tim.o(.text)
    TIM_ICInit                               0x0800178f   Thumb Code   150  stm32f10x_tim.o(.text)
    TIM_PWMIConfig                           0x08001825   Thumb Code   124  stm32f10x_tim.o(.text)
    TIM_BDTRConfig                           0x080018a1   Thumb Code    32  stm32f10x_tim.o(.text)
    TIM_TimeBaseStructInit                   0x080018c1   Thumb Code    18  stm32f10x_tim.o(.text)
    TIM_OCStructInit                         0x080018d3   Thumb Code    20  stm32f10x_tim.o(.text)
    TIM_ICStructInit                         0x080018e7   Thumb Code    18  stm32f10x_tim.o(.text)
    TIM_BDTRStructInit                       0x080018f9   Thumb Code    40  stm32f10x_tim.o(.text)
    TIM_Cmd                                  0x08001921   Thumb Code    24  stm32f10x_tim.o(.text)
    TIM_CtrlPWMOutputs                       0x08001939   Thumb Code    30  stm32f10x_tim.o(.text)
    TIM_ITConfig                             0x08001957   Thumb Code    18  stm32f10x_tim.o(.text)
    TIM_GenerateEvent                        0x08001969   Thumb Code     4  stm32f10x_tim.o(.text)
    TIM_DMAConfig                            0x0800196d   Thumb Code    10  stm32f10x_tim.o(.text)
    TIM_DMACmd                               0x08001977   Thumb Code    18  stm32f10x_tim.o(.text)
    TIM_InternalClockConfig                  0x08001989   Thumb Code    12  stm32f10x_tim.o(.text)
    TIM_SelectInputTrigger                   0x08001995   Thumb Code    18  stm32f10x_tim.o(.text)
    TIM_ITRxExternalClockConfig              0x080019a7   Thumb Code    24  stm32f10x_tim.o(.text)
    TIM_TIxExternalClockConfig               0x080019bf   Thumb Code    62  stm32f10x_tim.o(.text)
    TIM_ETRConfig                            0x080019fd   Thumb Code    28  stm32f10x_tim.o(.text)
    TIM_ETRClockMode1Config                  0x08001a19   Thumb Code    54  stm32f10x_tim.o(.text)
    TIM_ETRClockMode2Config                  0x08001a4f   Thumb Code    32  stm32f10x_tim.o(.text)
    TIM_PrescalerConfig                      0x08001a6f   Thumb Code     6  stm32f10x_tim.o(.text)
    TIM_CounterModeConfig                    0x08001a75   Thumb Code    18  stm32f10x_tim.o(.text)
    TIM_EncoderInterfaceConfig               0x08001a87   Thumb Code    66  stm32f10x_tim.o(.text)
    TIM_ForcedOC1Config                      0x08001ac9   Thumb Code    18  stm32f10x_tim.o(.text)
    TIM_ForcedOC2Config                      0x08001adb   Thumb Code    26  stm32f10x_tim.o(.text)
    TIM_ForcedOC3Config                      0x08001af5   Thumb Code    18  stm32f10x_tim.o(.text)
    TIM_ForcedOC4Config                      0x08001b07   Thumb Code    26  stm32f10x_tim.o(.text)
    TIM_ARRPreloadConfig                     0x08001b21   Thumb Code    24  stm32f10x_tim.o(.text)
    TIM_SelectCOM                            0x08001b39   Thumb Code    24  stm32f10x_tim.o(.text)
    TIM_SelectCCDMA                          0x08001b51   Thumb Code    24  stm32f10x_tim.o(.text)
    TIM_CCPreloadControl                     0x08001b69   Thumb Code    24  stm32f10x_tim.o(.text)
    TIM_OC1PreloadConfig                     0x08001b81   Thumb Code    18  stm32f10x_tim.o(.text)
    TIM_OC2PreloadConfig                     0x08001b93   Thumb Code    26  stm32f10x_tim.o(.text)
    TIM_OC3PreloadConfig                     0x08001bad   Thumb Code    18  stm32f10x_tim.o(.text)
    TIM_OC4PreloadConfig                     0x08001bbf   Thumb Code    26  stm32f10x_tim.o(.text)
    TIM_OC1FastConfig                        0x08001bd9   Thumb Code    18  stm32f10x_tim.o(.text)
    TIM_OC2FastConfig                        0x08001beb   Thumb Code    26  stm32f10x_tim.o(.text)
    TIM_OC3FastConfig                        0x08001c05   Thumb Code    18  stm32f10x_tim.o(.text)
    TIM_OC4FastConfig                        0x08001c17   Thumb Code    26  stm32f10x_tim.o(.text)
    TIM_ClearOC1Ref                          0x08001c31   Thumb Code    18  stm32f10x_tim.o(.text)
    TIM_ClearOC2Ref                          0x08001c43   Thumb Code    24  stm32f10x_tim.o(.text)
    TIM_ClearOC3Ref                          0x08001c5b   Thumb Code    18  stm32f10x_tim.o(.text)
    TIM_ClearOC4Ref                          0x08001c6d   Thumb Code    24  stm32f10x_tim.o(.text)
    TIM_OC1PolarityConfig                    0x08001c85   Thumb Code    18  stm32f10x_tim.o(.text)
    TIM_OC1NPolarityConfig                   0x08001c97   Thumb Code    18  stm32f10x_tim.o(.text)
    TIM_OC2PolarityConfig                    0x08001ca9   Thumb Code    26  stm32f10x_tim.o(.text)
    TIM_OC2NPolarityConfig                   0x08001cc3   Thumb Code    26  stm32f10x_tim.o(.text)
    TIM_OC3PolarityConfig                    0x08001cdd   Thumb Code    26  stm32f10x_tim.o(.text)
    TIM_OC3NPolarityConfig                   0x08001cf7   Thumb Code    26  stm32f10x_tim.o(.text)
    TIM_OC4PolarityConfig                    0x08001d11   Thumb Code    26  stm32f10x_tim.o(.text)
    TIM_CCxCmd                               0x08001d2b   Thumb Code    30  stm32f10x_tim.o(.text)
    TIM_CCxNCmd                              0x08001d49   Thumb Code    30  stm32f10x_tim.o(.text)
    TIM_SelectOCxM                           0x08001d67   Thumb Code    82  stm32f10x_tim.o(.text)
    TIM_UpdateDisableConfig                  0x08001db9   Thumb Code    24  stm32f10x_tim.o(.text)
    TIM_UpdateRequestConfig                  0x08001dd1   Thumb Code    24  stm32f10x_tim.o(.text)
    TIM_SelectHallSensor                     0x08001de9   Thumb Code    24  stm32f10x_tim.o(.text)
    TIM_SelectOnePulseMode                   0x08001e01   Thumb Code    18  stm32f10x_tim.o(.text)
    TIM_SelectOutputTrigger                  0x08001e13   Thumb Code    18  stm32f10x_tim.o(.text)
    TIM_SelectSlaveMode                      0x08001e25   Thumb Code    18  stm32f10x_tim.o(.text)
    TIM_SelectMasterSlaveMode                0x08001e37   Thumb Code    18  stm32f10x_tim.o(.text)
    TIM_SetCounter                           0x08001e49   Thumb Code     4  stm32f10x_tim.o(.text)
    TIM_SetAutoreload                        0x08001e4d   Thumb Code     4  stm32f10x_tim.o(.text)
    TIM_SetCompare1                          0x08001e51   Thumb Code     4  stm32f10x_tim.o(.text)
    TIM_SetCompare2                          0x08001e55   Thumb Code     4  stm32f10x_tim.o(.text)
    TIM_SetCompare3                          0x08001e59   Thumb Code     4  stm32f10x_tim.o(.text)
    TIM_SetCompare4                          0x08001e5d   Thumb Code     6  stm32f10x_tim.o(.text)
    TIM_SetClockDivision                     0x08001e63   Thumb Code    18  stm32f10x_tim.o(.text)
    TIM_GetCapture1                          0x08001e75   Thumb Code     6  stm32f10x_tim.o(.text)
    TIM_GetCapture2                          0x08001e7b   Thumb Code     6  stm32f10x_tim.o(.text)
    TIM_GetCapture3                          0x08001e81   Thumb Code     6  stm32f10x_tim.o(.text)
    TIM_GetCapture4                          0x08001e87   Thumb Code     8  stm32f10x_tim.o(.text)
    TIM_GetCounter                           0x08001e8f   Thumb Code     6  stm32f10x_tim.o(.text)
    TIM_GetPrescaler                         0x08001e95   Thumb Code     6  stm32f10x_tim.o(.text)
    TIM_GetFlagStatus                        0x08001e9b   Thumb Code    18  stm32f10x_tim.o(.text)
    TIM_ClearFlag                            0x08001ead   Thumb Code     6  stm32f10x_tim.o(.text)
    TIM_GetITStatus                          0x08001eb3   Thumb Code    34  stm32f10x_tim.o(.text)
    TIM_ClearITPendingBit                    0x08001ed5   Thumb Code     6  stm32f10x_tim.o(.text)
    USART_DeInit                             0x08001edd   Thumb Code   134  stm32f10x_usart.o(.text)
    USART_Init                               0x08001f63   Thumb Code   210  stm32f10x_usart.o(.text)
    USART_StructInit                         0x08002035   Thumb Code    24  stm32f10x_usart.o(.text)
    USART_ClockInit                          0x0800204d   Thumb Code    34  stm32f10x_usart.o(.text)
    USART_ClockStructInit                    0x0800206f   Thumb Code    12  stm32f10x_usart.o(.text)
    USART_Cmd                                0x0800207b   Thumb Code    24  stm32f10x_usart.o(.text)
    USART_ITConfig                           0x08002093   Thumb Code    74  stm32f10x_usart.o(.text)
    USART_DMACmd                             0x080020dd   Thumb Code    18  stm32f10x_usart.o(.text)
    USART_SetAddress                         0x080020ef   Thumb Code    18  stm32f10x_usart.o(.text)
    USART_WakeUpConfig                       0x08002101   Thumb Code    18  stm32f10x_usart.o(.text)
    USART_ReceiverWakeUpCmd                  0x08002113   Thumb Code    24  stm32f10x_usart.o(.text)
    USART_LINBreakDetectLengthConfig         0x0800212b   Thumb Code    18  stm32f10x_usart.o(.text)
    USART_LINCmd                             0x0800213d   Thumb Code    24  stm32f10x_usart.o(.text)
    USART_SendData                           0x08002155   Thumb Code     8  stm32f10x_usart.o(.text)
    USART_ReceiveData                        0x0800215d   Thumb Code    10  stm32f10x_usart.o(.text)
    USART_SendBreak                          0x08002167   Thumb Code    10  stm32f10x_usart.o(.text)
    USART_SetGuardTime                       0x08002171   Thumb Code    16  stm32f10x_usart.o(.text)
    USART_SetPrescaler                       0x08002181   Thumb Code    16  stm32f10x_usart.o(.text)
    USART_SmartCardCmd                       0x08002191   Thumb Code    24  stm32f10x_usart.o(.text)
    USART_SmartCardNACKCmd                   0x080021a9   Thumb Code    24  stm32f10x_usart.o(.text)
    USART_HalfDuplexCmd                      0x080021c1   Thumb Code    24  stm32f10x_usart.o(.text)
    USART_OverSampling8Cmd                   0x080021d9   Thumb Code    22  stm32f10x_usart.o(.text)
    USART_OneBitMethodCmd                    0x080021ef   Thumb Code    24  stm32f10x_usart.o(.text)
    USART_IrDAConfig                         0x08002207   Thumb Code    18  stm32f10x_usart.o(.text)
    USART_IrDACmd                            0x08002219   Thumb Code    24  stm32f10x_usart.o(.text)
    USART_GetFlagStatus                      0x08002231   Thumb Code    26  stm32f10x_usart.o(.text)
    USART_ClearFlag                          0x0800224b   Thumb Code    18  stm32f10x_usart.o(.text)
    USART_GetITStatus                        0x0800225d   Thumb Code    84  stm32f10x_usart.o(.text)
    USART_ClearITPendingBit                  0x080022b1   Thumb Code    52  stm32f10x_usart.o(.text)
    delay_init                               0x080022e5   Thumb Code    50  delay.o(.text)
    delay_us                                 0x08002317   Thumb Code    72  delay.o(.text)
    delay_ms                                 0x0800235f   Thumb Code    72  delay.o(.text)
    _sys_exit                                0x080023b9   Thumb Code     6  usart.o(.text)
    fputc                                    0x080023bf   Thumb Code    24  usart.o(.text)
    uart_init                                0x080023d7   Thumb Code   152  usart.o(.text)
    USART1_IRQHandler                        0x0800246f   Thumb Code   122  usart.o(.text)
    Send_data                                0x080024e9   Thumb Code    58  usart.o(.text)
    TIM1_Int_Init                            0x08002539   Thumb Code   188  timer.o(.text)
    TIM3_Int_Init                            0x080025f5   Thumb Code    80  timer.o(.text)
    TIM3_IRQHandler                          0x08002645   Thumb Code     2  timer.o(.text)
    TIM4_Int_Init                            0x08002647   Thumb Code    80  timer.o(.text)
    TIM4_IRQHandler                          0x08002697   Thumb Code    38  timer.o(.text)
    MPU_Write_Byte                           0x080026d5   Thumb Code    68  mpu6050.o(.text)
    MPU_Set_LPF                              0x08002719   Thumb Code    58  mpu6050.o(.text)
    MPU_Set_Rate                             0x08002753   Thumb Code    58  mpu6050.o(.text)
    MPU_Read_Byte                            0x0800278d   Thumb Code    58  mpu6050.o(.text)
    MPU_Set_Accel_Fsr                        0x080027c7   Thumb Code    16  mpu6050.o(.text)
    MPU_Set_Gyro_Fsr                         0x080027d7   Thumb Code    16  mpu6050.o(.text)
    MPU_Init                                 0x080027e7   Thumb Code   122  mpu6050.o(.text)
    MPU_Read_Len                             0x08002861   Thumb Code   116  mpu6050.o(.text)
    MPU_Get_Temperature                      0x080028d5   Thumb Code    86  mpu6050.o(.text)
    MPU_Get_Gyroscope                        0x0800292b   Thumb Code    80  mpu6050.o(.text)
    MPU_Get_Accelerometer                    0x0800297b   Thumb Code    80  mpu6050.o(.text)
    MPU_Write_Len                            0x080029cb   Thumb Code    96  mpu6050.o(.text)
    MPU_IIC_Delay                            0x08002a3d   Thumb Code    10  mpuiic.o(.text)
    MPU_IIC_Init                             0x08002a47   Thumb Code    50  mpuiic.o(.text)
    MPU_IIC_Start                            0x08002a79   Thumb Code    64  mpuiic.o(.text)
    MPU_IIC_Stop                             0x08002ab9   Thumb Code    66  mpuiic.o(.text)
    MPU_IIC_Wait_Ack                         0x08002afb   Thumb Code    90  mpuiic.o(.text)
    MPU_IIC_Ack                              0x08002b55   Thumb Code    70  mpuiic.o(.text)
    MPU_IIC_NAck                             0x08002b9b   Thumb Code    70  mpuiic.o(.text)
    MPU_IIC_Send_Byte                        0x08002be1   Thumb Code    86  mpuiic.o(.text)
    MPU_IIC_Read_Byte                        0x08002c37   Thumb Code   100  mpuiic.o(.text)
    mpu_reg_dump                             0x08002d33   Thumb Code    84  inv_mpu.o(.text)
    mpu_read_reg                             0x08002d87   Thumb Code    66  inv_mpu.o(.text)
    mpu_set_int_latched                      0x08002dc9   Thumb Code   102  inv_mpu.o(.text)
    mpu_set_sensors                          0x08002e2f   Thumb Code   202  inv_mpu.o(.text)
    mpu_set_bypass                           0x08002ef9   Thumb Code   328  inv_mpu.o(.text)
    mpu_reset_fifo                           0x08003041   Thumb Code   472  inv_mpu.o(.text)
    mpu_configure_fifo                       0x08003219   Thumb Code   106  inv_mpu.o(.text)
    mpu_set_lpf                              0x08003283   Thumb Code   126  inv_mpu.o(.text)
    mpu_lp_accel_mode                        0x08003301   Thumb Code   218  inv_mpu.o(.text)
    mpu_set_sample_rate                      0x080033db   Thumb Code   152  inv_mpu.o(.text)
    mpu_set_accel_fsr                        0x08003473   Thumb Code   132  inv_mpu.o(.text)
    mpu_set_gyro_fsr                         0x080034f7   Thumb Code   132  inv_mpu.o(.text)
    mpu_init                                 0x0800357b   Thumb Code   416  inv_mpu.o(.text)
    mget_ms                                  0x0800371b   Thumb Code     2  inv_mpu.o(.text)
    mpu_get_gyro_reg                         0x0800371d   Thumb Code   110  inv_mpu.o(.text)
    mpu_get_accel_reg                        0x0800378b   Thumb Code   110  inv_mpu.o(.text)
    mpu_get_temperature                      0x080037f9   Thumb Code   150  inv_mpu.o(.text)
    mpu_set_accel_bias                       0x0800388f   Thumb Code   468  inv_mpu.o(.text)
    mpu_get_gyro_fsr                         0x08003a63   Thumb Code    64  inv_mpu.o(.text)
    mpu_get_accel_fsr                        0x08003aa3   Thumb Code    72  inv_mpu.o(.text)
    mpu_get_lpf                              0x08003aeb   Thumb Code    74  inv_mpu.o(.text)
    mpu_get_sample_rate                      0x08003b35   Thumb Code    26  inv_mpu.o(.text)
    mpu_get_compass_sample_rate              0x08003b4f   Thumb Code    10  inv_mpu.o(.text)
    mpu_set_compass_sample_rate              0x08003b59   Thumb Code     8  inv_mpu.o(.text)
    mpu_get_gyro_sens                        0x08003b61   Thumb Code    58  inv_mpu.o(.text)
    mpu_get_accel_sens                       0x08003b9b   Thumb Code    78  inv_mpu.o(.text)
    mpu_get_fifo_config                      0x08003be9   Thumb Code    12  inv_mpu.o(.text)
    mpu_get_power_state                      0x08003bf5   Thumb Code    22  inv_mpu.o(.text)
    mpu_get_int_status                       0x08003c0b   Thumb Code    64  inv_mpu.o(.text)
    mpu_read_fifo                            0x08003c4b   Thumb Code   520  inv_mpu.o(.text)
    mpu_read_fifo_stream                     0x08003e53   Thumb Code   186  inv_mpu.o(.text)
    mpu_set_int_level                        0x08003f0d   Thumb Code    12  inv_mpu.o(.text)
    mpu_set_dmp_state                        0x080045ed   Thumb Code   138  inv_mpu.o(.text)
    mpu_run_self_test                        0x08004677   Thumb Code   278  inv_mpu.o(.text)
    mpu_write_mem                            0x0800478d   Thumb Code   122  inv_mpu.o(.text)
    mpu_read_mem                             0x08004807   Thumb Code   122  inv_mpu.o(.text)
    mpu_load_firmware                        0x08004881   Thumb Code   190  inv_mpu.o(.text)
    mpu_get_dmp_state                        0x0800493f   Thumb Code    14  inv_mpu.o(.text)
    setup_compass                            0x0800494d   Thumb Code     6  inv_mpu.o(.text)
    mpu_get_compass_reg                      0x08004953   Thumb Code     8  inv_mpu.o(.text)
    mpu_get_compass_fsr                      0x0800495b   Thumb Code     8  inv_mpu.o(.text)
    mpu_lp_motion_interrupt                  0x08004963   Thumb Code   512  inv_mpu.o(.text)
    run_self_test                            0x08004b63   Thumb Code   148  inv_mpu.o(.text)
    inv_row_2_scale                          0x08004bf7   Thumb Code    78  inv_mpu.o(.text)
    inv_orientation_matrix_to_scalar         0x08004c45   Thumb Code    40  inv_mpu.o(.text)
    mpu_dmp_init                             0x08004c6d   Thumb Code   154  inv_mpu.o(.text)
    mpu_dmp_get_data                         0x08004d07   Thumb Code   554  inv_mpu.o(.text)
    dmp_load_motion_driver_firmware          0x08004f35   Thumb Code    20  inv_mpu_dmp_motion_driver.o(.text)
    dmp_set_orientation                      0x08004f49   Thumb Code   290  inv_mpu_dmp_motion_driver.o(.text)
    dmp_set_gyro_bias                        0x0800506b   Thumb Code   294  inv_mpu_dmp_motion_driver.o(.text)
    dmp_set_accel_bias                       0x08005191   Thumb Code   300  inv_mpu_dmp_motion_driver.o(.text)
    dmp_set_fifo_rate                        0x080052bd   Thumb Code   136  inv_mpu_dmp_motion_driver.o(.text)
    dmp_get_fifo_rate                        0x08005345   Thumb Code    12  inv_mpu_dmp_motion_driver.o(.text)
    dmp_set_tap_thresh                       0x08005351   Thumb Code   396  inv_mpu_dmp_motion_driver.o(.text)
    dmp_set_tap_axes                         0x080054dd   Thumb Code    70  inv_mpu_dmp_motion_driver.o(.text)
    dmp_set_tap_count                        0x08005523   Thumb Code    38  inv_mpu_dmp_motion_driver.o(.text)
    dmp_set_tap_time                         0x08005549   Thumb Code    38  inv_mpu_dmp_motion_driver.o(.text)
    dmp_set_tap_time_multi                   0x0800556f   Thumb Code    38  inv_mpu_dmp_motion_driver.o(.text)
    dmp_set_shake_reject_thresh              0x08005595   Thumb Code    56  inv_mpu_dmp_motion_driver.o(.text)
    dmp_set_shake_reject_time                0x080055cd   Thumb Code    38  inv_mpu_dmp_motion_driver.o(.text)
    dmp_set_shake_reject_timeout             0x080055f3   Thumb Code    38  inv_mpu_dmp_motion_driver.o(.text)
    dmp_get_pedometer_step_count             0x08005619   Thumb Code    66  inv_mpu_dmp_motion_driver.o(.text)
    dmp_set_pedometer_step_count             0x0800565b   Thumb Code    42  inv_mpu_dmp_motion_driver.o(.text)
    dmp_get_pedometer_walk_time              0x08005685   Thumb Code    72  inv_mpu_dmp_motion_driver.o(.text)
    dmp_set_pedometer_walk_time              0x080056cd   Thumb Code    48  inv_mpu_dmp_motion_driver.o(.text)
    dmp_enable_6x_lp_quat                    0x080056fd   Thumb Code    84  inv_mpu_dmp_motion_driver.o(.text)
    dmp_enable_lp_quat                       0x08005751   Thumb Code    60  inv_mpu_dmp_motion_driver.o(.text)
    dmp_enable_gyro_cal                      0x0800578d   Thumb Code    62  inv_mpu_dmp_motion_driver.o(.text)
    dmp_enable_feature                       0x080057cb   Thumb Code   530  inv_mpu_dmp_motion_driver.o(.text)
    dmp_get_enabled_features                 0x080059dd   Thumb Code    12  inv_mpu_dmp_motion_driver.o(.text)
    dmp_set_interrupt_mode                   0x08005a47   Thumb Code    66  inv_mpu_dmp_motion_driver.o(.text)
    dmp_read_fifo                            0x08005a89   Thumb Code   514  inv_mpu_dmp_motion_driver.o(.text)
    dmp_register_tap_cb                      0x08005c8b   Thumb Code    10  inv_mpu_dmp_motion_driver.o(.text)
    dmp_register_android_orient_cb           0x08005c95   Thumb Code    10  inv_mpu_dmp_motion_driver.o(.text)
    OLED_WR_Byte                             0x08005ca5   Thumb Code   100  oled.o(.text)
    OLED_DLY_ms                              0x08005d09   Thumb Code    24  oled.o(.text)
    OLED_WrDat                               0x08005d21   Thumb Code    96  oled.o(.text)
    OLED_WrCmd                               0x08005d81   Thumb Code    92  oled.o(.text)
    OLED_Fill                                0x08005ddd   Thumb Code    58  oled.o(.text)
    OLED_Init                                0x08005e17   Thumb Code   294  oled.o(.text)
    OLED_Set_Pos                             0x08005f3d   Thumb Code    36  oled.o(.text)
    OLED_CLS                                 0x08005f61   Thumb Code    56  oled.o(.text)
    adjust                                   0x08005f99   Thumb Code    12  oled.o(.text)
    SetStartColumn                           0x08005fa5   Thumb Code    44  oled.o(.text)
    SetAddressingMode                        0x08005fd1   Thumb Code    18  oled.o(.text)
    SetColumnAddress                         0x08005fe3   Thumb Code    26  oled.o(.text)
    SetPageAddress                           0x08005ffd   Thumb Code    26  oled.o(.text)
    SetStartLine                             0x08006017   Thumb Code    14  oled.o(.text)
    SetContrastControl                       0x08006025   Thumb Code    18  oled.o(.text)
    Set_Charge_Pump                          0x08006037   Thumb Code    20  oled.o(.text)
    Set_Segment_Remap                        0x0800604b   Thumb Code    14  oled.o(.text)
    Set_Entire_Display                       0x08006059   Thumb Code    14  oled.o(.text)
    Set_Inverse_Display                      0x08006067   Thumb Code    14  oled.o(.text)
    Set_Multiplex_Ratio                      0x08006075   Thumb Code    18  oled.o(.text)
    Set_Display_On_Off                       0x08006087   Thumb Code    22  oled.o(.text)
    SetStartPage                             0x0800609d   Thumb Code    14  oled.o(.text)
    Set_Common_Remap                         0x080060ab   Thumb Code    14  oled.o(.text)
    Set_Display_Offset                       0x080060b9   Thumb Code    18  oled.o(.text)
    Set_Display_Clock                        0x080060cb   Thumb Code    18  oled.o(.text)
    Set_Precharge_Period                     0x080060dd   Thumb Code    18  oled.o(.text)
    Set_Common_Config                        0x080060ef   Thumb Code    20  oled.o(.text)
    Set_VCOMH                                0x08006103   Thumb Code    18  oled.o(.text)
    Set_NOP                                  0x08006115   Thumb Code    10  oled.o(.text)
    OLED_P6x8Str                             0x0800611f   Thumb Code    96  oled.o(.text)
    OLED_P8x16Str                            0x0800617f   Thumb Code   130  oled.o(.text)
    OLED_P14x16Str                           0x08006201   Thumb Code   246  oled.o(.text)
    OLED_Print                               0x080062f7   Thumb Code   100  oled.o(.text)
    Dis_Char                                 0x0800635b   Thumb Code    34  oled.o(.text)
    Dis_String                               0x0800637d   Thumb Code   104  oled.o(.text)
    Dis_Num                                  0x080063e5   Thumb Code   160  oled.o(.text)
    Dis_Float                                0x08006485   Thumb Code   464  oled.o(.text)
    Dis_Float2                               0x08006655   Thumb Code   354  oled.o(.text)
    Draw_Logo                                0x080067b7   Thumb Code    50  oled.o(.text)
    OLED_DrawBMP                             0x080067e9   Thumb Code   118  oled.o(.text)
    OLED_P8x16Num_8bit                       0x0800685f   Thumb Code    60  oled.o(.text)
    OLED_P6x8Num_8bit                        0x0800689b   Thumb Code    60  oled.o(.text)
    OLED_Num                                 0x080068d7   Thumb Code    60  oled.o(.text)
    OLED_2num                                0x08006913   Thumb Code    58  oled.o(.text)
    OLED_3num                                0x0800694d   Thumb Code    84  oled.o(.text)
    OLED_4num                                0x080069a1   Thumb Code   134  oled.o(.text)
    OLED_Num5                                0x08006a27   Thumb Code   166  oled.o(.text)
    OLED_WR_Byte1                            0x08006acd   Thumb Code    92  oled.o(.text)
    OLED_Clear                               0x08006b29   Thumb Code    64  oled.o(.text)
    OLED_Set_Pos1                            0x08006b69   Thumb Code    46  oled.o(.text)
    OLED_ShowChar1                           0x08006b97   Thumb Code   102  oled.o(.text)
    OLED_ShowString1                         0x08006bfd   Thumb Code    54  oled.o(.text)
    OLED_ShowCHinese1                        0x08006c33   Thumb Code    88  oled.o(.text)
    display_page1                            0x08006c8b   Thumb Code   210  oled.o(.text)
    display_page2                            0x08006d5d   Thumb Code   200  oled.o(.text)
    display_page3                            0x08006e25   Thumb Code   260  oled.o(.text)
    display_page4                            0x08006f29   Thumb Code   208  oled.o(.text)
    OLED_SetChar                             0x08006ff9   Thumb Code   130  oled.o(.text)
    BUZZ_Init                                0x08007091   Thumb Code    60  control.o(.text)
    angle_get                                0x080070cd   Thumb Code    44  control.o(.text)
    data_process                             0x080070f9   Thumb Code   242  control.o(.text)
    Page1                                    0x080071eb   Thumb Code   174  control.o(.text)
    Adc_Init                                 0x0800730d   Thumb Code   132  adc.o(.text)
    Get_Adc                                  0x08007391   Thumb Code    46  adc.o(.text)
    Get_Adc_Average                          0x080073bf   Thumb Code    46  adc.o(.text)
    KEY_Init                                 0x080073f5   Thumb Code    32  key.o(.text)
    KEY_Scan                                 0x08007415   Thumb Code   110  key.o(.text)
    __use_no_semihosting                     0x0800748d   Thumb Code     2  use_no_semi_2.o(.text)
    __aeabi_ldivmod                          0x0800748f   Thumb Code     0  llsdiv.o(.text)
    _ll_sdiv                                 0x0800748f   Thumb Code    72  llsdiv.o(.text)
    __2printf                                0x080074d9   Thumb Code    20  noretval__2printf.o(.text)
    _printf_pre_padding                      0x080074f1   Thumb Code    44  _printf_pad.o(.text)
    _printf_post_padding                     0x0800751d   Thumb Code    34  _printf_pad.o(.text)
    _printf_int_dec                          0x08007541   Thumb Code   104  _printf_dec.o(.text)
    _printf_int_hex                          0x080075b9   Thumb Code    84  _printf_hex_int.o(.text)
    _printf_longlong_hex                     0x080075b9   Thumb Code     0  _printf_hex_int.o(.text)
    __printf                                 0x08007611   Thumb Code   308  __printf_flags_wp.o(.text)
    memcmp                                   0x08007749   Thumb Code    88  memcmp.o(.text)
    __aeabi_memset                           0x080077a1   Thumb Code    16  aeabi_memset.o(.text)
    __use_two_region_memory                  0x080077b1   Thumb Code     2  heapauxi.o(.text)
    __rt_heap_escrow$2region                 0x080077b3   Thumb Code     2  heapauxi.o(.text)
    __rt_heap_expand$2region                 0x080077b5   Thumb Code     2  heapauxi.o(.text)
    __I$use$semihosting                      0x080077b7   Thumb Code     0  use_no_semi.o(.text)
    __use_no_semihosting_swi                 0x080077b7   Thumb Code     2  use_no_semi.o(.text)
    __aeabi_uldivmod                         0x080077b9   Thumb Code     0  lludivv7m.o(.text)
    _ll_udiv                                 0x080077b9   Thumb Code   238  lludivv7m.o(.text)
    __read_errno                             0x080078a7   Thumb Code    10  _rserrno.o(.text)
    __set_errno                              0x080078b1   Thumb Code    12  _rserrno.o(.text)
    _printf_int_common                       0x080078bd   Thumb Code   178  _printf_intcommon.o(.text)
    _printf_char_file                        0x08007971   Thumb Code    32  _printf_char_file.o(.text)
    __aeabi_memclr                           0x08007995   Thumb Code     0  rt_memclr.o(.text)
    __rt_memclr                              0x08007995   Thumb Code    68  rt_memclr.o(.text)
    _memset                                  0x08007999   Thumb Code     0  rt_memclr.o(.text)
    __aeabi_errno_addr                       0x080079d9   Thumb Code     8  rt_errno_addr_intlibspace.o(.text)
    __errno$intlibspace                      0x080079d9   Thumb Code     0  rt_errno_addr_intlibspace.o(.text)
    __rt_errno_addr$intlibspace              0x080079d9   Thumb Code     0  rt_errno_addr_intlibspace.o(.text)
    _printf_char_common                      0x080079eb   Thumb Code    32  _printf_char_common.o(.text)
    ferror                                   0x08007a11   Thumb Code     8  ferror.o(.text)
    __aeabi_memclr4                          0x08007a19   Thumb Code     0  rt_memclr_w.o(.text)
    __aeabi_memclr8                          0x08007a19   Thumb Code     0  rt_memclr_w.o(.text)
    __rt_memclr_w                            0x08007a19   Thumb Code    78  rt_memclr_w.o(.text)
    _memset_w                                0x08007a1d   Thumb Code     0  rt_memclr_w.o(.text)
    __user_libspace                          0x08007a69   Thumb Code     8  libspace.o(.text)
    __user_perproc_libspace                  0x08007a69   Thumb Code     0  libspace.o(.text)
    __user_perthread_libspace                0x08007a69   Thumb Code     0  libspace.o(.text)
    __user_setup_stackheap                   0x08007a71   Thumb Code    74  sys_stackheap_outer.o(.text)
    exit                                     0x08007abb   Thumb Code    18  exit.o(.text)
    __ARM_fpclassify                         0x08007acd   Thumb Code    40  fpclassify.o(i.__ARM_fpclassify)
    __kernel_poly                            0x08007af5   Thumb Code   170  poly.o(i.__kernel_poly)
    __mathlib_dbl_infnan                     0x08007b9f   Thumb Code     6  dunder.o(i.__mathlib_dbl_infnan)
    __mathlib_dbl_infnan2                    0x08007ba5   Thumb Code     4  dunder.o(i.__mathlib_dbl_infnan2)
    __mathlib_dbl_invalid                    0x08007ba9   Thumb Code    12  dunder.o(i.__mathlib_dbl_invalid)
    __mathlib_dbl_underflow                  0x08007bb5   Thumb Code    10  dunder.o(i.__mathlib_dbl_underflow)
    _is_digit                                0x08007bc5   Thumb Code    14  __printf_wp.o(i._is_digit)
    asin                                     0x08007bd5   Thumb Code   572  asin.o(i.asin)
    atan                                     0x08007e45   Thumb Code   474  atan.o(i.atan)
    atan2                                    0x08008065   Thumb Code   346  atan2.o(i.atan2)
    sqrt                                     0x080081e5   Thumb Code    76  sqrt.o(i.sqrt)
    __aeabi_d2f                              0x08008231   Thumb Code     0  d2f.o(x$fpl$d2f)
    _d2f                                     0x08008231   Thumb Code    98  d2f.o(x$fpl$d2f)
    __aeabi_dadd                             0x08008295   Thumb Code     0  daddsub_clz.o(x$fpl$dadd)
    _dadd                                    0x08008295   Thumb Code   332  daddsub_clz.o(x$fpl$dadd)
    __fpl_dcheck_NaN1                        0x080083e5   Thumb Code    10  dcheck1.o(x$fpl$dcheck1)
    __fpl_dcmp_Inf                           0x080083f5   Thumb Code    24  dcmpi.o(x$fpl$dcmpinf)
    __aeabi_ddiv                             0x0800840d   Thumb Code     0  ddiv.o(x$fpl$ddiv)
    _ddiv                                    0x0800840d   Thumb Code   552  ddiv.o(x$fpl$ddiv)
    __aeabi_d2iz                             0x080086bd   Thumb Code     0  dfix.o(x$fpl$dfix)
    _dfix                                    0x080086bd   Thumb Code    94  dfix.o(x$fpl$dfix)
    __aeabi_d2uiz                            0x0800871d   Thumb Code     0  dfixu.o(x$fpl$dfixu)
    _dfixu                                   0x0800871d   Thumb Code    90  dfixu.o(x$fpl$dfixu)
    __aeabi_i2d                              0x08008777   Thumb Code     0  dflt_clz.o(x$fpl$dflt)
    _dflt                                    0x08008777   Thumb Code    46  dflt_clz.o(x$fpl$dflt)
    __aeabi_ui2d                             0x080087a5   Thumb Code     0  dflt_clz.o(x$fpl$dfltu)
    _dfltu                                   0x080087a5   Thumb Code    38  dflt_clz.o(x$fpl$dfltu)
    __aeabi_cdcmple                          0x080087cd   Thumb Code     0  dleqf.o(x$fpl$dleqf)
    _dcmple                                  0x080087cd   Thumb Code   120  dleqf.o(x$fpl$dleqf)
    __fpl_dcmple_InfNaN                      0x0800882f   Thumb Code     0  dleqf.o(x$fpl$dleqf)
    __aeabi_dmul                             0x08008845   Thumb Code     0  dmul.o(x$fpl$dmul)
    _dmul                                    0x08008845   Thumb Code   332  dmul.o(x$fpl$dmul)
    __fpl_dnaninf                            0x08008999   Thumb Code   156  dnaninf.o(x$fpl$dnaninf)
    __fpl_dretinf                            0x08008a35   Thumb Code    12  dretinf.o(x$fpl$dretinf)
    __aeabi_drsub                            0x08008a41   Thumb Code     0  daddsub_clz.o(x$fpl$drsb)
    _drsb                                    0x08008a41   Thumb Code    22  daddsub_clz.o(x$fpl$drsb)
    _dsqrt                                   0x08008a59   Thumb Code   456  dsqrt_noumaal.o(x$fpl$dsqrt)
    __aeabi_dsub                             0x08008c25   Thumb Code     0  daddsub_clz.o(x$fpl$dsub)
    _dsub                                    0x08008c25   Thumb Code   464  daddsub_clz.o(x$fpl$dsub)
    __aeabi_f2d                              0x08008df9   Thumb Code     0  f2d.o(x$fpl$f2d)
    _f2d                                     0x08008df9   Thumb Code    86  f2d.o(x$fpl$f2d)
    __aeabi_fadd                             0x08008e51   Thumb Code     0  faddsub_clz.o(x$fpl$fadd)
    _fadd                                    0x08008e51   Thumb Code   196  faddsub_clz.o(x$fpl$fadd)
    __fpl_fcmp_Inf                           0x08008f15   Thumb Code    24  fcmpi.o(x$fpl$fcmpinf)
    __aeabi_fdiv                             0x08008f2d   Thumb Code     0  fdiv.o(x$fpl$fdiv)
    _fdiv                                    0x08008f2d   Thumb Code   384  fdiv.o(x$fpl$fdiv)
    __aeabi_cfcmpeq                          0x080090b1   Thumb Code     0  feqf.o(x$fpl$feqf)
    _fcmpeq                                  0x080090b1   Thumb Code   104  feqf.o(x$fpl$feqf)
    __aeabi_f2iz                             0x08009119   Thumb Code     0  ffix.o(x$fpl$ffix)
    _ffix                                    0x08009119   Thumb Code    54  ffix.o(x$fpl$ffix)
    __aeabi_f2uiz                            0x08009151   Thumb Code     0  ffixu.o(x$fpl$ffixu)
    _ffixu                                   0x08009151   Thumb Code    62  ffixu.o(x$fpl$ffixu)
    __aeabi_i2f                              0x08009191   Thumb Code     0  fflt_clz.o(x$fpl$fflt)
    _fflt                                    0x08009191   Thumb Code    48  fflt_clz.o(x$fpl$fflt)
    __aeabi_ui2f                             0x080091c1   Thumb Code     0  fflt_clz.o(x$fpl$ffltu)
    _ffltu                                   0x080091c1   Thumb Code    38  fflt_clz.o(x$fpl$ffltu)
    __aeabi_cfcmple                          0x080091e9   Thumb Code     0  fleqf.o(x$fpl$fleqf)
    _fcmple                                  0x080091e9   Thumb Code   104  fleqf.o(x$fpl$fleqf)
    __fpl_fcmple_InfNaN                      0x0800923b   Thumb Code     0  fleqf.o(x$fpl$fleqf)
    __aeabi_fmul                             0x08009251   Thumb Code     0  fmul.o(x$fpl$fmul)
    _fmul                                    0x08009251   Thumb Code   258  fmul.o(x$fpl$fmul)
    __fpl_fnaninf                            0x08009353   Thumb Code   140  fnaninf.o(x$fpl$fnaninf)
    __fpl_fretinf                            0x080093df   Thumb Code    10  fretinf.o(x$fpl$fretinf)
    __aeabi_cfrcmple                         0x080093e9   Thumb Code     0  frleqf.o(x$fpl$frleqf)
    _frcmple                                 0x080093e9   Thumb Code    98  frleqf.o(x$fpl$frleqf)
    __aeabi_fsub                             0x0800944d   Thumb Code     0  faddsub_clz.o(x$fpl$fsub)
    _fsub                                    0x0800944d   Thumb Code   234  faddsub_clz.o(x$fpl$fsub)
    __fpl_return_NaN                         0x08009537   Thumb Code   100  retnan.o(x$fpl$retnan)
    __ARM_scalbn                             0x0800959b   Thumb Code    92  scalbn.o(x$fpl$scalbn)
    __fpl_cmpreturn                          0x080095f7   Thumb Code    48  trapv.o(x$fpl$trapveneer)
    __I$use$fp                               0x08009626   Number         0  usenofp.o(x$fpl$usenofp)
    reg                                      0x08009628   Data          27  inv_mpu.o(.constdata)
    hw                                       0x08009644   Data          12  inv_mpu.o(.constdata)
    test                                     0x08009650   Data          40  inv_mpu.o(.constdata)
    F6x8                                     0x0800a26e   Data         552  oled.o(.constdata)
    F14x16_Idx                               0x0800a496   Data          17  oled.o(.constdata)
    F14x16                                   0x0800a4a7   Data         224  oled.o(.constdata)
    F8X16                                    0x0800a587   Data        1520  oled.o(.constdata)
    LOGO128x64                               0x0800ab77   Data        1024  oled.o(.constdata)
    Hzk                                      0x0800af77   Data        2176  oled.o(.constdata)
    JMU_LOGO                                 0x0800b7f7   Data         960  oled.o(.constdata)
    ETA_LOGO1                                0x0800bbb7   Data         880  oled.o(.constdata)
    ETA_LOGO2                                0x0800bf27   Data         770  oled.o(.constdata)
    __mathlib_zero                           0x0800c350   Data           8  qnan.o(.constdata)
    Region$$Table$$Base                      0x0800c3a8   Number         0  anon$$obj.o(Region$$Table)
    Region$$Table$$Limit                     0x0800c3c8   Number         0  anon$$obj.o(Region$$Table)
    pitch                                    0x20000000   Data           4  main.o(.data)
    roll                                     0x20000004   Data           4  main.o(.data)
    yaw                                      0x20000008   Data           4  main.o(.data)
    aacx                                     0x2000000c   Data           2  main.o(.data)
    aacy                                     0x2000000e   Data           2  main.o(.data)
    aacz                                     0x20000010   Data           2  main.o(.data)
    gyrox                                    0x20000012   Data           2  main.o(.data)
    gyroy                                    0x20000014   Data           2  main.o(.data)
    gyroz                                    0x20000016   Data           2  main.o(.data)
    temp                                     0x20000018   Data           2  main.o(.data)
    week                                     0x2000001a   Data           1  main.o(.data)
    SystemCoreClock                          0x2000001c   Data           4  system_stm32f10x.o(.data)
    AHBPrescTable                            0x20000020   Data          16  system_stm32f10x.o(.data)
    __stdout                                 0x20000048   Data           4  usart.o(.data)
    USART_RX_STA                             0x2000004c   Data           2  usart.o(.data)
    send_count                               0x2000004e   Data           1  usart.o(.data)
    tempI1                                   0x20000086   Data           2  oled.o(.data)
    tempI2                                   0x20000088   Data           2  oled.o(.data)
    tempI3                                   0x2000008a   Data           2  oled.o(.data)
    tempI4                                   0x2000008c   Data           2  oled.o(.data)
    tempV1                                   0x2000008e   Data           2  oled.o(.data)
    tempV2                                   0x20000090   Data           2  oled.o(.data)
    tempV3                                   0x20000092   Data           2  oled.o(.data)
    tempV4                                   0x20000094   Data           2  oled.o(.data)
    send_data                                0x20000098   Data           8  control.o(.data)
    test_1                                   0x200000a0   Data           2  control.o(.data)
    test_size                                0x200000a4   Data           4  control.o(.data)
    pitch_L                                  0x200000a8   Data           2  control.o(.data)
    pitch_H                                  0x200000aa   Data           2  control.o(.data)
    roll_L                                   0x200000ac   Data           2  control.o(.data)
    roll_H                                   0x200000ae   Data           2  control.o(.data)
    yaw_L                                    0x200000b0   Data           2  control.o(.data)
    yaw_H                                    0x200000b2   Data           2  control.o(.data)
    Pitch                                    0x200000b4   Data           2  control.o(.data)
    Roll                                     0x200000b6   Data           2  control.o(.data)
    Yaw                                      0x200000b8   Data           2  control.o(.data)
    USART_RX_BUF                             0x200000bc   Data         200  usart.o(.bss)
    __libspace_start                         0x20000194   Data          96  libspace.o(.bss)
    __temporary_stack_top$libspace           0x200001f4   Data           0  libspace.o(.bss)



==============================================================================

Memory Map of the image

  Image Entry point : 0x08000131

  Load Region LR_IROM1 (Base: 0x08000000, Size: 0x0000c484, Max: 0x00040000, ABSOLUTE)

    Execution Region ER_IROM1 (Exec base: 0x08000000, Load base: 0x08000000, Size: 0x0000c3c8, Max: 0x00040000, ABSOLUTE)

    Exec Addr    Load Addr    Size         Type   Attr      Idx    E Section Name        Object

    0x08000000   0x08000000   0x00000130   Data   RO          192    RESET               startup_stm32f10x_hd.o
    0x08000130   0x08000130   0x00000008   Code   RO          777  * !!!main             c_w.l(__main.o)
    0x08000138   0x08000138   0x00000034   Code   RO         1110    !!!scatter          c_w.l(__scatter.o)
    0x0800016c   0x0800016c   0x0000001a   Code   RO         1112    !!handler_copy      c_w.l(__scatter_copy.o)
    0x08000186   0x08000186   0x00000002   PAD
    0x08000188   0x08000188   0x0000001c   Code   RO         1114    !!handler_zi        c_w.l(__scatter_zi.o)
    0x080001a4   0x080001a4   0x00000000   Code   RO          770    .ARM.Collect$$_printf_percent$$00000000  c_w.l(_printf_percent.o)
    0x080001a4   0x080001a4   0x00000006   Code   RO          769    .ARM.Collect$$_printf_percent$$00000009  c_w.l(_printf_d.o)
    0x080001aa   0x080001aa   0x00000006   Code   RO          768    .ARM.Collect$$_printf_percent$$0000000C  c_w.l(_printf_x.o)
    0x080001b0   0x080001b0   0x00000004   Code   RO          872    .ARM.Collect$$_printf_percent$$00000017  c_w.l(_printf_percent_end.o)
    0x080001b4   0x080001b4   0x00000002   Code   RO          979    .ARM.Collect$$libinit$$00000000  c_w.l(libinit.o)
    0x080001b6   0x080001b6   0x00000000   Code   RO          989    .ARM.Collect$$libinit$$00000002  c_w.l(libinit2.o)
    0x080001b6   0x080001b6   0x00000000   Code   RO          991    .ARM.Collect$$libinit$$00000004  c_w.l(libinit2.o)
    0x080001b6   0x080001b6   0x00000000   Code   RO          994    .ARM.Collect$$libinit$$0000000A  c_w.l(libinit2.o)
    0x080001b6   0x080001b6   0x00000000   Code   RO          996    .ARM.Collect$$libinit$$0000000C  c_w.l(libinit2.o)
    0x080001b6   0x080001b6   0x00000000   Code   RO          998    .ARM.Collect$$libinit$$0000000E  c_w.l(libinit2.o)
    0x080001b6   0x080001b6   0x00000000   Code   RO         1001    .ARM.Collect$$libinit$$00000011  c_w.l(libinit2.o)
    0x080001b6   0x080001b6   0x00000000   Code   RO         1003    .ARM.Collect$$libinit$$00000013  c_w.l(libinit2.o)
    0x080001b6   0x080001b6   0x00000000   Code   RO         1005    .ARM.Collect$$libinit$$00000015  c_w.l(libinit2.o)
    0x080001b6   0x080001b6   0x00000000   Code   RO         1007    .ARM.Collect$$libinit$$00000017  c_w.l(libinit2.o)
    0x080001b6   0x080001b6   0x00000000   Code   RO         1009    .ARM.Collect$$libinit$$00000019  c_w.l(libinit2.o)
    0x080001b6   0x080001b6   0x00000000   Code   RO         1011    .ARM.Collect$$libinit$$0000001B  c_w.l(libinit2.o)
    0x080001b6   0x080001b6   0x00000000   Code   RO         1013    .ARM.Collect$$libinit$$0000001D  c_w.l(libinit2.o)
    0x080001b6   0x080001b6   0x00000000   Code   RO         1015    .ARM.Collect$$libinit$$0000001F  c_w.l(libinit2.o)
    0x080001b6   0x080001b6   0x00000000   Code   RO         1017    .ARM.Collect$$libinit$$00000021  c_w.l(libinit2.o)
    0x080001b6   0x080001b6   0x00000000   Code   RO         1019    .ARM.Collect$$libinit$$00000023  c_w.l(libinit2.o)
    0x080001b6   0x080001b6   0x00000000   Code   RO         1021    .ARM.Collect$$libinit$$00000025  c_w.l(libinit2.o)
    0x080001b6   0x080001b6   0x00000000   Code   RO         1025    .ARM.Collect$$libinit$$0000002C  c_w.l(libinit2.o)
    0x080001b6   0x080001b6   0x00000000   Code   RO         1027    .ARM.Collect$$libinit$$0000002E  c_w.l(libinit2.o)
    0x080001b6   0x080001b6   0x00000000   Code   RO         1029    .ARM.Collect$$libinit$$00000030  c_w.l(libinit2.o)
    0x080001b6   0x080001b6   0x00000000   Code   RO         1031    .ARM.Collect$$libinit$$00000032  c_w.l(libinit2.o)
    0x080001b6   0x080001b6   0x00000002   Code   RO         1032    .ARM.Collect$$libinit$$00000033  c_w.l(libinit2.o)
    0x080001b8   0x080001b8   0x00000002   Code   RO         1062    .ARM.Collect$$libshutdown$$00000000  c_w.l(libshutdown.o)
    0x080001ba   0x080001ba   0x00000000   Code   RO         1076    .ARM.Collect$$libshutdown$$00000002  c_w.l(libshutdown2.o)
    0x080001ba   0x080001ba   0x00000000   Code   RO         1078    .ARM.Collect$$libshutdown$$00000004  c_w.l(libshutdown2.o)
    0x080001ba   0x080001ba   0x00000000   Code   RO         1081    .ARM.Collect$$libshutdown$$00000007  c_w.l(libshutdown2.o)
    0x080001ba   0x080001ba   0x00000000   Code   RO         1084    .ARM.Collect$$libshutdown$$0000000A  c_w.l(libshutdown2.o)
    0x080001ba   0x080001ba   0x00000000   Code   RO         1086    .ARM.Collect$$libshutdown$$0000000C  c_w.l(libshutdown2.o)
    0x080001ba   0x080001ba   0x00000000   Code   RO         1089    .ARM.Collect$$libshutdown$$0000000F  c_w.l(libshutdown2.o)
    0x080001ba   0x080001ba   0x00000002   Code   RO         1090    .ARM.Collect$$libshutdown$$00000010  c_w.l(libshutdown2.o)
    0x080001bc   0x080001bc   0x00000000   Code   RO          863    .ARM.Collect$$rtentry$$00000000  c_w.l(__rtentry.o)
    0x080001bc   0x080001bc   0x00000000   Code   RO          928    .ARM.Collect$$rtentry$$00000002  c_w.l(__rtentry2.o)
    0x080001bc   0x080001bc   0x00000006   Code   RO          940    .ARM.Collect$$rtentry$$00000004  c_w.l(__rtentry4.o)
    0x080001c2   0x080001c2   0x00000000   Code   RO          930    .ARM.Collect$$rtentry$$00000009  c_w.l(__rtentry2.o)
    0x080001c2   0x080001c2   0x00000004   Code   RO          931    .ARM.Collect$$rtentry$$0000000A  c_w.l(__rtentry2.o)
    0x080001c6   0x080001c6   0x00000000   Code   RO          933    .ARM.Collect$$rtentry$$0000000C  c_w.l(__rtentry2.o)
    0x080001c6   0x080001c6   0x00000008   Code   RO          934    .ARM.Collect$$rtentry$$0000000D  c_w.l(__rtentry2.o)
    0x080001ce   0x080001ce   0x00000002   Code   RO          982    .ARM.Collect$$rtexit$$00000000  c_w.l(rtexit.o)
    0x080001d0   0x080001d0   0x00000000   Code   RO         1036    .ARM.Collect$$rtexit$$00000002  c_w.l(rtexit2.o)
    0x080001d0   0x080001d0   0x00000004   Code   RO         1037    .ARM.Collect$$rtexit$$00000003  c_w.l(rtexit2.o)
    0x080001d4   0x080001d4   0x00000006   Code   RO         1038    .ARM.Collect$$rtexit$$00000004  c_w.l(rtexit2.o)
    0x080001da   0x080001da   0x00000002   PAD
    0x080001dc   0x080001dc   0x0000007c   Code   RO            1    .text               main.o
    0x08000258   0x08000258   0x0000001a   Code   RO          146    .text               stm32f10x_it.o
    0x08000272   0x08000272   0x00000002   PAD
    0x08000274   0x08000274   0x000001e0   Code   RO          161    .text               system_stm32f10x.o
    0x08000454   0x08000454   0x00000040   Code   RO          193    .text               startup_stm32f10x_hd.o
    0x08000494   0x08000494   0x000000dc   Code   RO          197    .text               misc.o
    0x08000570   0x08000570   0x0000044e   Code   RO          235    .text               stm32f10x_adc.o
    0x080009be   0x080009be   0x00000002   PAD
    0x080009c0   0x080009c0   0x0000035c   Code   RO          367    .text               stm32f10x_gpio.o
    0x08000d1c   0x08000d1c   0x000003a4   Code   RO          415    .text               stm32f10x_rcc.o
    0x080010c0   0x080010c0   0x00000e1a   Code   RO          465    .text               stm32f10x_tim.o
    0x08001eda   0x08001eda   0x00000002   PAD
    0x08001edc   0x08001edc   0x00000408   Code   RO          477    .text               stm32f10x_usart.o
    0x080022e4   0x080022e4   0x000000d4   Code   RO          501    .text               delay.o
    0x080023b8   0x080023b8   0x00000180   Code   RO          531    .text               usart.o
    0x08002538   0x08002538   0x0000019c   Code   RO          554    .text               timer.o
    0x080026d4   0x080026d4   0x00000368   Code   RO          571    .text               mpu6050.o
    0x08002a3c   0x08002a3c   0x0000026c   Code   RO          583    .text               mpuiic.o
    0x08002ca8   0x08002ca8   0x0000228c   Code   RO          595    .text               inv_mpu.o
    0x08004f34   0x08004f34   0x00000d70   Code   RO          625    .text               inv_mpu_dmp_motion_driver.o
    0x08005ca4   0x08005ca4   0x000013ec   Code   RO          650    .text               oled.o
    0x08007090   0x08007090   0x0000027c   Code   RO          669    .text               control.o
    0x0800730c   0x0800730c   0x000000e8   Code   RO          685    .text               adc.o
    0x080073f4   0x080073f4   0x00000098   Code   RO          697    .text               key.o
    0x0800748c   0x0800748c   0x00000002   Code   RO          713    .text               c_w.l(use_no_semi_2.o)
    0x0800748e   0x0800748e   0x00000048   Code   RO          715    .text               c_w.l(llsdiv.o)
    0x080074d6   0x080074d6   0x00000002   PAD
    0x080074d8   0x080074d8   0x00000018   Code   RO          719    .text               c_w.l(noretval__2printf.o)
    0x080074f0   0x080074f0   0x0000004e   Code   RO          723    .text               c_w.l(_printf_pad.o)
    0x0800753e   0x0800753e   0x00000002   PAD
    0x08007540   0x08007540   0x00000078   Code   RO          725    .text               c_w.l(_printf_dec.o)
    0x080075b8   0x080075b8   0x00000058   Code   RO          730    .text               c_w.l(_printf_hex_int.o)
    0x08007610   0x08007610   0x00000138   Code   RO          760    .text               c_w.l(__printf_flags_wp.o)
    0x08007748   0x08007748   0x00000058   Code   RO          771    .text               c_w.l(memcmp.o)
    0x080077a0   0x080077a0   0x00000010   Code   RO          773    .text               c_w.l(aeabi_memset.o)
    0x080077b0   0x080077b0   0x00000006   Code   RO          775    .text               c_w.l(heapauxi.o)
    0x080077b6   0x080077b6   0x00000002   Code   RO          861    .text               c_w.l(use_no_semi.o)
    0x080077b8   0x080077b8   0x000000ee   Code   RO          864    .text               c_w.l(lludivv7m.o)
    0x080078a6   0x080078a6   0x00000016   Code   RO          866    .text               c_w.l(_rserrno.o)
    0x080078bc   0x080078bc   0x000000b2   Code   RO          868    .text               c_w.l(_printf_intcommon.o)
    0x0800796e   0x0800796e   0x00000002   PAD
    0x08007970   0x08007970   0x00000024   Code   RO          870    .text               c_w.l(_printf_char_file.o)
    0x08007994   0x08007994   0x00000044   Code   RO          873    .text               c_w.l(rt_memclr.o)
    0x080079d8   0x080079d8   0x00000008   Code   RO          949    .text               c_w.l(rt_errno_addr_intlibspace.o)
    0x080079e0   0x080079e0   0x00000030   Code   RO          951    .text               c_w.l(_printf_char_common.o)
    0x08007a10   0x08007a10   0x00000008   Code   RO          953    .text               c_w.l(ferror.o)
    0x08007a18   0x08007a18   0x0000004e   Code   RO          957    .text               c_w.l(rt_memclr_w.o)
    0x08007a66   0x08007a66   0x00000002   PAD
    0x08007a68   0x08007a68   0x00000008   Code   RO          963    .text               c_w.l(libspace.o)
    0x08007a70   0x08007a70   0x0000004a   Code   RO          966    .text               c_w.l(sys_stackheap_outer.o)
    0x08007aba   0x08007aba   0x00000012   Code   RO          972    .text               c_w.l(exit.o)
    0x08007acc   0x08007acc   0x00000028   Code   RO          914    i.__ARM_fpclassify  m_ws.l(fpclassify.o)
    0x08007af4   0x08007af4   0x000000aa   Code   RO          916    i.__kernel_poly     m_ws.l(poly.o)
    0x08007b9e   0x08007b9e   0x00000006   Code   RO          901    i.__mathlib_dbl_infnan  m_ws.l(dunder.o)
    0x08007ba4   0x08007ba4   0x00000004   Code   RO          902    i.__mathlib_dbl_infnan2  m_ws.l(dunder.o)
    0x08007ba8   0x08007ba8   0x0000000c   Code   RO          903    i.__mathlib_dbl_invalid  m_ws.l(dunder.o)
    0x08007bb4   0x08007bb4   0x00000010   Code   RO          906    i.__mathlib_dbl_underflow  m_ws.l(dunder.o)
    0x08007bc4   0x08007bc4   0x0000000e   Code   RO          758    i._is_digit         c_w.l(__printf_wp.o)
    0x08007bd2   0x08007bd2   0x00000002   PAD
    0x08007bd4   0x08007bd4   0x00000270   Code   RO          844    i.asin              m_ws.l(asin.o)
    0x08007e44   0x08007e44   0x00000220   Code   RO          891    i.atan              m_ws.l(atan.o)
    0x08008064   0x08008064   0x00000180   Code   RO          854    i.atan2             m_ws.l(atan2.o)
    0x080081e4   0x080081e4   0x0000004c   Code   RO          920    i.sqrt              m_ws.l(sqrt.o)
    0x08008230   0x08008230   0x00000062   Code   RO          779    x$fpl$d2f           fz_ws.l(d2f.o)
    0x08008292   0x08008292   0x00000002   PAD
    0x08008294   0x08008294   0x00000150   Code   RO          781    x$fpl$dadd          fz_ws.l(daddsub_clz.o)
    0x080083e4   0x080083e4   0x00000010   Code   RO          959    x$fpl$dcheck1       fz_ws.l(dcheck1.o)
    0x080083f4   0x080083f4   0x00000018   Code   RO          875    x$fpl$dcmpinf       fz_ws.l(dcmpi.o)
    0x0800840c   0x0800840c   0x000002b0   Code   RO          788    x$fpl$ddiv          fz_ws.l(ddiv.o)
    0x080086bc   0x080086bc   0x0000005e   Code   RO          791    x$fpl$dfix          fz_ws.l(dfix.o)
    0x0800871a   0x0800871a   0x00000002   PAD
    0x0800871c   0x0800871c   0x0000005a   Code   RO          795    x$fpl$dfixu         fz_ws.l(dfixu.o)
    0x08008776   0x08008776   0x0000002e   Code   RO          800    x$fpl$dflt          fz_ws.l(dflt_clz.o)
    0x080087a4   0x080087a4   0x00000026   Code   RO          799    x$fpl$dfltu         fz_ws.l(dflt_clz.o)
    0x080087ca   0x080087ca   0x00000002   PAD
    0x080087cc   0x080087cc   0x00000078   Code   RO          805    x$fpl$dleqf         fz_ws.l(dleqf.o)
    0x08008844   0x08008844   0x00000154   Code   RO          807    x$fpl$dmul          fz_ws.l(dmul.o)
    0x08008998   0x08008998   0x0000009c   Code   RO          877    x$fpl$dnaninf       fz_ws.l(dnaninf.o)
    0x08008a34   0x08008a34   0x0000000c   Code   RO          879    x$fpl$dretinf       fz_ws.l(dretinf.o)
    0x08008a40   0x08008a40   0x00000016   Code   RO          782    x$fpl$drsb          fz_ws.l(daddsub_clz.o)
    0x08008a56   0x08008a56   0x00000002   PAD
    0x08008a58   0x08008a58   0x000001cc   Code   RO          961    x$fpl$dsqrt         fz_ws.l(dsqrt_noumaal.o)
    0x08008c24   0x08008c24   0x000001d4   Code   RO          783    x$fpl$dsub          fz_ws.l(daddsub_clz.o)
    0x08008df8   0x08008df8   0x00000056   Code   RO          809    x$fpl$f2d           fz_ws.l(f2d.o)
    0x08008e4e   0x08008e4e   0x00000002   PAD
    0x08008e50   0x08008e50   0x000000c4   Code   RO          811    x$fpl$fadd          fz_ws.l(faddsub_clz.o)
    0x08008f14   0x08008f14   0x00000018   Code   RO          881    x$fpl$fcmpinf       fz_ws.l(fcmpi.o)
    0x08008f2c   0x08008f2c   0x00000184   Code   RO          818    x$fpl$fdiv          fz_ws.l(fdiv.o)
    0x080090b0   0x080090b0   0x00000068   Code   RO          821    x$fpl$feqf          fz_ws.l(feqf.o)
    0x08009118   0x08009118   0x00000036   Code   RO          823    x$fpl$ffix          fz_ws.l(ffix.o)
    0x0800914e   0x0800914e   0x00000002   PAD
    0x08009150   0x08009150   0x0000003e   Code   RO          827    x$fpl$ffixu         fz_ws.l(ffixu.o)
    0x0800918e   0x0800918e   0x00000002   PAD
    0x08009190   0x08009190   0x00000030   Code   RO          832    x$fpl$fflt          fz_ws.l(fflt_clz.o)
    0x080091c0   0x080091c0   0x00000026   Code   RO          831    x$fpl$ffltu         fz_ws.l(fflt_clz.o)
    0x080091e6   0x080091e6   0x00000002   PAD
    0x080091e8   0x080091e8   0x00000068   Code   RO          837    x$fpl$fleqf         fz_ws.l(fleqf.o)
    0x08009250   0x08009250   0x00000102   Code   RO          839    x$fpl$fmul          fz_ws.l(fmul.o)
    0x08009352   0x08009352   0x0000008c   Code   RO          883    x$fpl$fnaninf       fz_ws.l(fnaninf.o)
    0x080093de   0x080093de   0x0000000a   Code   RO          885    x$fpl$fretinf       fz_ws.l(fretinf.o)
    0x080093e8   0x080093e8   0x00000062   Code   RO          841    x$fpl$frleqf        fz_ws.l(frleqf.o)
    0x0800944a   0x0800944a   0x00000002   PAD
    0x0800944c   0x0800944c   0x000000ea   Code   RO          813    x$fpl$fsub          fz_ws.l(faddsub_clz.o)
    0x08009536   0x08009536   0x00000064   Code   RO          980    x$fpl$retnan        fz_ws.l(retnan.o)
    0x0800959a   0x0800959a   0x0000005c   Code   RO          887    x$fpl$scalbn        fz_ws.l(scalbn.o)
    0x080095f6   0x080095f6   0x00000030   Code   RO         1033    x$fpl$trapveneer    fz_ws.l(trapv.o)
    0x08009626   0x08009626   0x00000000   Code   RO          889    x$fpl$usenofp       fz_ws.l(usenofp.o)
    0x08009626   0x08009626   0x00000002   PAD
    0x08009628   0x08009628   0x00000050   Data   RO          596    .constdata          inv_mpu.o
    0x08009678   0x08009678   0x00000bf6   Data   RO          627    .constdata          inv_mpu_dmp_motion_driver.o
    0x0800a26e   0x0800a26e   0x00001fbb   Data   RO          651    .constdata          oled.o
    0x0800c229   0x0800c229   0x00000028   Data   RO          731    .constdata          c_w.l(_printf_hex_int.o)
    0x0800c251   0x0800c251   0x00000011   Data   RO          761    .constdata          c_w.l(__printf_flags_wp.o)
    0x0800c262   0x0800c262   0x00000006   PAD
    0x0800c268   0x0800c268   0x00000050   Data   RO          845    .constdata          m_ws.l(asin.o)
    0x0800c2b8   0x0800c2b8   0x00000098   Data   RO          892    .constdata          m_ws.l(atan.o)
    0x0800c350   0x0800c350   0x00000008   Data   RO          918    .constdata          m_ws.l(qnan.o)
    0x0800c358   0x0800c358   0x0000004d   Data   RO          597    .conststring        inv_mpu.o
    0x0800c3a5   0x0800c3a5   0x00000003   PAD
    0x0800c3a8   0x0800c3a8   0x00000020   Data   RO         1108    Region$$Table       anon$$obj.o


    Execution Region RW_IRAM1 (Exec base: 0x20000000, Load base: 0x0800c3c8, Size: 0x000007f8, Max: 0x0000c000, ABSOLUTE)

    Exec Addr    Load Addr    Size         Type   Attr      Idx    E Section Name        Object

    0x20000000   0x0800c3c8   0x0000001b   Data   RW            2    .data               main.o
    0x2000001b   0x0800c3e3   0x00000001   PAD
    0x2000001c   0x0800c3e4   0x00000014   Data   RW          162    .data               system_stm32f10x.o
    0x20000030   0x0800c3f8   0x00000014   Data   RW          416    .data               stm32f10x_rcc.o
    0x20000044   0x0800c40c   0x00000004   Data   RW          502    .data               delay.o
    0x20000048   0x0800c410   0x00000007   Data   RW          533    .data               usart.o
    0x2000004f   0x0800c417   0x00000001   PAD
    0x20000050   0x0800c418   0x00000035   Data   RW          598    .data               inv_mpu.o
    0x20000085   0x0800c44d   0x00000001   PAD
    0x20000086   0x0800c44e   0x00000010   Data   RW          652    .data               oled.o
    0x20000096   0x0800c45e   0x00000002   PAD
    0x20000098   0x0800c460   0x00000022   Data   RW          670    .data               control.o
    0x200000ba   0x0800c482   0x00000001   Data   RW          698    .data               key.o
    0x200000bb   0x0800c483   0x00000001   PAD
    0x200000bc        -       0x000000c8   Zero   RW          532    .bss                usart.o
    0x20000184        -       0x00000010   Zero   RW          626    .bss                inv_mpu_dmp_motion_driver.o
    0x20000194        -       0x00000060   Zero   RW          964    .bss                c_w.l(libspace.o)
    0x200001f4   0x0800c483   0x00000004   PAD
    0x200001f8        -       0x00000200   Zero   RW          191    HEAP                startup_stm32f10x_hd.o
    0x200003f8        -       0x00000400   Zero   RW          190    STACK               startup_stm32f10x_hd.o


==============================================================================

Image component sizes


      Code (inc. data)   RO Data    RW Data    ZI Data      Debug   Object Name

       232          8          0          0          0       1091   adc.o
       636        116          0         34          0       2334   control.o
         0          0          0          0          0         32   core_cm3.o
       212         18          0          4          0       1019   delay.o
      8844        196        157         53          0      23973   inv_mpu.o
      3440        126       3062          0         16      15399   inv_mpu_dmp_motion_driver.o
       152         10          0          1          0        764   key.o
       124         18          0         27          0     252766   main.o
       220         22          0          0          0     215553   misc.o
       872         18          0          0          0       4359   mpu6050.o
       620         14          0          0          0       2054   mpuiic.o
      5100        122       8123         16          0      17051   oled.o
        64         26        304          0       1536        780   startup_stm32f10x_hd.o
      1102         26          0          0          0      11017   stm32f10x_adc.o
       860         38          0          0          0       5709   stm32f10x_gpio.o
        26          0          0          0          0       1166   stm32f10x_it.o
       932         36          0         20          0       8872   stm32f10x_rcc.o
      3610         88          0          0          0      22816   stm32f10x_tim.o
      1032         22          0          0          0       8432   stm32f10x_usart.o
       480         38          0         20          0       1703   system_stm32f10x.o
       412         24          0          0          0       1696   timer.o
       384         22          0          7        200       3423   usart.o

    ----------------------------------------------------------------------
     29360        988      11681        188       1752     602009   Object Totals
         0          0         32          0          0          0   (incl. Generated)
         6          0          3          6          0          0   (incl. Padding)

    ----------------------------------------------------------------------

      Code (inc. data)   RO Data    RW Data    ZI Data      Debug   Library Member Name

         8          0          0          0          0         68   __main.o
       312          4         17          0          0         92   __printf_flags_wp.o
        14          0          0          0          0         68   __printf_wp.o
         0          0          0          0          0          0   __rtentry.o
        12          0          0          0          0          0   __rtentry2.o
         6          0          0          0          0          0   __rtentry4.o
        52          8          0          0          0          0   __scatter.o
        26          0          0          0          0          0   __scatter_copy.o
        28          0          0          0          0          0   __scatter_zi.o
        48          6          0          0          0         96   _printf_char_common.o
        36          4          0          0          0         80   _printf_char_file.o
         6          0          0          0          0          0   _printf_d.o
       120         16          0          0          0         92   _printf_dec.o
        88          4         40          0          0         88   _printf_hex_int.o
       178          0          0          0          0         88   _printf_intcommon.o
        78          0          0          0          0        108   _printf_pad.o
         0          0          0          0          0          0   _printf_percent.o
         4          0          0          0          0          0   _printf_percent_end.o
         6          0          0          0          0          0   _printf_x.o
        22          0          0          0          0        100   _rserrno.o
        16          0          0          0          0         68   aeabi_memset.o
        18          0          0          0          0         80   exit.o
         8          0          0          0          0         68   ferror.o
         6          0          0          0          0        152   heapauxi.o
         2          0          0          0          0          0   libinit.o
         2          0          0          0          0          0   libinit2.o
         2          0          0          0          0          0   libshutdown.o
         2          0          0          0          0          0   libshutdown2.o
         8          4          0          0         96         68   libspace.o
        72          0          0          0          0         76   llsdiv.o
       238          0          0          0          0        100   lludivv7m.o
        88          0          0          0          0         76   memcmp.o
        24          4          0          0          0         84   noretval__2printf.o
         8          4          0          0          0         68   rt_errno_addr_intlibspace.o
        68          0          0          0          0         68   rt_memclr.o
        78          0          0          0          0         80   rt_memclr_w.o
         2          0          0          0          0          0   rtexit.o
        10          0          0          0          0          0   rtexit2.o
        74          0          0          0          0         80   sys_stackheap_outer.o
         2          0          0          0          0         68   use_no_semi.o
         2          0          0          0          0         68   use_no_semi_2.o
        98          4          0          0          0         92   d2f.o
       826         16          0          0          0        348   daddsub_clz.o
        16          4          0          0          0         68   dcheck1.o
        24          0          0          0          0         68   dcmpi.o
       688        140          0          0          0        208   ddiv.o
        94          4          0          0          0         92   dfix.o
        90          4          0          0          0         92   dfixu.o
        84          0          0          0          0        136   dflt_clz.o
       120          4          0          0          0         92   dleqf.o
       340         12          0          0          0        104   dmul.o
       156          4          0          0          0         92   dnaninf.o
        12          0          0          0          0         68   dretinf.o
       460         56          0          0          0        120   dsqrt_noumaal.o
        86          4          0          0          0         84   f2d.o
       430          8          0          0          0        168   faddsub_clz.o
        24          0          0          0          0         68   fcmpi.o
       388         76          0          0          0         96   fdiv.o
       104          4          0          0          0         84   feqf.o
        54          4          0          0          0         84   ffix.o
        62          4          0          0          0         84   ffixu.o
        86          0          0          0          0        136   fflt_clz.o
       104          4          0          0          0         84   fleqf.o
       258          4          0          0          0         84   fmul.o
       140          4          0          0          0         84   fnaninf.o
        10          0          0          0          0         68   fretinf.o
        98          0          0          0          0         68   frleqf.o
       100          0          0          0          0         68   retnan.o
        92          0          0          0          0         68   scalbn.o
        48          0          0          0          0         68   trapv.o
         0          0          0          0          0          0   usenofp.o
       624         52         80          0          0        168   asin.o
       544         70        152          0          0        124   atan.o
       384         38          0          0          0        144   atan2.o
        38          6          0          0          0        272   dunder.o
        40          0          0          0          0         68   fpclassify.o
       170          0          0          0          0         96   poly.o
         0          0          8          0          0          0   qnan.o
        76          0          0          0          0         84   sqrt.o

    ----------------------------------------------------------------------
      8776        580        303          0        100       6016   Library Totals
        34          0          6          0          4          0   (incl. Padding)

    ----------------------------------------------------------------------

      Code (inc. data)   RO Data    RW Data    ZI Data      Debug   Library Name

      1774         54         57          0         96       2084   c_w.l
      5092        360          0          0          0       2976   fz_ws.l
      1876        166        240          0          0        956   m_ws.l

    ----------------------------------------------------------------------
      8776        580        303          0        100       6016   Library Totals

    ----------------------------------------------------------------------

==============================================================================


      Code (inc. data)   RO Data    RW Data    ZI Data      Debug   

     38136       1568      11984        188       1852     602873   Grand Totals
     38136       1568      11984        188       1852     602873   ELF Image Totals
     38136       1568      11984        188          0          0   ROM Totals

==============================================================================

    Total RO  Size (Code + RO Data)                50120 (  48.95kB)
    Total RW  Size (RW Data + ZI Data)              2040 (   1.99kB)
    Total ROM Size (Code + RO Data + RW Data)      50308 (  49.13kB)

==============================================================================

