Component: ARM Compiler 5.06 update 6 (build 750) Tool: armlink [4d35ed]

==============================================================================

Section Cross References

    main.o(.text) refers to delay.o(.text) for delay_init
    main.o(.text) refers to sys.o(.text) for NVIC_Configuration
    main.o(.text) refers to key.o(.text) for KEY_Init
    main.o(.text) refers to usart.o(.text) for uart_init
    main.o(.text) refers to oled.o(.text) for OLED_Init
    main.o(.text) refers to timer.o(.text) for TIM1_Int_Init
    main.o(.text) refers to stm32f10x_tim.o(.text) for TIM_Cmd
    main.o(.text) refers to display.o(.text) for display
    main.o(.text) refers to control.o(.text) for data_process
    system_stm32f10x.o(.text) refers to system_stm32f10x.o(.data) for SystemCoreClock
    startup_stm32f10x_md.o(STACK) refers (Special) to heapauxi.o(.text) for __use_two_region_memory
    startup_stm32f10x_md.o(HEAP) refers (Special) to heapauxi.o(.text) for __use_two_region_memory
    startup_stm32f10x_md.o(RESET) refers (Special) to heapauxi.o(.text) for __use_two_region_memory
    startup_stm32f10x_md.o(RESET) refers to startup_stm32f10x_md.o(STACK) for __initial_sp
    startup_stm32f10x_md.o(RESET) refers to startup_stm32f10x_md.o(.text) for Reset_Handler
    startup_stm32f10x_md.o(RESET) refers to stm32f10x_it.o(.text) for NMI_Handler
    startup_stm32f10x_md.o(RESET) refers to timer.o(.text) for TIM3_IRQHandler
    startup_stm32f10x_md.o(RESET) refers to usart.o(.text) for USART1_IRQHandler
    startup_stm32f10x_md.o(.text) refers (Special) to heapauxi.o(.text) for __use_two_region_memory
    startup_stm32f10x_md.o(.text) refers to system_stm32f10x.o(.text) for SystemInit
    startup_stm32f10x_md.o(.text) refers to __main.o(!!!main) for __main
    startup_stm32f10x_md.o(.text) refers to startup_stm32f10x_md.o(HEAP) for Heap_Mem
    startup_stm32f10x_md.o(.text) refers to startup_stm32f10x_md.o(STACK) for Stack_Mem
    stm32f10x_gpio.o(.text) refers to stm32f10x_rcc.o(.text) for RCC_APB2PeriphResetCmd
    stm32f10x_rcc.o(.text) refers to stm32f10x_rcc.o(.data) for APBAHBPrescTable
    stm32f10x_usart.o(.text) refers to stm32f10x_rcc.o(.text) for RCC_APB2PeriphResetCmd
    stm32f10x_tim.o(.text) refers to stm32f10x_rcc.o(.text) for RCC_APB2PeriphResetCmd
    delay.o(.text) refers to misc.o(.text) for SysTick_CLKSourceConfig
    delay.o(.text) refers to system_stm32f10x.o(.data) for SystemCoreClock
    delay.o(.text) refers to delay.o(.data) for fac_us
    sys.o(.text) refers to misc.o(.text) for NVIC_PriorityGroupConfig
    usart.o(.text) refers (Special) to use_no_semi_2.o(.text) for __use_no_semihosting
    usart.o(.text) refers to stm32f10x_rcc.o(.text) for RCC_APB2PeriphClockCmd
    usart.o(.text) refers to stm32f10x_gpio.o(.text) for GPIO_PinRemapConfig
    usart.o(.text) refers to stm32f10x_usart.o(.text) for USART_Init
    usart.o(.text) refers to misc.o(.text) for NVIC_Init
    usart.o(.text) refers to usart.o(.data) for recvice_data_number
    usart.o(.text) refers to main.o(.data) for pitch_L
    usart.o(.text) refers to control.o(.data) for recvice_flag
    usart.o(.bss) refers (Special) to use_no_semi_2.o(.text) for __use_no_semihosting
    usart.o(.data) refers (Special) to use_no_semi_2.o(.text) for __use_no_semihosting
    control.o(.text) refers to stm32f10x_gpio.o(.text) for GPIO_ReadInputDataBit
    control.o(.text) refers to stm32f10x_tim.o(.text) for TIM_Cmd
    control.o(.text) refers to control.o(.data) for test
    control.o(.text) refers to main.o(.data) for pitch_H
    display.o(.text) refers to oled.o(.text) for OLED_ShowString1
    display.o(.text) refers to dflt_clz.o(x$fpl$dfltu) for __aeabi_ui2d
    display.o(.text) refers to dflt_clz.o(x$fpl$dflt) for __aeabi_i2d
    display.o(.text) refers to key.o(.text) for KEY_Scan
    display.o(.text) refers to control.o(.data) for stop_flag
    display.o(.text) refers to main.o(.data) for mode_flag
    display.o(.text) refers to display.o(.data) for display_page
    key.o(.text) refers to stm32f10x_rcc.o(.text) for RCC_APB2PeriphClockCmd
    key.o(.text) refers to stm32f10x_gpio.o(.text) for GPIO_Init
    key.o(.text) refers to delay.o(.text) for delay_ms
    key.o(.text) refers to key.o(.data) for key_up
    oled.o(.text) refers to stm32f10x_gpio.o(.text) for GPIO_SetBits
    oled.o(.text) refers to stm32f10x_rcc.o(.text) for RCC_APB2PeriphClockCmd
    oled.o(.text) refers to dleqf.o(x$fpl$dleqf) for __aeabi_cdcmple
    oled.o(.text) refers to dfix.o(x$fpl$dfix) for __aeabi_d2iz
    oled.o(.text) refers to dflt_clz.o(x$fpl$dflt) for __aeabi_i2d
    oled.o(.text) refers to daddsub_clz.o(x$fpl$drsb) for __aeabi_drsub
    oled.o(.text) refers to dmul.o(x$fpl$dmul) for __aeabi_dmul
    oled.o(.text) refers to dfixu.o(x$fpl$dfixu) for __aeabi_d2uiz
    oled.o(.text) refers to oled.o(.constdata) for F6x8
    oled.o(.text) refers to dflt_clz.o(x$fpl$dfltu) for __aeabi_ui2d
    oled.o(.text) refers to oled.o(.data) for tempI1
[...]
    __rtentry.o(.ARM.Collect$$rtentry$$00000000) refers (Special) to __rtentry2.o(.ARM.Collect$$rtentry$$00000002) for __rt_entry_presh_1
    __rtentry.o(.ARM.Collect$$rtentry$$00000000) refers (Special) to __rtentry4.o(.ARM.Collect$$rtentry$$00000004) for __rt_entry_sh
    dcmpi.o(x$fpl$dcmpinf) refers (Special) to usenofp.o(x$fpl$usenofp) for __I$use$fp
    dnaninf.o(x$fpl$dnaninf) refers (Special) to usenofp.o(x$fpl$usenofp) for __I$use$fp
    dretinf.o(x$fpl$dretinf) refers (Special) to usenofp.o(x$fpl$usenofp) for __I$use$fp
    __rtentry2.o(.ARM.Collect$$rtentry$$00000008) refers to boardinit2.o(.text) for _platform_post_stackheap_init
    __rtentry2.o(.ARM.Collect$$rtentry$$0000000A) refers to libinit.o(.ARM.Collect$$libinit$$00000000) for __rt_lib_init
    __rtentry2.o(.ARM.Collect$$rtentry$$0000000B) refers to boardinit3.o(.text) for _platform_post_lib_init
    __rtentry2.o(.ARM.Collect$$rtentry$$0000000D) refers to main.o(.text) for main
    __rtentry2.o(.ARM.Collect$$rtentry$$0000000D) refers to exit.o(.text) for exit
    __rtentry2.o(.ARM.exidx) refers to __rtentry2.o(.ARM.Collect$$rtentry$$00000001) for .ARM.Collect$$rtentry$$00000001
    __rtentry2.o(.ARM.exidx) refers to __rtentry2.o(.ARM.Collect$$rtentry$$00000008) for .ARM.Collect$$rtentry$$00000008
    __rtentry2.o(.ARM.exidx) refers to __rtentry2.o(.ARM.Collect$$rtentry$$0000000A) for .ARM.Collect$$rtentry$$0000000A
    __rtentry2.o(.ARM.exidx) refers to __rtentry2.o(.ARM.Collect$$rtentry$$0000000B) for .ARM.Collect$$rtentry$$0000000B
    __rtentry2.o(.ARM.exidx) refers to __rtentry2.o(.ARM.Collect$$rtentry$$0000000D) for .ARM.Collect$$rtentry$$0000000D
    __rtentry4.o(.ARM.Collect$$rtentry$$00000004) refers to sys_stackheap_outer.o(.text) for __user_setup_stackheap
    __rtentry4.o(.ARM.exidx) refers to __rtentry4.o(.ARM.Collect$$rtentry$$00000004) for .ARM.Collect$$rtentry$$00000004
    sys_stackheap_outer.o(.text) refers to libspace.o(.text) for __user_perproc_libspace
    sys_stackheap_outer.o(.text) refers to startup_stm32f10x_md.o(.text) for __user_initial_stackheap
    exit.o(.text) refers to rtexit.o(.ARM.Collect$$rtexit$$00000000) for __rt_exit
    libinit.o(.ARM.Collect$$libinit$$00000000) refers (Special) to libinit2.o(.ARM.Collect$$libinit$$0000002E) for __rt_lib_init_alloca_1
    libinit.o(.ARM.Collect$$libinit$$00000000) refers (Special) to libinit2.o(.ARM.Collect$$libinit$$0000002C) for __rt_lib_init_argv_1
    libinit.o(.ARM.Collect$$libinit$$00000000) refers (Special) to libinit2.o(.ARM.Collect$$libinit$$0000001B) for __rt_lib_init_atexit_1
    libinit.o(.ARM.Collect$$libinit$$00000000) refers (Special) to libinit2.o(.ARM.Collect$$libinit$$00000021) for __rt_lib_init_clock_1
    libinit.o(.ARM.Collect$$libinit$$00000000) refers (Special) to libinit2.o(.ARM.Collect$$libinit$$00000032) for __rt_lib_init_cpp_1
    libinit.o(.ARM.Collect$$libinit$$00000000) refers (Special) to libinit2.o(.ARM.Collect$$libinit$$00000030) for __rt_lib_init_exceptions_1
    libinit.o(.ARM.Collect$$libinit$$00000000) refers (Special) to libinit2.o(.ARM.Collect$$libinit$$00000002) for __rt_lib_init_fp_1
    libinit.o(.ARM.Collect$$libinit$$00000000) refers (Special) to libinit2.o(.ARM.Collect$$libinit$$0000001F) for __rt_lib_init_fp_trap_1
    libinit.o(.ARM.Collect$$libinit$$00000000) refers (Special) to libinit2.o(.ARM.Collect$$libinit$$00000023) for __rt_lib_init_getenv_1
    libinit.o(.ARM.Collect$$libinit$$00000000) refers (Special) to libinit2.o(.ARM.Collect$$libinit$$0000000A) for __rt_lib_init_heap_1
    libinit.o(.ARM.Collect$$libinit$$00000000) refers (Special) to libinit2.o(.ARM.Collect$$libinit$$00000011) for __rt_lib_init_lc_collate_1
    libinit.o(.ARM.Collect$$libinit$$00000000) refers (Special) to libinit2.o(.ARM.Collect$$libinit$$00000013) for __rt_lib_init_lc_ctype_1
    libinit.o(.ARM.Collect$$libinit$$00000000) refers (Special) to libinit2.o(.ARM.Collect$$libinit$$00000015) for __rt_lib_init_lc_monetary_1
    libinit.o(.ARM.Collect$$libinit$$00000000) refers (Special) to libinit2.o(.ARM.Collect$$libinit$$00000017) for __rt_lib_init_lc_numeric_1
    libinit.o(.ARM.Collect$$libinit$$00000000) refers (Special) to libinit2.o(.ARM.Collect$$libinit$$00000019) for __rt_lib_init_lc_time_1
    libinit.o(.ARM.Collect$$libinit$$00000000) refers (Special) to libinit2.o(.ARM.Collect$$libinit$$00000004) for __rt_lib_init_preinit_1
    libinit.o(.ARM.Collect$$libinit$$00000000) refers (Special) to libinit2.o(.ARM.Collect$$libinit$$0000000E) for __rt_lib_init_rand_1
    libinit.o(.ARM.Collect$$libinit$$00000000) refers (Special) to libinit2.o(.ARM.Collect$$libinit$$00000033) for __rt_lib_init_return
    libinit.o(.ARM.Collect$$libinit$$00000000) refers (Special) to libinit2.o(.ARM.Collect$$libinit$$0000001D) for __rt_lib_init_signal_1
    libinit.o(.ARM.Collect$$libinit$$00000000) refers (Special) to libinit2.o(.ARM.Collect$$libinit$$00000025) for __rt_lib_init_stdio_1
    libinit.o(.ARM.Collect$$libinit$$00000000) refers (Special) to libinit2.o(.ARM.Collect$$libinit$$0000000C) for __rt_lib_init_user_alloc_1
    libspace.o(.text) refers to libspace.o(.bss) for __libspace_start
    rtexit.o(.ARM.Collect$$rtexit$$00000000) refers (Special) to rtexit2.o(.ARM.Collect$$rtexit$$00000004) for __rt_exit_exit
    rtexit.o(.ARM.Collect$$rtexit$$00000000) refers (Special) to rtexit2.o(.ARM.Collect$$rtexit$$00000003) for __rt_exit_ls
    rtexit.o(.ARM.Collect$$rtexit$$00000000) refers (Special) to rtexit2.o(.ARM.Collect$$rtexit$$00000002) for __rt_exit_prels_1
    rtexit.o(.ARM.exidx) refers (Special) to rtexit2.o(.ARM.Collect$$rtexit$$00000004) for __rt_exit_exit
    rtexit.o(.ARM.exidx) refers (Special) to rtexit2.o(.ARM.Collect$$rtexit$$00000003) for __rt_exit_ls
    rtexit.o(.ARM.exidx) refers (Special) to rtexit2.o(.ARM.Collect$$rtexit$$00000002) for __rt_exit_prels_1
    rtexit.o(.ARM.exidx) refers to rtexit.o(.ARM.Collect$$rtexit$$00000000) for .ARM.Collect$$rtexit$$00000000
    libinit2.o(.ARM.Collect$$libinit$$00000010) refers to libinit2.o(.ARM.Collect$$libinit$$0000000F) for .ARM.Collect$$libinit$$0000000F
    libinit2.o(.ARM.Collect$$libinit$$00000012) refers to libinit2.o(.ARM.Collect$$libinit$$0000000F) for .ARM.Collect$$libinit$$0000000F
    libinit2.o(.ARM.Collect$$libinit$$00000014) refers to libinit2.o(.ARM.Collect$$libinit$$0000000F) for .ARM.Collect$$libinit$$0000000F
    libinit2.o(.ARM.Collect$$libinit$$00000016) refers to libinit2.o(.ARM.Collect$$libinit$$0000000F) for .ARM.Collect$$libinit$$0000000F
    libinit2.o(.ARM.Collect$$libinit$$00000018) refers to libinit2.o(.ARM.Collect$$libinit$$0000000F) for .ARM.Collect$$libinit$$0000000F
    libinit2.o(.ARM.Collect$$libinit$$00000026) refers to argv_veneer.o(.emb_text) for __ARM_argv_veneer
    libinit2.o(.ARM.Collect$$libinit$$00000027) refers to argv_veneer.o(.emb_text) for __ARM_argv_veneer
    rtexit2.o(.ARM.Collect$$rtexit$$00000003) refers to libshutdown.o(.ARM.Collect$$libshutdown$$00000000) for __rt_lib_shutdown
    rtexit2.o(.ARM.Collect$$rtexit$$00000004) refers to usart.o(.text) for _sys_exit
    rtexit2.o(.ARM.exidx) refers to rtexit2.o(.ARM.Collect$$rtexit$$00000001) for .ARM.Collect$$rtexit$$00000001
    rtexit2.o(.ARM.exidx) refers to rtexit2.o(.ARM.Collect$$rtexit$$00000003) for .ARM.Collect$$rtexit$$00000003
    rtexit2.o(.ARM.exidx) refers to rtexit2.o(.ARM.Collect$$rtexit$$00000004) for .ARM.Collect$$rtexit$$00000004
    argv_veneer.o(.emb_text) refers to no_argv.o(.text) for __ARM_get_argv
    _get_argv_nomalloc.o(.text) refers (Special) to hrguard.o(.text) for __heap_region$guard
    _get_argv_nomalloc.o(.text) refers to defsig_rtmem_outer.o(.text) for __rt_SIGRTMEM
    _get_argv_nomalloc.o(.text) refers to sys_command.o(.text) for _sys_command_string
    libshutdown.o(.ARM.Collect$$libshutdown$$00000000) refers (Special) to libshutdown2.o(.ARM.Collect$$libshutdown$$00000002) for __rt_lib_shutdown_cpp_1
    libshutdown.o(.ARM.Collect$$libshutdown$$00000000) refers (Special) to libshutdown2.o(.ARM.Collect$$libshutdown$$00000007) for __rt_lib_shutdown_fp_trap_1
    libshutdown.o(.ARM.Collect$$libshutdown$$00000000) refers (Special) to libshutdown2.o(.ARM.Collect$$libshutdown$$0000000F) for __rt_lib_shutdown_heap_1
    libshutdown.o(.ARM.Collect$$libshutdown$$00000000) refers (Special) to libshutdown2.o(.ARM.Collect$$libshutdown$$00000010) for __rt_lib_shutdown_return
    libshutdown.o(.ARM.Collect$$libshutdown$$00000000) refers (Special) to libshutdown2.o(.ARM.Collect$$libshutdown$$0000000A) for __rt_lib_shutdown_signal_1
    libshutdown.o(.ARM.Collect$$libshutdown$$00000000) refers (Special) to libshutdown2.o(.ARM.Collect$$libshutdown$$00000004) for __rt_lib_shutdown_stdio_1
    libshutdown.o(.ARM.Collect$$libshutdown$$00000000) refers (Special) to libshutdown2.o(.ARM.Collect$$libshutdown$$0000000C) for __rt_lib_shutdown_user_alloc_1
    sys_command.o(.text) refers (Special) to use_no_semi.o(.text) for __I$use$semihosting
    sys_command.o(.text) refers (Special) to indicate_semi.o(.text) for __semihosting_library_function
    defsig_rtmem_outer.o(.text) refers to defsig_rtmem_inner.o(.text) for __rt_SIGRTMEM_inner
    defsig_rtmem_outer.o(.text) refers to defsig_exit.o(.text) for __sig_exit
    defsig_rtmem_formal.o(.text) refers to rt_raise.o(.text) for __rt_raise
    rt_raise.o(.text) refers to __raise.o(.text) for __raise
    rt_raise.o(.text) refers to usart.o(.text) for _sys_exit
    defsig_exit.o(.text) refers to usart.o(.text) for _sys_exit
    defsig_rtmem_inner.o(.text) refers to defsig_general.o(.text) for __default_signal_display
    __raise.o(.text) refers to defsig.o(CL$$defsig) for __default_signal_handler
    defsig_general.o(.text) refers to sys_wrch.o(.text) for _ttywrch
    sys_wrch.o(.text) refers (Special) to use_no_semi.o(.text) for __I$use$semihosting
    sys_wrch.o(.text) refers (Special) to indicate_semi.o(.text) for __semihosting_library_function
    defsig.o(CL$$defsig) refers to defsig_rtmem_inner.o(.text) for __rt_SIGRTMEM_inner
    defsig_abrt_inner.o(.text) refers to defsig_general.o(.text) for __default_signal_display
    defsig_fpe_inner.o(.text) refers to defsig_general.o(.text) for __default_signal_display
    defsig_rtred_inner.o(.text) refers to defsig_general.o(.text) for __default_signal_display
    defsig_stak_inner.o(.text) refers to defsig_general.o(.text) for __default_signal_display
    defsig_pvfn_inner.o(.text) refers to defsig_general.o(.text) for __default_signal_display
    defsig_cppl_inner.o(.text) refers to defsig_general.o(.text) for __default_signal_display
    defsig_segv_inner.o(.text) refers to defsig_general.o(.text) for __default_signal_display
    defsig_other.o(.text) refers to defsig_general.o(.text) for __default_signal_display


==============================================================================

Removing Unused input sections from the image.

    Removing core_cm3.o(.emb_text), (32 bytes).
    Removing usart.o(.bss), (200 bytes).

2 unused section(s) (total 232 bytes) removed from the image.

==============================================================================

Image Symbol Table

    Local Symbols

    Symbol Name                              Value     Ov Type        Size  Object(Section)

    ../clib/angel/boardlib.s                 0x00000000   Number         0  boardinit2.o ABSOLUTE
    ../clib/angel/boardlib.s                 0x00000000   Number         0  boardinit1.o ABSOLUTE
    ../clib/angel/boardlib.s                 0x00000000   Number         0  boardshut.o ABSOLUTE
    ../clib/angel/boardlib.s                 0x00000000   Number         0  boardinit3.o ABSOLUTE
    ../clib/angel/handlers.s                 0x00000000   Number         0  __scatter_zi.o ABSOLUTE
    ../clib/angel/handlers.s                 0x00000000   Number         0  __scatter_copy.o ABSOLUTE
    ../clib/angel/kernel.s                   0x00000000   Number         0  __rtentry4.o ABSOLUTE
    ../clib/angel/kernel.s                   0x00000000   Number         0  rtexit.o ABSOLUTE
    ../clib/angel/kernel.s                   0x00000000   Number         0  rtexit2.o ABSOLUTE
    ../clib/angel/kernel.s                   0x00000000   Number         0  __rtentry.o ABSOLUTE
    ../clib/angel/kernel.s                   0x00000000   Number         0  __rtentry2.o ABSOLUTE
    ../clib/angel/rt.s                       0x00000000   Number         0  rt_raise.o ABSOLUTE
    ../clib/angel/scatter.s                  0x00000000   Number         0  __scatter.o ABSOLUTE
    ../clib/angel/startup.s                  0x00000000   Number         0  __main.o ABSOLUTE
    ../clib/angel/sys.s                      0x00000000   Number         0  sys_stackheap_outer.o ABSOLUTE
    ../clib/angel/sys.s                      0x00000000   Number         0  libspace.o ABSOLUTE
    ../clib/angel/sys.s                      0x00000000   Number         0  indicate_semi.o ABSOLUTE
    ../clib/angel/sys.s                      0x00000000   Number         0  use_no_semi.o ABSOLUTE
    ../clib/angel/sys.s                      0x00000000   Number         0  use_no_semi_2.o ABSOLUTE
    ../clib/angel/sysapp.c                   0x00000000   Number         0  sys_command.o ABSOLUTE
    ../clib/angel/sysapp.c                   0x00000000   Number         0  sys_wrch.o ABSOLUTE
    ../clib/armsys.c                         0x00000000   Number         0  _get_argv_nomalloc.o ABSOLUTE
    ../clib/armsys.c                         0x00000000   Number         0  no_argv.o ABSOLUTE
    ../clib/armsys.c                         0x00000000   Number         0  argv_veneer.o ABSOLUTE
    ../clib/armsys.c                         0x00000000   Number         0  argv_veneer.o ABSOLUTE
    ../clib/heapalloc.c                      0x00000000   Number         0  hrguard.o ABSOLUTE
    ../clib/heapaux.c                        0x00000000   Number         0  heapauxi.o ABSOLUTE
    ../clib/libinit.s                        0x00000000   Number         0  libinit2.o ABSOLUTE
    ../clib/libinit.s                        0x00000000   Number         0  libinit.o ABSOLUTE
    ../clib/libinit.s                        0x00000000   Number         0  libshutdown2.o ABSOLUTE
    ../clib/libinit.s                        0x00000000   Number         0  libshutdown.o ABSOLUTE
    ../clib/signal.c                         0x00000000   Number         0  defsig_segv_inner.o ABSOLUTE
    ../clib/signal.c                         0x00000000   Number         0  __raise.o ABSOLUTE
    ../clib/signal.c                         0x00000000   Number         0  defsig_rtmem_inner.o ABSOLUTE
    ../clib/signal.c                         0x00000000   Number         0  defsig_exit.o ABSOLUTE
    ../clib/signal.c                         0x00000000   Number         0  defsig_other.o ABSOLUTE
    ../clib/signal.c                         0x00000000   Number         0  defsig_general.o ABSOLUTE
    ../clib/signal.c                         0x00000000   Number         0  defsig_rtmem_formal.o ABSOLUTE
    ../clib/signal.c                         0x00000000   Number         0  defsig_rtmem_outer.o ABSOLUTE
    ../clib/signal.c                         0x00000000   Number         0  defsig_cppl_inner.o ABSOLUTE
    ../clib/signal.c                         0x00000000   Number         0  defsig_pvfn_inner.o ABSOLUTE
    ../clib/signal.c                         0x00000000   Number         0  defsig_stak_inner.o ABSOLUTE
    ../clib/signal.c                         0x00000000   Number         0  defsig_rtred_inner.o ABSOLUTE
    ../clib/signal.c                         0x00000000   Number         0  defsig_fpe_inner.o ABSOLUTE
    ../clib/signal.c                         0x00000000   Number         0  defsig_abrt_inner.o ABSOLUTE
    ../clib/signal.s                         0x00000000   Number         0  defsig.o ABSOLUTE
    ../clib/stdlib.c                         0x00000000   Number         0  exit.o ABSOLUTE
    ../fplib/daddsub.s                       0x00000000   Number         0  daddsub_clz.o ABSOLUTE
    ../fplib/dcmpi.s                         0x00000000   Number         0  dcmpi.o ABSOLUTE
    ../fplib/dfix.s                          0x00000000   Number         0  dfix.o ABSOLUTE
    ../fplib/dfixu.s                         0x00000000   Number         0  dfixu.o ABSOLUTE
    ../fplib/dflt.s                          0x00000000   Number         0  dflt_clz.o ABSOLUTE
    ../fplib/dleqf.s                         0x00000000   Number         0  dleqf.o ABSOLUTE
    ../fplib/dmul.s                          0x00000000   Number         0  dmul.o ABSOLUTE
    ../fplib/dnaninf.s                       0x00000000   Number         0  dnaninf.o ABSOLUTE
    ../fplib/dretinf.s                       0x00000000   Number         0  dretinf.o ABSOLUTE
    ../fplib/fpinit.s                        0x00000000   Number         0  fpinit.o ABSOLUTE
    ../fplib/usenofp.s                       0x00000000   Number         0  usenofp.o ABSOLUTE
    ..\CORE\core_cm3.c                       0x00000000   Number         0  core_cm3.o ABSOLUTE
    ..\CORE\startup_stm32f10x_md.s           0x00000000   Number         0  startup_stm32f10x_md.o ABSOLUTE
    ..\HARDWARE\Display\display.c            0x00000000   Number         0  display.o ABSOLUTE
    ..\HARDWARE\KEY\key.c                    0x00000000   Number         0  key.o ABSOLUTE
    ..\HARDWARE\OLED\oled.c                  0x00000000   Number         0  oled.o ABSOLUTE
    ..\HARDWARE\TIMER\timer.c                0x00000000   Number         0  timer.o ABSOLUTE
    ..\HARDWARE\control\control.c            0x00000000   Number         0  control.o ABSOLUTE
    ..\STM32_FWLIB\src\misc.c                0x00000000   Number         0  misc.o ABSOLUTE
    ..\STM32_FWLIB\src\stm32f10x_gpio.c      0x00000000   Number         0  stm32f10x_gpio.o ABSOLUTE
    ..\STM32_FWLIB\src\stm32f10x_rcc.c       0x00000000   Number         0  stm32f10x_rcc.o ABSOLUTE
    ..\STM32_FWLIB\src\stm32f10x_tim.c       0x00000000   Number         0  stm32f10x_tim.o ABSOLUTE
    ..\STM32_FWLIB\src\stm32f10x_usart.c     0x00000000   Number         0  stm32f10x_usart.o ABSOLUTE
    ..\SYSTEM\delay\delay.c                  0x00000000   Number         0  delay.o ABSOLUTE
    ..\SYSTEM\sys\sys.c                      0x00000000   Number         0  sys.o ABSOLUTE
    ..\SYSTEM\usart\usart.c                  0x00000000   Number         0  usart.o ABSOLUTE
    ..\\CORE\\core_cm3.c                     0x00000000   Number         0  core_cm3.o ABSOLUTE
    dc.s                                     0x00000000   Number         0  dc.o ABSOLUTE
    main.c                                   0x00000000   Number         0  main.o ABSOLUTE
    stm32f10x_it.c                           0x00000000   Number         0  stm32f10x_it.o ABSOLUTE
    system_stm32f10x.c                       0x00000000   Number         0  system_stm32f10x.o ABSOLUTE
    RESET                                    0x08000000   Section      236  startup_stm32f10x_md.o(RESET)
    !!!main                                  0x080000ec   Section        8  __main.o(!!!main)
    !!!scatter                               0x080000f4   Section       52  __scatter.o(!!!scatter)
    !!handler_copy                           0x08000128   Section       26  __scatter_copy.o(!!handler_copy)
    !!handler_zi                             0x08000144   Section       28  __scatter_zi.o(!!handler_zi)
    .ARM.Collect$$libinit$$00000000          0x08000160   Section        2  libinit.o(.ARM.Collect$$libinit$$00000000)
    .ARM.Collect$$libinit$$00000002          0x08000162   Section        0  libinit2.o(.ARM.Collect$$libinit$$00000002)
    .ARM.Collect$$libinit$$00000004          0x08000162   Section        0  libinit2.o(.ARM.Collect$$libinit$$00000004)
    .ARM.Collect$$libinit$$0000000A          0x08000162   Section        0  libinit2.o(.ARM.Collect$$libinit$$0000000A)
    .ARM.Collect$$libinit$$0000000C          0x08000162   Section        0  libinit2.o(.ARM.Collect$$libinit$$0000000C)
    .ARM.Collect$$libinit$$0000000E          0x08000162   Section        0  libinit2.o(.ARM.Collect$$libinit$$0000000E)
    .ARM.Collect$$libinit$$00000011          0x08000162   Section        0  libinit2.o(.ARM.Collect$$libinit$$00000011)
    .ARM.Collect$$libinit$$00000013          0x08000162   Section        0  libinit2.o(.ARM.Collect$$libinit$$00000013)
    .ARM.Collect$$libinit$$00000015          0x08000162   Section        0  libinit2.o(.ARM.Collect$$libinit$$00000015)
    .ARM.Collect$$libinit$$00000017          0x08000162   Section        0  libinit2.o(.ARM.Collect$$libinit$$00000017)
    .ARM.Collect$$libinit$$00000019          0x08000162   Section        0  libinit2.o(.ARM.Collect$$libinit$$00000019)
    .ARM.Collect$$libinit$$0000001B          0x08000162   Section        0  libinit2.o(.ARM.Collect$$libinit$$0000001B)
    .ARM.Collect$$libinit$$0000001D          0x08000162   Section        0  libinit2.o(.ARM.Collect$$libinit$$0000001D)
    .ARM.Collect$$libinit$$0000001F          0x08000162   Section        0  libinit2.o(.ARM.Collect$$libinit$$0000001F)
    .ARM.Collect$$libinit$$00000021          0x08000162   Section        0  libinit2.o(.ARM.Collect$$libinit$$00000021)
    .ARM.Collect$$libinit$$00000023          0x08000162   Section        0  libinit2.o(.ARM.Collect$$libinit$$00000023)
    .ARM.Collect$$libinit$$00000025          0x08000162   Section        0  libinit2.o(.ARM.Collect$$libinit$$00000025)
    .ARM.Collect$$libinit$$0000002C          0x08000162   Section        0  libinit2.o(.ARM.Collect$$libinit$$0000002C)
    .ARM.Collect$$libinit$$0000002E          0x08000162   Section        0  libinit2.o(.ARM.Collect$$libinit$$0000002E)
    .ARM.Collect$$libinit$$00000030          0x08000162   Section        0  libinit2.o(.ARM.Collect$$libinit$$00000030)
    .ARM.Collect$$libinit$$00000032          0x08000162   Section        0  libinit2.o(.ARM.Collect$$libinit$$00000032)
    .ARM.Collect$$libinit$$00000033          0x08000162   Section        2  libinit2.o(.ARM.Collect$$libinit$$00000033)
    .ARM.Collect$$libshutdown$$00000000      0x08000164   Section        2  libshutdown.o(.ARM.Collect$$libshutdown$$00000000)
    .ARM.Collect$$libshutdown$$00000002      0x08000166   Section        0  libshutdown2.o(.ARM.Collect$$libshutdown$$00000002)
    .ARM.Collect$$libshutdown$$00000004      0x08000166   Section        0  libshutdown2.o(.ARM.Collect$$libshutdown$$00000004)
    .ARM.Collect$$libshutdown$$00000007      0x08000166   Section        0  libshutdown2.o(.ARM.Collect$$libshutdown$$00000007)
    .ARM.Collect$$libshutdown$$0000000A      0x08000166   Section        0  libshutdown2.o(.ARM.Collect$$libshutdown$$0000000A)
    .ARM.Collect$$libshutdown$$0000000C      0x08000166   Section        0  libshutdown2.o(.ARM.Collect$$libshutdown$$0000000C)
    .ARM.Collect$$libshutdown$$0000000F      0x08000166   Section        0  libshutdown2.o(.ARM.Collect$$libshutdown$$0000000F)
    .ARM.Collect$$libshutdown$$00000010      0x08000166   Section        2  libshutdown2.o(.ARM.Collect$$libshutdown$$00000010)
    .ARM.Collect$$rtentry$$00000000          0x08000168   Section        0  __rtentry.o(.ARM.Collect$$rtentry$$00000000)
    .ARM.Collect$$rtentry$$00000002          0x08000168   Section        0  __rtentry2.o(.ARM.Collect$$rtentry$$00000002)
    .ARM.Collect$$rtentry$$00000004          0x08000168   Section        6  __rtentry4.o(.ARM.Collect$$rtentry$$00000004)
    .ARM.Collect$$rtentry$$00000009          0x0800016e   Section        0  __rtentry2.o(.ARM.Collect$$rtentry$$00000009)
    .ARM.Collect$$rtentry$$0000000A          0x0800016e   Section        4  __rtentry2.o(.ARM.Collect$$rtentry$$0000000A)
    .ARM.Collect$$rtentry$$0000000C          0x08000172   Section        0  __rtentry2.o(.ARM.Collect$$rtentry$$0000000C)
    .ARM.Collect$$rtentry$$0000000D          0x08000172   Section        8  __rtentry2.o(.ARM.Collect$$rtentry$$0000000D)
    .ARM.Collect$$rtexit$$00000000           0x0800017a   Section        2  rtexit.o(.ARM.Collect$$rtexit$$00000000)
    .ARM.Collect$$rtexit$$00000002           0x0800017c   Section        0  rtexit2.o(.ARM.Collect$$rtexit$$00000002)
    .ARM.Collect$$rtexit$$00000003           0x0800017c   Section        4  rtexit2.o(.ARM.Collect$$rtexit$$00000003)
    .ARM.Collect$$rtexit$$00000004           0x08000180   Section        6  rtexit2.o(.ARM.Collect$$rtexit$$00000004)
    .text                                    0x08000188   Section        0  main.o(.text)
    .text                                    0x080001d0   Section        0  stm32f10x_it.o(.text)
    .text                                    0x080001e8   Section        0  system_stm32f10x.o(.text)
    SetSysClockTo72                          0x080001e9   Thumb Code   214  system_stm32f10x.o(.text)
    SetSysClock                              0x080002bf   Thumb Code     8  system_stm32f10x.o(.text)
    .text                                    0x080003c8   Section       64  startup_stm32f10x_md.o(.text)
    .text                                    0x08000408   Section        0  misc.o(.text)
    .text                                    0x080004e4   Section        0  stm32f10x_gpio.o(.text)
    .text                                    0x08000840   Section        0  stm32f10x_rcc.o(.text)
    .text                                    0x08000be4   Section        0  stm32f10x_usart.o(.text)
    .text                                    0x08000fec   Section        0  stm32f10x_tim.o(.text)
    TI4_Config                               0x08001493   Thumb Code   130  stm32f10x_tim.o(.text)
    TI3_Config                               0x08001527   Thumb Code   122  stm32f10x_tim.o(.text)
    TI2_Config                               0x080015bb   Thumb Code   130  stm32f10x_tim.o(.text)
    TI1_Config                               0x0800164f   Thumb Code   108  stm32f10x_tim.o(.text)
    .text                                    0x08001e08   Section        0  delay.o(.text)
    .text                                    0x08001edc   Section        0  sys.o(.text)
    .text                                    0x08001ee8   Section        0  usart.o(.text)
    .text                                    0x0800206c   Section        0  control.o(.text)
    .text                                    0x08002440   Section        0  display.o(.text)
    .text                                    0x080026e4   Section        0  key.o(.text)
    .text                                    0x0800283c   Section        0  oled.o(.text)
    .text                                    0x08003c40   Section        0  timer.o(.text)
    .text                                    0x08003dd0   Section        2  use_no_semi_2.o(.text)
    .text                                    0x08003dd2   Section        0  heapauxi.o(.text)
    .text                                    0x08003dd8   Section        2  use_no_semi.o(.text)
    .text                                    0x08003dda   Section       74  sys_stackheap_outer.o(.text)
    .text                                    0x08003e24   Section        0  exit.o(.text)
    .text                                    0x08003e38   Section        8  libspace.o(.text)
    x$fpl$dadd                               0x08003e40   Section      336  daddsub_clz.o(x$fpl$dadd)
    _dadd1                                   0x08003e51   Thumb Code     0  daddsub_clz.o(x$fpl$dadd)
    x$fpl$dcmpinf                            0x08003f90   Section       24  dcmpi.o(x$fpl$dcmpinf)
    x$fpl$dfix                               0x08003fa8   Section       94  dfix.o(x$fpl$dfix)
    x$fpl$dfixu                              0x08004008   Section       90  dfixu.o(x$fpl$dfixu)
    x$fpl$dflt                               0x08004062   Section       46  dflt_clz.o(x$fpl$dflt)
    x$fpl$dfltu                              0x08004090   Section       38  dflt_clz.o(x$fpl$dfltu)
    x$fpl$dleqf                              0x080040b8   Section      120  dleqf.o(x$fpl$dleqf)
    x$fpl$dmul                               0x08004130   Section      340  dmul.o(x$fpl$dmul)
    x$fpl$dnaninf                            0x08004284   Section      156  dnaninf.o(x$fpl$dnaninf)
    x$fpl$dretinf                            0x08004320   Section       12  dretinf.o(x$fpl$dretinf)
    x$fpl$drsb                               0x0800432c   Section       22  daddsub_clz.o(x$fpl$drsb)
    x$fpl$dsub                               0x08004344   Section      468  daddsub_clz.o(x$fpl$dsub)
    _dsub1                                   0x08004355   Thumb Code     0  daddsub_clz.o(x$fpl$dsub)
    .constdata                               0x08004518   Section     8123  oled.o(.constdata)
    x$fpl$usenofp                            0x08004518   Section        0  usenofp.o(x$fpl$usenofp)
    .data                                    0x20000000   Section       40  main.o(.data)
    .data                                    0x20000028   Section       20  system_stm32f10x.o(.data)
    .data                                    0x2000003c   Section       20  stm32f10x_rcc.o(.data)
    APBAHBPrescTable                         0x2000003c   Data          16  stm32f10x_rcc.o(.data)
    ADCPrescTable                            0x2000004c   Data           4  stm32f10x_rcc.o(.data)
    .data                                    0x20000050   Section        4  delay.o(.data)
    fac_us                                   0x20000050   Data           1  delay.o(.data)
    fac_ms                                   0x20000052   Data           2  delay.o(.data)
    .data                                    0x20000054   Section       18  usart.o(.data)
    .data                                    0x20000066   Section        4  control.o(.data)
    .data                                    0x2000006a   Section        3  display.o(.data)
    .data                                    0x2000006d   Section        1  key.o(.data)
    key_up                                   0x2000006d   Data           1  key.o(.data)
    .data                                    0x2000006e   Section       16  oled.o(.data)
    .data                                    0x2000007e   Section        2  timer.o(.data)
    .bss                                     0x20000080   Section       96  libspace.o(.bss)
    HEAP                                     0x200000e0   Section      512  startup_stm32f10x_md.o(HEAP)
    Heap_Mem                                 0x200000e0   Data         512  startup_stm32f10x_md.o(HEAP)
    STACK                                    0x200002e0   Section     1024  startup_stm32f10x_md.o(STACK)
    Stack_Mem                                0x200002e0   Data        1024  startup_stm32f10x_md.o(STACK)
    __initial_sp                             0x200006e0   Data           0  startup_stm32f10x_md.o(STACK)

    Global Symbols

    Symbol Name                              Value     Ov Type        Size  Object(Section)

    BuildAttributes$$THM_ISAv4$P$D$K$B$S$PE$A:L22UL41UL21$X:L11$S22US41US21$IEEE1$IW$USESV6$~STKCKD$USESV7$~SHL$OSPACE$ROPI$EBA8$UX$STANDARDLIB$REQ8$PRES8$EABIv2 0x00000000   Number         0  anon$$obj.o ABSOLUTE
    __ARM_use_no_argv                        0x00000000   Number         0  main.o ABSOLUTE
    __ARM_exceptions_init                     - Undefined Weak Reference
    __alloca_initialize                       - Undefined Weak Reference
    __arm_preinit_                            - Undefined Weak Reference
    __cpp_initialize__aeabi_                  - Undefined Weak Reference
    __cxa_finalize                            - Undefined Weak Reference
    __rt_locale                               - Undefined Weak Reference
    __sigvec_lookup                           - Undefined Weak Reference
    _atexit_init                              - Undefined Weak Reference
    _call_atexit_fns                          - Undefined Weak Reference
    _clock_init                               - Undefined Weak Reference
    _fp_trap_init                             - Undefined Weak Reference
    _fp_trap_shutdown                         - Undefined Weak Reference
    _get_lc_collate                           - Undefined Weak Reference
    _get_lc_ctype                             - Undefined Weak Reference
    _get_lc_monetary                          - Undefined Weak Reference
    _get_lc_numeric                           - Undefined Weak Reference
    _get_lc_time                              - Undefined Weak Reference
    _getenv_init                              - Undefined Weak Reference
    _handle_redirection                       - Undefined Weak Reference
    _init_alloc                               - Undefined Weak Reference
    _init_user_alloc                          - Undefined Weak Reference
    _initio                                   - Undefined Weak Reference
    _rand_init                                - Undefined Weak Reference
    _signal_finish                            - Undefined Weak Reference
    _signal_init                              - Undefined Weak Reference
    _terminate_alloc                          - Undefined Weak Reference
    _terminate_user_alloc                     - Undefined Weak Reference
    _terminateio                              - Undefined Weak Reference
    __Vectors_Size                           0x000000ec   Number         0  startup_stm32f10x_md.o ABSOLUTE
    __Vectors                                0x08000000   Data           4  startup_stm32f10x_md.o(RESET)
    __Vectors_End                            0x080000ec   Data           0  startup_stm32f10x_md.o(RESET)
    __main                                   0x080000ed   Thumb Code     8  __main.o(!!!main)
    __scatterload                            0x080000f5   Thumb Code     0  __scatter.o(!!!scatter)
    __scatterload_rt2                        0x080000f5   Thumb Code    44  __scatter.o(!!!scatter)
    __scatterload_rt2_thumb_only             0x080000f5   Thumb Code     0  __scatter.o(!!!scatter)
    __scatterload_null                       0x08000103   Thumb Code     0  __scatter.o(!!!scatter)
    __scatterload_copy                       0x08000129   Thumb Code    26  __scatter_copy.o(!!handler_copy)
    __scatterload_zeroinit                   0x08000145   Thumb Code    28  __scatter_zi.o(!!handler_zi)
    __rt_lib_init                            0x08000161   Thumb Code     0  libinit.o(.ARM.Collect$$libinit$$00000000)
    __rt_lib_init_alloca_1                   0x08000163   Thumb Code     0  libinit2.o(.ARM.Collect$$libinit$$0000002E)
    __rt_lib_init_argv_1                     0x08000163   Thumb Code     0  libinit2.o(.ARM.Collect$$libinit$$0000002C)
    __rt_lib_init_atexit_1                   0x08000163   Thumb Code     0  libinit2.o(.ARM.Collect$$libinit$$0000001B)
    __rt_lib_init_clock_1                    0x08000163   Thumb Code     0  libinit2.o(.ARM.Collect$$libinit$$00000021)
    __rt_lib_init_cpp_1                      0x08000163   Thumb Code     0  libinit2.o(.ARM.Collect$$libinit$$00000032)
    __rt_lib_init_exceptions_1               0x08000163   Thumb Code     0  libinit2.o(.ARM.Collect$$libinit$$00000030)
    __rt_lib_init_fp_1                       0x08000163   Thumb Code     0  libinit2.o(.ARM.Collect$$libinit$$00000002)
    __rt_lib_init_fp_trap_1                  0x08000163   Thumb Code     0  libinit2.o(.ARM.Collect$$libinit$$0000001F)
    __rt_lib_init_getenv_1                   0x08000163   Thumb Code     0  libinit2.o(.ARM.Collect$$libinit$$00000023)
    __rt_lib_init_heap_1                     0x08000163   Thumb Code     0  libinit2.o(.ARM.Collect$$libinit$$0000000A)
    __rt_lib_init_lc_collate_1               0x08000163   Thumb Code     0  libinit2.o(.ARM.Collect$$libinit$$00000011)
    __rt_lib_init_lc_ctype_1                 0x08000163   Thumb Code     0  libinit2.o(.ARM.Collect$$libinit$$00000013)
    __rt_lib_init_lc_monetary_1              0x08000163   Thumb Code     0  libinit2.o(.ARM.Collect$$libinit$$00000015)
    __rt_lib_init_lc_numeric_1               0x08000163   Thumb Code     0  libinit2.o(.ARM.Collect$$libinit$$00000017)
    __rt_lib_init_lc_time_1                  0x08000163   Thumb Code     0  libinit2.o(.ARM.Collect$$libinit$$00000019)
    __rt_lib_init_preinit_1                  0x08000163   Thumb Code     0  libinit2.o(.ARM.Collect$$libinit$$00000004)
    __rt_lib_init_rand_1                     0x08000163   Thumb Code     0  libinit2.o(.ARM.Collect$$libinit$$0000000E)
    __rt_lib_init_return                     0x08000163   Thumb Code     0  libinit2.o(.ARM.Collect$$libinit$$00000033)
    __rt_lib_init_signal_1                   0x08000163   Thumb Code     0  libinit2.o(.ARM.Collect$$libinit$$0000001D)
    __rt_lib_init_stdio_1                    0x08000163   Thumb Code     0  libinit2.o(.ARM.Collect$$libinit$$00000025)
    __rt_lib_init_user_alloc_1               0x08000163   Thumb Code     0  libinit2.o(.ARM.Collect$$libinit$$0000000C)
    __rt_lib_shutdown                        0x08000165   Thumb Code     0  libshutdown.o(.ARM.Collect$$libshutdown$$00000000)
    __rt_lib_shutdown_cpp_1                  0x08000167   Thumb Code     0  libshutdown2.o(.ARM.Collect$$libshutdown$$00000002)
    __rt_lib_shutdown_fp_trap_1              0x08000167   Thumb Code     0  libshutdown2.o(.ARM.Collect$$libshutdown$$00000007)
    __rt_lib_shutdown_heap_1                 0x08000167   Thumb Code     0  libshutdown2.o(.ARM.Collect$$libshutdown$$0000000F)
    __rt_lib_shutdown_return                 0x08000167   Thumb Code     0  libshutdown2.o(.ARM.Collect$$libshutdown$$00000010)
    __rt_lib_shutdown_signal_1               0x08000167   Thumb Code     0  libshutdown2.o(.ARM.Collect$$libshutdown$$0000000A)
    __rt_lib_shutdown_stdio_1                0x08000167   Thumb Code     0  libshutdown2.o(.ARM.Collect$$libshutdown$$00000004)
    __rt_lib_shutdown_user_alloc_1           0x08000167   Thumb Code     0  libshutdown2.o(.ARM.Collect$$libshutdown$$0000000C)
    __rt_entry                               0x08000169   Thumb Code     0  __rtentry.o(.ARM.Collect$$rtentry$$00000000)
    __rt_entry_presh_1                       0x08000169   Thumb Code     0  __rtentry2.o(.ARM.Collect$$rtentry$$00000002)
    __rt_entry_sh                            0x08000169   Thumb Code     0  __rtentry4.o(.ARM.Collect$$rtentry$$00000004)
    __rt_entry_li                            0x0800016f   Thumb Code     0  __rtentry2.o(.ARM.Collect$$rtentry$$0000000A)
    __rt_entry_postsh_1                      0x0800016f   Thumb Code     0  __rtentry2.o(.ARM.Collect$$rtentry$$00000009)
    __rt_entry_main                          0x08000173   Thumb Code     0  __rtentry2.o(.ARM.Collect$$rtentry$$0000000D)
    __rt_entry_postli_1                      0x08000173   Thumb Code     0  __rtentry2.o(.ARM.Collect$$rtentry$$0000000C)
    __rt_exit                                0x0800017b   Thumb Code     0  rtexit.o(.ARM.Collect$$rtexit$$00000000)
    __rt_exit_ls                             0x0800017d   Thumb Code     0  rtexit2.o(.ARM.Collect$$rtexit$$00000003)
    __rt_exit_prels_1                        0x0800017d   Thumb Code     0  rtexit2.o(.ARM.Collect$$rtexit$$00000002)
    __rt_exit_exit                           0x08000181   Thumb Code     0  rtexit2.o(.ARM.Collect$$rtexit$$00000004)
    main                                     0x08000189   Thumb Code    68  main.o(.text)
    NMI_Handler                              0x080001d1   Thumb Code     2  stm32f10x_it.o(.text)
    HardFault_Handler                        0x080001d3   Thumb Code     4  stm32f10x_it.o(.text)
    MemManage_Handler                        0x080001d7   Thumb Code     4  stm32f10x_it.o(.text)
    BusFault_Handler                         0x080001db   Thumb Code     4  stm32f10x_it.o(.text)
    UsageFault_Handler                       0x080001df   Thumb Code     4  stm32f10x_it.o(.text)
    SVC_Handler                              0x080001e3   Thumb Code     2  stm32f10x_it.o(.text)
    DebugMon_Handler                         0x080001e5   Thumb Code     2  stm32f10x_it.o(.text)
    PendSV_Handler                           0x080001e7   Thumb Code     2  stm32f10x_it.o(.text)
    SystemInit                               0x080002c7   Thumb Code    78  system_stm32f10x.o(.text)
    SystemCoreClockUpdate                    0x08000315   Thumb Code   142  system_stm32f10x.o(.text)
    Reset_Handler                            0x080003c9   Thumb Code     8  startup_stm32f10x_md.o(.text)
    SysTick_Handler                          0x080003e1   Thumb Code     2  startup_stm32f10x_md.o(.text)
    ADC1_2_IRQHandler                        0x080003e3   Thumb Code     0  startup_stm32f10x_md.o(.text)
    CAN1_RX1_IRQHandler                      0x080003e3   Thumb Code     0  startup_stm32f10x_md.o(.text)
    CAN1_SCE_IRQHandler                      0x080003e3   Thumb Code     0  startup_stm32f10x_md.o(.text)
    DMA1_Channel1_IRQHandler                 0x080003e3   Thumb Code     0  startup_stm32f10x_md.o(.text)
    DMA1_Channel2_IRQHandler                 0x080003e3   Thumb Code     0  startup_stm32f10x_md.o(.text)
    DMA1_Channel3_IRQHandler                 0x080003e3   Thumb Code     0  startup_stm32f10x_md.o(.text)
    DMA1_Channel4_IRQHandler                 0x080003e3   Thumb Code     0  startup_stm32f10x_md.o(.text)
    DMA1_Channel5_IRQHandler                 0x080003e3   Thumb Code     0  startup_stm32f10x_md.o(.text)
    DMA1_Channel6_IRQHandler                 0x080003e3   Thumb Code     0  startup_stm32f10x_md.o(.text)
    DMA1_Channel7_IRQHandler                 0x080003e3   Thumb Code     0  startup_stm32f10x_md.o(.text)
    EXTI0_IRQHandler                         0x080003e3   Thumb Code     0  startup_stm32f10x_md.o(.text)
    EXTI15_10_IRQHandler                     0x080003e3   Thumb Code     0  startup_stm32f10x_md.o(.text)
    EXTI1_IRQHandler                         0x080003e3   Thumb Code     0  startup_stm32f10x_md.o(.text)
    EXTI2_IRQHandler                         0x080003e3   Thumb Code     0  startup_stm32f10x_md.o(.text)
    EXTI3_IRQHandler                         0x080003e3   Thumb Code     0  startup_stm32f10x_md.o(.text)
    EXTI4_IRQHandler                         0x080003e3   Thumb Code     0  startup_stm32f10x_md.o(.text)
    EXTI9_5_IRQHandler                       0x080003e3   Thumb Code     0  startup_stm32f10x_md.o(.text)
    FLASH_IRQHandler                         0x080003e3   Thumb Code     0  startup_stm32f10x_md.o(.text)
    I2C1_ER_IRQHandler                       0x080003e3   Thumb Code     0  startup_stm32f10x_md.o(.text)
    I2C1_EV_IRQHandler                       0x080003e3   Thumb Code     0  startup_stm32f10x_md.o(.text)
    I2C2_ER_IRQHandler                       0x080003e3   Thumb Code     0  startup_stm32f10x_md.o(.text)
    I2C2_EV_IRQHandler                       0x080003e3   Thumb Code     0  startup_stm32f10x_md.o(.text)
    PVD_IRQHandler                           0x080003e3   Thumb Code     0  startup_stm32f10x_md.o(.text)
    RCC_IRQHandler                           0x080003e3   Thumb Code     0  startup_stm32f10x_md.o(.text)
    RTCAlarm_IRQHandler                      0x080003e3   Thumb Code     0  startup_stm32f10x_md.o(.text)
    RTC_IRQHandler                           0x080003e3   Thumb Code     0  startup_stm32f10x_md.o(.text)
    SPI1_IRQHandler                          0x080003e3   Thumb Code     0  startup_stm32f10x_md.o(.text)
    SPI2_IRQHandler                          0x080003e3   Thumb Code     0  startup_stm32f10x_md.o(.text)
    TAMPER_IRQHandler                        0x080003e3   Thumb Code     0  startup_stm32f10x_md.o(.text)
    TIM1_BRK_IRQHandler                      0x080003e3   Thumb Code     0  startup_stm32f10x_md.o(.text)
    TIM1_CC_IRQHandler                       0x080003e3   Thumb Code     0  startup_stm32f10x_md.o(.text)
    TIM1_TRG_COM_IRQHandler                  0x080003e3   Thumb Code     0  startup_stm32f10x_md.o(.text)
    TIM1_UP_IRQHandler                       0x080003e3   Thumb Code     0  startup_stm32f10x_md.o(.text)
    TIM2_IRQHandler                          0x080003e3   Thumb Code     0  startup_stm32f10x_md.o(.text)
    TIM4_IRQHandler                          0x080003e3   Thumb Code     0  startup_stm32f10x_md.o(.text)
    USART2_IRQHandler                        0x080003e3   Thumb Code     0  startup_stm32f10x_md.o(.text)
    USART3_IRQHandler                        0x080003e3   Thumb Code     0  startup_stm32f10x_md.o(.text)
    USBWakeUp_IRQHandler                     0x080003e3   Thumb Code     0  startup_stm32f10x_md.o(.text)
    USB_HP_CAN1_TX_IRQHandler                0x080003e3   Thumb Code     0  startup_stm32f10x_md.o(.text)
    USB_LP_CAN1_RX0_IRQHandler               0x080003e3   Thumb Code     0  startup_stm32f10x_md.o(.text)
    WWDG_IRQHandler                          0x080003e3   Thumb Code     0  startup_stm32f10x_md.o(.text)
    __user_initial_stackheap                 0x080003e5   Thumb Code     0  startup_stm32f10x_md.o(.text)
    NVIC_PriorityGroupConfig                 0x08000409   Thumb Code    10  misc.o(.text)
    NVIC_Init                                0x08000413   Thumb Code   100  misc.o(.text)
    NVIC_SetVectorTable                      0x08000477   Thumb Code    14  misc.o(.text)
    NVIC_SystemLPConfig                      0x08000485   Thumb Code    34  misc.o(.text)
    SysTick_CLKSourceConfig                  0x080004a7   Thumb Code    40  misc.o(.text)
    GPIO_DeInit                              0x080004e5   Thumb Code   172  stm32f10x_gpio.o(.text)
    GPIO_AFIODeInit                          0x08000591   Thumb Code    20  stm32f10x_gpio.o(.text)
    GPIO_Init                                0x080005a5   Thumb Code   278  stm32f10x_gpio.o(.text)
    GPIO_StructInit                          0x080006bb   Thumb Code    16  stm32f10x_gpio.o(.text)
    GPIO_ReadInputDataBit                    0x080006cb   Thumb Code    18  stm32f10x_gpio.o(.text)
    GPIO_ReadInputData                       0x080006dd   Thumb Code     8  stm32f10x_gpio.o(.text)
    GPIO_ReadOutputDataBit                   0x080006e5   Thumb Code    18  stm32f10x_gpio.o(.text)
    GPIO_ReadOutputData                      0x080006f7   Thumb Code     8  stm32f10x_gpio.o(.text)
    GPIO_SetBits                             0x080006ff   Thumb Code     4  stm32f10x_gpio.o(.text)
    GPIO_ResetBits                           0x08000703   Thumb Code     4  stm32f10x_gpio.o(.text)
    GPIO_WriteBit                            0x08000707   Thumb Code    10  stm32f10x_gpio.o(.text)
    GPIO_Write                               0x08000711   Thumb Code     4  stm32f10x_gpio.o(.text)
    GPIO_PinLockConfig                       0x08000715   Thumb Code    18  stm32f10x_gpio.o(.text)
    GPIO_EventOutputConfig                   0x08000727   Thumb Code    26  stm32f10x_gpio.o(.text)
    GPIO_EventOutputCmd                      0x08000741   Thumb Code     6  stm32f10x_gpio.o(.text)
    GPIO_PinRemapConfig                      0x08000747   Thumb Code   138  stm32f10x_gpio.o(.text)
    GPIO_EXTILineConfig                      0x080007d1   Thumb Code    66  stm32f10x_gpio.o(.text)
    GPIO_ETH_MediaInterfaceConfig            0x08000813   Thumb Code     8  stm32f10x_gpio.o(.text)
    RCC_DeInit                               0x08000841   Thumb Code    64  stm32f10x_rcc.o(.text)
    RCC_HSEConfig                            0x08000881   Thumb Code    70  stm32f10x_rcc.o(.text)
    RCC_GetFlagStatus                        0x080008c7   Thumb Code    56  stm32f10x_rcc.o(.text)
    RCC_WaitForHSEStartUp                    0x080008ff   Thumb Code    56  stm32f10x_rcc.o(.text)
    RCC_AdjustHSICalibrationValue            0x08000937   Thumb Code    20  stm32f10x_rcc.o(.text)
    RCC_HSICmd                               0x0800094b   Thumb Code     6  stm32f10x_rcc.o(.text)
    RCC_PLLConfig                            0x08000951   Thumb Code    24  stm32f10x_rcc.o(.text)
    RCC_PLLCmd                               0x08000969   Thumb Code     6  stm32f10x_rcc.o(.text)
    RCC_SYSCLKConfig                         0x0800096f   Thumb Code    18  stm32f10x_rcc.o(.text)
    RCC_GetSYSCLKSource                      0x08000981   Thumb Code    10  stm32f10x_rcc.o(.text)
    RCC_HCLKConfig                           0x0800098b   Thumb Code    18  stm32f10x_rcc.o(.text)
    RCC_PCLK1Config                          0x0800099d   Thumb Code    18  stm32f10x_rcc.o(.text)
    RCC_PCLK2Config                          0x080009af   Thumb Code    20  stm32f10x_rcc.o(.text)
    RCC_ITConfig                             0x080009c3   Thumb Code    26  stm32f10x_rcc.o(.text)
    RCC_USBCLKConfig                         0x080009dd   Thumb Code     8  stm32f10x_rcc.o(.text)
    RCC_ADCCLKConfig                         0x080009e5   Thumb Code    18  stm32f10x_rcc.o(.text)
    RCC_LSEConfig                            0x080009f7   Thumb Code    50  stm32f10x_rcc.o(.text)
    RCC_LSICmd                               0x08000a29   Thumb Code     6  stm32f10x_rcc.o(.text)
    RCC_RTCCLKConfig                         0x08000a2f   Thumb Code    12  stm32f10x_rcc.o(.text)
    RCC_RTCCLKCmd                            0x08000a3b   Thumb Code     8  stm32f10x_rcc.o(.text)
    RCC_GetClocksFreq                        0x08000a43   Thumb Code   192  stm32f10x_rcc.o(.text)
    RCC_AHBPeriphClockCmd                    0x08000b03   Thumb Code    26  stm32f10x_rcc.o(.text)
    RCC_APB2PeriphClockCmd                   0x08000b1d   Thumb Code    26  stm32f10x_rcc.o(.text)
    RCC_APB1PeriphClockCmd                   0x08000b37   Thumb Code    26  stm32f10x_rcc.o(.text)
    RCC_APB2PeriphResetCmd                   0x08000b51   Thumb Code    26  stm32f10x_rcc.o(.text)
    RCC_APB1PeriphResetCmd                   0x08000b6b   Thumb Code    26  stm32f10x_rcc.o(.text)
    RCC_BackupResetCmd                       0x08000b85   Thumb Code     8  stm32f10x_rcc.o(.text)
    RCC_ClockSecuritySystemCmd               0x08000b8d   Thumb Code     6  stm32f10x_rcc.o(.text)
    RCC_MCOConfig                            0x08000b93   Thumb Code     6  stm32f10x_rcc.o(.text)
    RCC_ClearFlag                            0x08000b99   Thumb Code    14  stm32f10x_rcc.o(.text)
    RCC_GetITStatus                          0x08000ba7   Thumb Code    20  stm32f10x_rcc.o(.text)
    RCC_ClearITPendingBit                    0x08000bbb   Thumb Code     6  stm32f10x_rcc.o(.text)
    USART_DeInit                             0x08000be5   Thumb Code   134  stm32f10x_usart.o(.text)
    USART_Init                               0x08000c6b   Thumb Code   210  stm32f10x_usart.o(.text)
    USART_StructInit                         0x08000d3d   Thumb Code    24  stm32f10x_usart.o(.text)
    USART_ClockInit                          0x08000d55   Thumb Code    34  stm32f10x_usart.o(.text)
    USART_ClockStructInit                    0x08000d77   Thumb Code    12  stm32f10x_usart.o(.text)
    USART_Cmd                                0x08000d83   Thumb Code    24  stm32f10x_usart.o(.text)
    USART_ITConfig                           0x08000d9b   Thumb Code    74  stm32f10x_usart.o(.text)
    USART_DMACmd                             0x08000de5   Thumb Code    18  stm32f10x_usart.o(.text)
    USART_SetAddress                         0x08000df7   Thumb Code    18  stm32f10x_usart.o(.text)
    USART_WakeUpConfig                       0x08000e09   Thumb Code    18  stm32f10x_usart.o(.text)
    USART_ReceiverWakeUpCmd                  0x08000e1b   Thumb Code    24  stm32f10x_usart.o(.text)
    USART_LINBreakDetectLengthConfig         0x08000e33   Thumb Code    18  stm32f10x_usart.o(.text)
    USART_LINCmd                             0x08000e45   Thumb Code    24  stm32f10x_usart.o(.text)
    USART_SendData                           0x08000e5d   Thumb Code     8  stm32f10x_usart.o(.text)
    USART_ReceiveData                        0x08000e65   Thumb Code    10  stm32f10x_usart.o(.text)
    USART_SendBreak                          0x08000e6f   Thumb Code    10  stm32f10x_usart.o(.text)
    USART_SetGuardTime                       0x08000e79   Thumb Code    16  stm32f10x_usart.o(.text)
    USART_SetPrescaler                       0x08000e89   Thumb Code    16  stm32f10x_usart.o(.text)
    USART_SmartCardCmd                       0x08000e99   Thumb Code    24  stm32f10x_usart.o(.text)
    USART_SmartCardNACKCmd                   0x08000eb1   Thumb Code    24  stm32f10x_usart.o(.text)
    USART_HalfDuplexCmd                      0x08000ec9   Thumb Code    24  stm32f10x_usart.o(.text)
    USART_OverSampling8Cmd                   0x08000ee1   Thumb Code    22  stm32f10x_usart.o(.text)
    USART_OneBitMethodCmd                    0x08000ef7   Thumb Code    24  stm32f10x_usart.o(.text)
    USART_IrDAConfig                         0x08000f0f   Thumb Code    18  stm32f10x_usart.o(.text)
    USART_IrDACmd                            0x08000f21   Thumb Code    24  stm32f10x_usart.o(.text)
    USART_GetFlagStatus                      0x08000f39   Thumb Code    26  stm32f10x_usart.o(.text)
    USART_ClearFlag                          0x08000f53   Thumb Code    18  stm32f10x_usart.o(.text)
    USART_GetITStatus                        0x08000f65   Thumb Code    84  stm32f10x_usart.o(.text)
    USART_ClearITPendingBit                  0x08000fb9   Thumb Code    52  stm32f10x_usart.o(.text)
    TIM_DeInit                               0x08000fed   Thumb Code   424  stm32f10x_tim.o(.text)
    TIM_TimeBaseInit                         0x08001195   Thumb Code   122  stm32f10x_tim.o(.text)
    TIM_OC1Init                              0x0800120f   Thumb Code   132  stm32f10x_tim.o(.text)
    TIM_OC2Init                              0x08001293   Thumb Code   154  stm32f10x_tim.o(.text)
    TIM_OC3Init                              0x0800132d   Thumb Code   150  stm32f10x_tim.o(.text)
    TIM_OC4Init                              0x080013c3   Thumb Code   182  stm32f10x_tim.o(.text)
    TIM_SetIC4Prescaler                      0x08001479   Thumb Code    26  stm32f10x_tim.o(.text)
    TIM_SetIC3Prescaler                      0x08001515   Thumb Code    18  stm32f10x_tim.o(.text)
    TIM_SetIC2Prescaler                      0x080015a1   Thumb Code    26  stm32f10x_tim.o(.text)
    TIM_SetIC1Prescaler                      0x0800163d   Thumb Code    18  stm32f10x_tim.o(.text)
    TIM_ICInit                               0x080016bb   Thumb Code   150  stm32f10x_tim.o(.text)
    TIM_PWMIConfig                           0x08001751   Thumb Code   124  stm32f10x_tim.o(.text)
    TIM_BDTRConfig                           0x080017cd   Thumb Code    32  stm32f10x_tim.o(.text)
    TIM_TimeBaseStructInit                   0x080017ed   Thumb Code    18  stm32f10x_tim.o(.text)
    TIM_OCStructInit                         0x080017ff   Thumb Code    20  stm32f10x_tim.o(.text)
    TIM_ICStructInit                         0x08001813   Thumb Code    18  stm32f10x_tim.o(.text)
    TIM_BDTRStructInit                       0x08001825   Thumb Code    40  stm32f10x_tim.o(.text)
    TIM_Cmd                                  0x0800184d   Thumb Code    24  stm32f10x_tim.o(.text)
    TIM_CtrlPWMOutputs                       0x08001865   Thumb Code    30  stm32f10x_tim.o(.text)
    TIM_ITConfig                             0x08001883   Thumb Code    18  stm32f10x_tim.o(.text)
    TIM_GenerateEvent                        0x08001895   Thumb Code     4  stm32f10x_tim.o(.text)
    TIM_DMAConfig                            0x08001899   Thumb Code    10  stm32f10x_tim.o(.text)
    TIM_DMACmd                               0x080018a3   Thumb Code    18  stm32f10x_tim.o(.text)
    TIM_InternalClockConfig                  0x080018b5   Thumb Code    12  stm32f10x_tim.o(.text)
    TIM_SelectInputTrigger                   0x080018c1   Thumb Code    18  stm32f10x_tim.o(.text)
    TIM_ITRxExternalClockConfig              0x080018d3   Thumb Code    24  stm32f10x_tim.o(.text)
    TIM_TIxExternalClockConfig               0x080018eb   Thumb Code    62  stm32f10x_tim.o(.text)
    TIM_ETRConfig                            0x08001929   Thumb Code    28  stm32f10x_tim.o(.text)
    TIM_ETRClockMode1Config                  0x08001945   Thumb Code    54  stm32f10x_tim.o(.text)
    TIM_ETRClockMode2Config                  0x0800197b   Thumb Code    32  stm32f10x_tim.o(.text)
    TIM_PrescalerConfig                      0x0800199b   Thumb Code     6  stm32f10x_tim.o(.text)
    TIM_CounterModeConfig                    0x080019a1   Thumb Code    18  stm32f10x_tim.o(.text)
    TIM_EncoderInterfaceConfig               0x080019b3   Thumb Code    66  stm32f10x_tim.o(.text)
    TIM_ForcedOC1Config                      0x080019f5   Thumb Code    18  stm32f10x_tim.o(.text)
    TIM_ForcedOC2Config                      0x08001a07   Thumb Code    26  stm32f10x_tim.o(.text)
    TIM_ForcedOC3Config                      0x08001a21   Thumb Code    18  stm32f10x_tim.o(.text)
    TIM_ForcedOC4Config                      0x08001a33   Thumb Code    26  stm32f10x_tim.o(.text)
    TIM_ARRPreloadConfig                     0x08001a4d   Thumb Code    24  stm32f10x_tim.o(.text)
    TIM_SelectCOM                            0x08001a65   Thumb Code    24  stm32f10x_tim.o(.text)
    TIM_SelectCCDMA                          0x08001a7d   Thumb Code    24  stm32f10x_tim.o(.text)
    TIM_CCPreloadControl                     0x08001a95   Thumb Code    24  stm32f10x_tim.o(.text)
    TIM_OC1PreloadConfig                     0x08001aad   Thumb Code    18  stm32f10x_tim.o(.text)
    TIM_OC2PreloadConfig                     0x08001abf   Thumb Code    26  stm32f10x_tim.o(.text)
    TIM_OC3PreloadConfig                     0x08001ad9   Thumb Code    18  stm32f10x_tim.o(.text)
    TIM_OC4PreloadConfig                     0x08001aeb   Thumb Code    26  stm32f10x_tim.o(.text)
    TIM_OC1FastConfig                        0x08001b05   Thumb Code    18  stm32f10x_tim.o(.text)
    TIM_OC2FastConfig                        0x08001b17   Thumb Code    26  stm32f10x_tim.o(.text)
    TIM_OC3FastConfig                        0x08001b31   Thumb Code    18  stm32f10x_tim.o(.text)
    TIM_OC4FastConfig                        0x08001b43   Thumb Code    26  stm32f10x_tim.o(.text)
    TIM_ClearOC1Ref                          0x08001b5d   Thumb Code    18  stm32f10x_tim.o(.text)
    TIM_ClearOC2Ref                          0x08001b6f   Thumb Code    24  stm32f10x_tim.o(.text)
    TIM_ClearOC3Ref                          0x08001b87   Thumb Code    18  stm32f10x_tim.o(.text)
    TIM_ClearOC4Ref                          0x08001b99   Thumb Code    24  stm32f10x_tim.o(.text)
    TIM_OC1PolarityConfig                    0x08001bb1   Thumb Code    18  stm32f10x_tim.o(.text)
    TIM_OC1NPolarityConfig                   0x08001bc3   Thumb Code    18  stm32f10x_tim.o(.text)
    TIM_OC2PolarityConfig                    0x08001bd5   Thumb Code    26  stm32f10x_tim.o(.text)
    TIM_OC2NPolarityConfig                   0x08001bef   Thumb Code    26  stm32f10x_tim.o(.text)
    TIM_OC3PolarityConfig                    0x08001c09   Thumb Code    26  stm32f10x_tim.o(.text)
    TIM_OC3NPolarityConfig                   0x08001c23   Thumb Code    26  stm32f10x_tim.o(.text)
    TIM_OC4PolarityConfig                    0x08001c3d   Thumb Code    26  stm32f10x_tim.o(.text)
    TIM_CCxCmd                               0x08001c57   Thumb Code    30  stm32f10x_tim.o(.text)
    TIM_CCxNCmd                              0x08001c75   Thumb Code    30  stm32f10x_tim.o(.text)
    TIM_SelectOCxM                           0x08001c93   Thumb Code    82  stm32f10x_tim.o(.text)
    TIM_UpdateDisableConfig                  0x08001ce5   Thumb Code    24  stm32f10x_tim.o(.text)
    TIM_UpdateRequestConfig                  0x08001cfd   Thumb Code    24  stm32f10x_tim.o(.text)
    TIM_SelectHallSensor                     0x08001d15   Thumb Code    24  stm32f10x_tim.o(.text)
    TIM_SelectOnePulseMode                   0x08001d2d   Thumb Code    18  stm32f10x_tim.o(.text)
    TIM_SelectOutputTrigger                  0x08001d3f   Thumb Code    18  stm32f10x_tim.o(.text)
    TIM_SelectSlaveMode                      0x08001d51   Thumb Code    18  stm32f10x_tim.o(.text)
    TIM_SelectMasterSlaveMode                0x08001d63   Thumb Code    18  stm32f10x_tim.o(.text)
    TIM_SetCounter                           0x08001d75   Thumb Code     4  stm32f10x_tim.o(.text)
    TIM_SetAutoreload                        0x08001d79   Thumb Code     4  stm32f10x_tim.o(.text)
    TIM_SetCompare1                          0x08001d7d   Thumb Code     4  stm32f10x_tim.o(.text)
    TIM_SetCompare2                          0x08001d81   Thumb Code     4  stm32f10x_tim.o(.text)
    TIM_SetCompare3                          0x08001d85   Thumb Code     4  stm32f10x_tim.o(.text)
    TIM_SetCompare4                          0x08001d89   Thumb Code     6  stm32f10x_tim.o(.text)
    TIM_SetClockDivision                     0x08001d8f   Thumb Code    18  stm32f10x_tim.o(.text)
    TIM_GetCapture1                          0x08001da1   Thumb Code     6  stm32f10x_tim.o(.text)
    TIM_GetCapture2                          0x08001da7   Thumb Code     6  stm32f10x_tim.o(.text)
    TIM_GetCapture3                          0x08001dad   Thumb Code     6  stm32f10x_tim.o(.text)
    TIM_GetCapture4                          0x08001db3   Thumb Code     8  stm32f10x_tim.o(.text)
    TIM_GetCounter                           0x08001dbb   Thumb Code     6  stm32f10x_tim.o(.text)
    TIM_GetPrescaler                         0x08001dc1   Thumb Code     6  stm32f10x_tim.o(.text)
    TIM_GetFlagStatus                        0x08001dc7   Thumb Code    18  stm32f10x_tim.o(.text)
    TIM_ClearFlag                            0x08001dd9   Thumb Code     6  stm32f10x_tim.o(.text)
    TIM_GetITStatus                          0x08001ddf   Thumb Code    34  stm32f10x_tim.o(.text)
    TIM_ClearITPendingBit                    0x08001e01   Thumb Code     6  stm32f10x_tim.o(.text)
    delay_init                               0x08001e09   Thumb Code    50  delay.o(.text)
    delay_us                                 0x08001e3b   Thumb Code    72  delay.o(.text)
    delay_ms                                 0x08001e83   Thumb Code    72  delay.o(.text)
    NVIC_Configuration                       0x08001edd   Thumb Code    12  sys.o(.text)
    _sys_exit                                0x08001ee9   Thumb Code     6  usart.o(.text)
    fputc                                    0x08001eef   Thumb Code    24  usart.o(.text)
    uart_init                                0x08001f07   Thumb Code   164  usart.o(.text)
    USART1_IRQHandler                        0x08001fab   Thumb Code   148  usart.o(.text)
    data_process                             0x0800206d   Thumb Code   182  control.o(.text)
    Infrared_mode                            0x08002123   Thumb Code   426  control.o(.text)
    angle_mode                               0x080022cd   Thumb Code   164  control.o(.text)
    run                                      0x08002371   Thumb Code   124  control.o(.text)
    Page1                                    0x08002441   Thumb Code   150  display.o(.text)
    Page2                                    0x080024d7   Thumb Code   156  display.o(.text)
    display                                  0x08002573   Thumb Code   246  display.o(.text)
    KEY_Init                                 0x080026e5   Thumb Code    56  key.o(.text)
    Infrared_Init                            0x0800271d   Thumb Code    32  key.o(.text)
    KEY_Scan                                 0x0800273d   Thumb Code   242  key.o(.text)
    OLED_WR_Byte                             0x0800283d   Thumb Code    96  oled.o(.text)
    OLED_DLY_ms                              0x0800289d   Thumb Code    24  oled.o(.text)
    OLED_WrDat                               0x080028b5   Thumb Code    92  oled.o(.text)
    OLED_WrCmd                               0x08002911   Thumb Code    88  oled.o(.text)
    OLED_Fill                                0x08002969   Thumb Code    58  oled.o(.text)
    OLED_Init                                0x080029a3   Thumb Code   328  oled.o(.text)
    OLED_Set_Pos                             0x08002aeb   Thumb Code    36  oled.o(.text)
    OLED_CLS                                 0x08002b0f   Thumb Code    56  oled.o(.text)
    adjust                                   0x08002b47   Thumb Code    12  oled.o(.text)
    SetStartColumn                           0x08002b53   Thumb Code    44  oled.o(.text)
    SetAddressingMode                        0x08002b7f   Thumb Code    18  oled.o(.text)
    SetColumnAddress                         0x08002b91   Thumb Code    26  oled.o(.text)
    SetPageAddress                           0x08002bab   Thumb Code    26  oled.o(.text)
    SetStartLine                             0x08002bc5   Thumb Code    14  oled.o(.text)
    SetContrastControl                       0x08002bd3   Thumb Code    18  oled.o(.text)
    Set_Charge_Pump                          0x08002be5   Thumb Code    20  oled.o(.text)
    Set_Segment_Remap                        0x08002bf9   Thumb Code    14  oled.o(.text)
    Set_Entire_Display                       0x08002c07   Thumb Code    14  oled.o(.text)
    Set_Inverse_Display                      0x08002c15   Thumb Code    28  oled.o(.text)
    Set_Multiplex_Ratio                      0x08002c31   Thumb Code    18  oled.o(.text)
    Set_Display_On_Off                       0x08002c43   Thumb Code    14  oled.o(.text)
    SetStartPage                             0x08002c51   Thumb Code    14  oled.o(.text)
    Set_Common_Remap                         0x08002c5f   Thumb Code    14  oled.o(.text)
    Set_Display_Offset                       0x08002c6d   Thumb Code    18  oled.o(.text)
    Set_Display_Clock                        0x08002c7f   Thumb Code    18  oled.o(.text)
    Set_Precharge_Period                     0x08002c91   Thumb Code    18  oled.o(.text)
    Set_Common_Config                        0x08002ca3   Thumb Code    20  oled.o(.text)
    Set_VCOMH                                0x08002cb7   Thumb Code    18  oled.o(.text)
    Set_NOP                                  0x08002cc9   Thumb Code    10  oled.o(.text)
    OLED_P6x8Str                             0x08002cd3   Thumb Code    96  oled.o(.text)
    OLED_P8x16Str                            0x08002d33   Thumb Code   130  oled.o(.text)
    OLED_P14x16Str                           0x08002db5   Thumb Code   246  oled.o(.text)
    OLED_Print                               0x08002eab   Thumb Code   100  oled.o(.text)
    Dis_Char                                 0x08002f0f   Thumb Code    34  oled.o(.text)
    Dis_String                               0x08002f31   Thumb Code   104  oled.o(.text)
    Dis_Num                                  0x08002f99   Thumb Code   160  oled.o(.text)
    Dis_Float                                0x08003039   Thumb Code   464  oled.o(.text)
    Dis_Float2                               0x08003209   Thumb Code   354  oled.o(.text)
    Draw_Logo                                0x0800336b   Thumb Code    50  oled.o(.text)
    OLED_DrawBMP                             0x0800339d   Thumb Code   118  oled.o(.text)
    OLED_P8x16Num_8bit                       0x08003413   Thumb Code    60  oled.o(.text)
    OLED_P6x8Num_8bit                        0x0800344f   Thumb Code    60  oled.o(.text)
    OLED_Num                                 0x0800348b   Thumb Code    60  oled.o(.text)
    OLED_2num                                0x080034c7   Thumb Code    58  oled.o(.text)
    OLED_3num                                0x08003501   Thumb Code    84  oled.o(.text)
    OLED_4num                                0x08003555   Thumb Code   134  oled.o(.text)
    OLED_Num5                                0x080035db   Thumb Code   166  oled.o(.text)
    OLED_WR_Byte1                            0x08003681   Thumb Code    88  oled.o(.text)
    OLED_Clear                               0x080036d9   Thumb Code    64  oled.o(.text)
    OLED_Set_Pos1                            0x08003719   Thumb Code    46  oled.o(.text)
    OLED_ShowChar1                           0x08003747   Thumb Code   102  oled.o(.text)
    OLED_ShowString1                         0x080037ad   Thumb Code    54  oled.o(.text)
    OLED_ShowCHinese1                        0x080037e3   Thumb Code    88  oled.o(.text)
    display_page1                            0x0800383b   Thumb Code   210  oled.o(.text)
    display_page2                            0x0800390d   Thumb Code   200  oled.o(.text)
    display_page3                            0x080039d5   Thumb Code   262  oled.o(.text)
    display_page4                            0x08003adb   Thumb Code   208  oled.o(.text)
    OLED_SetChar                             0x08003bab   Thumb Code   130  oled.o(.text)
    TIM1_Int_Init                            0x08003c41   Thumb Code   188  timer.o(.text)
    TIM3_Int_Init                            0x08003cfd   Thumb Code    80  timer.o(.text)
    TIM3_IRQHandler                          0x08003d4d   Thumb Code   104  timer.o(.text)
    __use_no_semihosting                     0x08003dd1   Thumb Code     2  use_no_semi_2.o(.text)
    __use_two_region_memory                  0x08003dd3   Thumb Code     2  heapauxi.o(.text)
    __rt_heap_escrow$2region                 0x08003dd5   Thumb Code     2  heapauxi.o(.text)
    __rt_heap_expand$2region                 0x08003dd7   Thumb Code     2  heapauxi.o(.text)
    __I$use$semihosting                      0x08003dd9   Thumb Code     0  use_no_semi.o(.text)
    __use_no_semihosting_swi                 0x08003dd9   Thumb Code     2  use_no_semi.o(.text)
    __user_setup_stackheap                   0x08003ddb   Thumb Code    74  sys_stackheap_outer.o(.text)
    exit                                     0x08003e25   Thumb Code    18  exit.o(.text)
    __user_libspace                          0x08003e39   Thumb Code     8  libspace.o(.text)
    __user_perproc_libspace                  0x08003e39   Thumb Code     0  libspace.o(.text)
    __user_perthread_libspace                0x08003e39   Thumb Code     0  libspace.o(.text)
    __aeabi_dadd                             0x08003e41   Thumb Code     0  daddsub_clz.o(x$fpl$dadd)
    _dadd                                    0x08003e41   Thumb Code   332  daddsub_clz.o(x$fpl$dadd)
    __fpl_dcmp_Inf                           0x08003f91   Thumb Code    24  dcmpi.o(x$fpl$dcmpinf)
    __aeabi_d2iz                             0x08003fa9   Thumb Code     0  dfix.o(x$fpl$dfix)
    _dfix                                    0x08003fa9   Thumb Code    94  dfix.o(x$fpl$dfix)
    __aeabi_d2uiz                            0x08004009   Thumb Code     0  dfixu.o(x$fpl$dfixu)
    _dfixu                                   0x08004009   Thumb Code    90  dfixu.o(x$fpl$dfixu)
    __aeabi_i2d                              0x08004063   Thumb Code     0  dflt_clz.o(x$fpl$dflt)
    _dflt                                    0x08004063   Thumb Code    46  dflt_clz.o(x$fpl$dflt)
    __aeabi_ui2d                             0x08004091   Thumb Code     0  dflt_clz.o(x$fpl$dfltu)
    _dfltu                                   0x08004091   Thumb Code    38  dflt_clz.o(x$fpl$dfltu)
    __aeabi_cdcmple                          0x080040b9   Thumb Code     0  dleqf.o(x$fpl$dleqf)
    _dcmple                                  0x080040b9   Thumb Code   120  dleqf.o(x$fpl$dleqf)
    __fpl_dcmple_InfNaN                      0x0800411b   Thumb Code     0  dleqf.o(x$fpl$dleqf)
    __aeabi_dmul                             0x08004131   Thumb Code     0  dmul.o(x$fpl$dmul)
    _dmul                                    0x08004131   Thumb Code   332  dmul.o(x$fpl$dmul)
    __fpl_dnaninf                            0x08004285   Thumb Code   156  dnaninf.o(x$fpl$dnaninf)
    __fpl_dretinf                            0x08004321   Thumb Code    12  dretinf.o(x$fpl$dretinf)
    __aeabi_drsub                            0x0800432d   Thumb Code     0  daddsub_clz.o(x$fpl$drsb)
    _drsb                                    0x0800432d   Thumb Code    22  daddsub_clz.o(x$fpl$drsb)
    __aeabi_dsub                             0x08004345   Thumb Code     0  daddsub_clz.o(x$fpl$dsub)
    _dsub                                    0x08004345   Thumb Code   464  daddsub_clz.o(x$fpl$dsub)
    F6x8                                     0x08004518   Data         552  oled.o(.constdata)
    __I$use$fp                               0x08004518   Number         0  usenofp.o(x$fpl$usenofp)
    F14x16_Idx                               0x08004740   Data          17  oled.o(.constdata)
    F14x16                                   0x08004751   Data         224  oled.o(.constdata)
    F8X16                                    0x08004831   Data        1520  oled.o(.constdata)
    LOGO128x64                               0x08004e21   Data        1024  oled.o(.constdata)
    Hzk                                      0x08005221   Data        2176  oled.o(.constdata)
    JMU_LOGO                                 0x08005aa1   Data         960  oled.o(.constdata)
    ETA_LOGO1                                0x08005e61   Data         880  oled.o(.constdata)
    ETA_LOGO2                                0x080061d1   Data         770  oled.o(.constdata)
    Region$$Table$$Base                      0x080064d4   Number         0  anon$$obj.o(Region$$Table)
    Region$$Table$$Limit                     0x080064f4   Number         0  anon$$obj.o(Region$$Table)
    Motor1                                   0x20000000   Data           4  main.o(.data)
    Motor2                                   0x20000004   Data           4  main.o(.data)
    Motor3                                   0x20000008   Data           4  main.o(.data)
    Motor4                                   0x2000000c   Data           4  main.o(.data)
    key_v                                    0x20000010   Data           1  main.o(.data)
    receive_data                             0x20000011   Data           8  main.o(.data)
    pitch_L                                  0x20000019   Data           1  main.o(.data)
    pitch_H                                  0x2000001a   Data           1  main.o(.data)
    roll_L                                   0x2000001b   Data           1  main.o(.data)
    roll_H                                   0x2000001c   Data           1  main.o(.data)
    yaw_L                                    0x2000001d   Data           1  main.o(.data)
    yaw_H                                    0x2000001e   Data           1  main.o(.data)
    Pitch                                    0x20000020   Data           2  main.o(.data)
    Roll                                     0x20000022   Data           2  main.o(.data)
    Yaw                                      0x20000024   Data           2  main.o(.data)
    start_flag                               0x20000026   Data           1  main.o(.data)
    mode_flag                                0x20000027   Data           1  main.o(.data)
    SystemCoreClock                          0x20000028   Data           4  system_stm32f10x.o(.data)
    AHBPrescTable                            0x2000002c   Data          16  system_stm32f10x.o(.data)
    recvice_data                             0x20000054   Data           8  usart.o(.data)
    recvice_data_number                      0x2000005c   Data           1  usart.o(.data)
    __stdout                                 0x20000060   Data           4  usart.o(.data)
    USART_RX_STA                             0x20000064   Data           2  usart.o(.data)
    recvice_flag                             0x20000066   Data           1  control.o(.data)
    stop_flag                                0x20000067   Data           1  control.o(.data)
    test                                     0x20000068   Data           2  control.o(.data)
    display_page                             0x2000006a   Data           1  display.o(.data)
    up_dowm                                  0x2000006b   Data           1  display.o(.data)
    left_right                               0x2000006c   Data           1  display.o(.data)
    tempI1                                   0x2000006e   Data           2  oled.o(.data)
    tempI2                                   0x20000070   Data           2  oled.o(.data)
    tempI3                                   0x20000072   Data           2  oled.o(.data)
    tempI4                                   0x20000074   Data           2  oled.o(.data)
    tempV1                                   0x20000076   Data           2  oled.o(.data)
    tempV2                                   0x20000078   Data           2  oled.o(.data)
    tempV3                                   0x2000007a   Data           2  oled.o(.data)
    tempV4                                   0x2000007c   Data           2  oled.o(.data)
    stop_cpunt                               0x2000007e   Data           2  timer.o(.data)
    __libspace_start                         0x20000080   Data          96  libspace.o(.bss)
    __temporary_stack_top$libspace           0x200000e0   Data           0  libspace.o(.bss)



==============================================================================

Memory Map of the image

  Image Entry point : 0x080000ed

  Load Region LR_IROM1 (Base: 0x08000000, Size: 0x00006574, Max: 0x00010000, ABSOLUTE)

    Execution Region ER_IROM1 (Exec base: 0x08000000, Load base: 0x08000000, Size: 0x000064f4, Max: 0x00010000, ABSOLUTE)

    Exec Addr    Load Addr    Size         Type   Attr      Idx    E Section Name        Object

    0x08000000   0x08000000   0x000000ec   Data   RO          131    RESET               startup_stm32f10x_md.o
    0x080000ec   0x080000ec   0x00000008   Code   RO          351  * !!!main             c_w.l(__main.o)
    0x080000f4   0x080000f4   0x00000034   Code   RO          537    !!!scatter          c_w.l(__scatter.o)
    0x08000128   0x08000128   0x0000001a   Code   RO          539    !!handler_copy      c_w.l(__scatter_copy.o)
    0x08000142   0x08000142   0x00000002   PAD
    0x08000144   0x08000144   0x0000001c   Code   RO          541    !!handler_zi        c_w.l(__scatter_zi.o)
    0x08000160   0x08000160   0x00000002   Code   RO          411    .ARM.Collect$$libinit$$00000000  c_w.l(libinit.o)
    0x08000162   0x08000162   0x00000000   Code   RO          418    .ARM.Collect$$libinit$$00000002  c_w.l(libinit2.o)
    0x08000162   0x08000162   0x00000000   Code   RO          420    .ARM.Collect$$libinit$$00000004  c_w.l(libinit2.o)
    0x08000162   0x08000162   0x00000000   Code   RO          423    .ARM.Collect$$libinit$$0000000A  c_w.l(libinit2.o)
    0x08000162   0x08000162   0x00000000   Code   RO          425    .ARM.Collect$$libinit$$0000000C  c_w.l(libinit2.o)
    0x08000162   0x08000162   0x00000000   Code   RO          427    .ARM.Collect$$libinit$$0000000E  c_w.l(libinit2.o)
    0x08000162   0x08000162   0x00000000   Code   RO          430    .ARM.Collect$$libinit$$00000011  c_w.l(libinit2.o)
    0x08000162   0x08000162   0x00000000   Code   RO          432    .ARM.Collect$$libinit$$00000013  c_w.l(libinit2.o)
    0x08000162   0x08000162   0x00000000   Code   RO          434    .ARM.Collect$$libinit$$00000015  c_w.l(libinit2.o)
    0x08000162   0x08000162   0x00000000   Code   RO          436    .ARM.Collect$$libinit$$00000017  c_w.l(libinit2.o)
    0x08000162   0x08000162   0x00000000   Code   RO          438    .ARM.Collect$$libinit$$00000019  c_w.l(libinit2.o)
    0x08000162   0x08000162   0x00000000   Code   RO          440    .ARM.Collect$$libinit$$0000001B  c_w.l(libinit2.o)
    0x08000162   0x08000162   0x00000000   Code   RO          442    .ARM.Collect$$libinit$$0000001D  c_w.l(libinit2.o)
    0x08000162   0x08000162   0x00000000   Code   RO          444    .ARM.Collect$$libinit$$0000001F  c_w.l(libinit2.o)
    0x08000162   0x08000162   0x00000000   Code   RO          446    .ARM.Collect$$libinit$$00000021  c_w.l(libinit2.o)
    0x08000162   0x08000162   0x00000000   Code   RO          448    .ARM.Collect$$libinit$$00000023  c_w.l(libinit2.o)
    0x08000162   0x08000162   0x00000000   Code   RO          450    .ARM.Collect$$libinit$$00000025  c_w.l(libinit2.o)
    0x08000162   0x08000162   0x00000000   Code   RO          454    .ARM.Collect$$libinit$$0000002C  c_w.l(libinit2.o)
    0x08000162   0x08000162   0x00000000   Code   RO          456    .ARM.Collect$$libinit$$0000002E  c_w.l(libinit2.o)
    0x08000162   0x08000162   0x00000000   Code   RO          458    .ARM.Collect$$libinit$$00000030  c_w.l(libinit2.o)
    0x08000162   0x08000162   0x00000000   Code   RO          460    .ARM.Collect$$libinit$$00000032  c_w.l(libinit2.o)
    0x08000162   0x08000162   0x00000002   Code   RO          461    .ARM.Collect$$libinit$$00000033  c_w.l(libinit2.o)
    0x08000164   0x08000164   0x00000002   Code   RO          479    .ARM.Collect$$libshutdown$$00000000  c_w.l(libshutdown.o)
    0x08000166   0x08000166   0x00000000   Code   RO          489    .ARM.Collect$$libshutdown$$00000002  c_w.l(libshutdown2.o)
    0x08000166   0x08000166   0x00000000   Code   RO          491    .ARM.Collect$$libshutdown$$00000004  c_w.l(libshutdown2.o)
    0x08000166   0x08000166   0x00000000   Code   RO          494    .ARM.Collect$$libshutdown$$00000007  c_w.l(libshutdown2.o)
    0x08000166   0x08000166   0x00000000   Code   RO          497    .ARM.Collect$$libshutdown$$0000000A  c_w.l(libshutdown2.o)
    0x08000166   0x08000166   0x00000000   Code   RO          499    .ARM.Collect$$libshutdown$$0000000C  c_w.l(libshutdown2.o)
    0x08000166   0x08000166   0x00000000   Code   RO          502    .ARM.Collect$$libshutdown$$0000000F  c_w.l(libshutdown2.o)
    0x08000166   0x08000166   0x00000002   Code   RO          503    .ARM.Collect$$libshutdown$$00000010  c_w.l(libshutdown2.o)
    0x08000168   0x08000168   0x00000000   Code   RO          379    .ARM.Collect$$rtentry$$00000000  c_w.l(__rtentry.o)
    0x08000168   0x08000168   0x00000000   Code   RO          388    .ARM.Collect$$rtentry$$00000002  c_w.l(__rtentry2.o)
    0x08000168   0x08000168   0x00000006   Code   RO          400    .ARM.Collect$$rtentry$$00000004  c_w.l(__rtentry4.o)
    0x0800016e   0x0800016e   0x00000000   Code   RO          390    .ARM.Collect$$rtentry$$00000009  c_w.l(__rtentry2.o)
    0x0800016e   0x0800016e   0x00000004   Code   RO          391    .ARM.Collect$$rtentry$$0000000A  c_w.l(__rtentry2.o)
    0x08000172   0x08000172   0x00000000   Code   RO          393    .ARM.Collect$$rtentry$$0000000C  c_w.l(__rtentry2.o)
    0x08000172   0x08000172   0x00000008   Code   RO          394    .ARM.Collect$$rtentry$$0000000D  c_w.l(__rtentry2.o)
    0x0800017a   0x0800017a   0x00000002   Code   RO          415    .ARM.Collect$$rtexit$$00000000  c_w.l(rtexit.o)
    0x0800017c   0x0800017c   0x00000000   Code   RO          463    .ARM.Collect$$rtexit$$00000002  c_w.l(rtexit2.o)
    0x0800017c   0x0800017c   0x00000004   Code   RO          464    .ARM.Collect$$rtexit$$00000003  c_w.l(rtexit2.o)
    0x08000180   0x08000180   0x00000006   Code   RO          465    .ARM.Collect$$rtexit$$00000004  c_w.l(rtexit2.o)
    0x08000186   0x08000186   0x00000002   PAD
    0x08000188   0x08000188   0x00000048   Code   RO            1    .text               main.o
    0x080001d0   0x080001d0   0x00000018   Code   RO           85    .text               stm32f10x_it.o
    0x080001e8   0x080001e8   0x000001e0   Code   RO          100    .text               system_stm32f10x.o
    0x080003c8   0x080003c8   0x00000040   Code   RO          132    .text               startup_stm32f10x_md.o
    0x08000408   0x08000408   0x000000dc   Code   RO          136    .text               misc.o
    0x080004e4   0x080004e4   0x0000035c   Code   RO          165    .text               stm32f10x_gpio.o
    0x08000840   0x08000840   0x000003a4   Code   RO          177    .text               stm32f10x_rcc.o
    0x08000be4   0x08000be4   0x00000408   Code   RO          191    .text               stm32f10x_usart.o
    0x08000fec   0x08000fec   0x00000e1a   Code   RO          203    .text               stm32f10x_tim.o
    0x08001e06   0x08001e06   0x00000002   PAD
    0x08001e08   0x08001e08   0x000000d4   Code   RO          215    .text               delay.o
    0x08001edc   0x08001edc   0x0000000c   Code   RO          229    .text               sys.o
    0x08001ee8   0x08001ee8   0x00000184   Code   RO          241    .text               usart.o
    0x0800206c   0x0800206c   0x000003d4   Code   RO          265    .text               control.o
    0x08002440   0x08002440   0x000002a4   Code   RO          281    .text               display.o
    0x080026e4   0x080026e4   0x00000158   Code   RO          297    .text               key.o
    0x0800283c   0x0800283c   0x00001404   Code   RO          310    .text               oled.o
    0x08003c40   0x08003c40   0x00000190   Code   RO          329    .text               timer.o
    0x08003dd0   0x08003dd0   0x00000002   Code   RO          347    .text               c_w.l(use_no_semi_2.o)
    0x08003dd2   0x08003dd2   0x00000006   Code   RO          349    .text               c_w.l(heapauxi.o)
    0x08003dd8   0x08003dd8   0x00000002   Code   RO          377    .text               c_w.l(use_no_semi.o)
    0x08003dda   0x08003dda   0x0000004a   Code   RO          402    .text               c_w.l(sys_stackheap_outer.o)
    0x08003e24   0x08003e24   0x00000012   Code   RO          404    .text               c_w.l(exit.o)
    0x08003e36   0x08003e36   0x00000002   PAD
    0x08003e38   0x08003e38   0x00000008   Code   RO          412    .text               c_w.l(libspace.o)
    0x08003e40   0x08003e40   0x00000150   Code   RO          353    x$fpl$dadd          fz_ws.l(daddsub_clz.o)
    0x08003f90   0x08003f90   0x00000018   Code   RO          380    x$fpl$dcmpinf       fz_ws.l(dcmpi.o)
    0x08003fa8   0x08003fa8   0x0000005e   Code   RO          359    x$fpl$dfix          fz_ws.l(dfix.o)
    0x08004006   0x08004006   0x00000002   PAD
    0x08004008   0x08004008   0x0000005a   Code   RO          363    x$fpl$dfixu         fz_ws.l(dfixu.o)
    0x08004062   0x08004062   0x0000002e   Code   RO          368    x$fpl$dflt          fz_ws.l(dflt_clz.o)
    0x08004090   0x08004090   0x00000026   Code   RO          367    x$fpl$dfltu         fz_ws.l(dflt_clz.o)
    0x080040b6   0x080040b6   0x00000002   PAD
    0x080040b8   0x080040b8   0x00000078   Code   RO          373    x$fpl$dleqf         fz_ws.l(dleqf.o)
    0x08004130   0x08004130   0x00000154   Code   RO          375    x$fpl$dmul          fz_ws.l(dmul.o)
    0x08004284   0x08004284   0x0000009c   Code   RO          382    x$fpl$dnaninf       fz_ws.l(dnaninf.o)
    0x08004320   0x08004320   0x0000000c   Code   RO          384    x$fpl$dretinf       fz_ws.l(dretinf.o)
    0x0800432c   0x0800432c   0x00000016   Code   RO          354    x$fpl$drsb          fz_ws.l(daddsub_clz.o)
    0x08004342   0x08004342   0x00000002   PAD
    0x08004344   0x08004344   0x000001d4   Code   RO          355    x$fpl$dsub          fz_ws.l(daddsub_clz.o)
    0x08004518   0x08004518   0x00000000   Code   RO          386    x$fpl$usenofp       fz_ws.l(usenofp.o)
    0x08004518   0x08004518   0x00001fbb   Data   RO          311    .constdata          oled.o
    0x080064d3   0x080064d3   0x00000001   PAD
    0x080064d4   0x080064d4   0x00000020   Data   RO          535    Region$$Table       anon$$obj.o


    Execution Region RW_IRAM1 (Exec base: 0x20000000, Load base: 0x080064f4, Size: 0x000006e0, Max: 0x00005000, ABSOLUTE)

    Exec Addr    Load Addr    Size         Type   Attr      Idx    E Section Name        Object

    0x20000000   0x080064f4   0x00000028   Data   RW            2    .data               main.o
    0x20000028   0x0800651c   0x00000014   Data   RW          101    .data               system_stm32f10x.o
    0x2000003c   0x08006530   0x00000014   Data   RW          178    .data               stm32f10x_rcc.o
    0x20000050   0x08006544   0x00000004   Data   RW          216    .data               delay.o
    0x20000054   0x08006548   0x00000012   Data   RW          243    .data               usart.o
    0x20000066   0x0800655a   0x00000004   Data   RW          266    .data               control.o
    0x2000006a   0x0800655e   0x00000003   Data   RW          282    .data               display.o
    0x2000006d   0x08006561   0x00000001   Data   RW          298    .data               key.o
    0x2000006e   0x08006562   0x00000010   Data   RW          312    .data               oled.o
    0x2000007e   0x08006572   0x00000002   Data   RW          330    .data               timer.o
    0x20000080        -       0x00000060   Zero   RW          413    .bss                c_w.l(libspace.o)
    0x200000e0        -       0x00000200   Zero   RW          130    HEAP                startup_stm32f10x_md.o
    0x200002e0        -       0x00000400   Zero   RW          129    STACK               startup_stm32f10x_md.o


==============================================================================

Image component sizes


      Code (inc. data)   RO Data    RW Data    ZI Data      Debug   Object Name

       980         84          0          4          0       1614   control.o
         0          0          0          0          0         32   core_cm3.o
       212         18          0          4          0       1039   delay.o
       676        124          0          3          0       1244   display.o
       344         14          0          1          0       1030   key.o
        72          4          0         40          0     251422   main.o
       220         22          0          0          0     205149   misc.o
      5124        128       8123         16          0      17127   oled.o
        64         26        236          0       1536        792   startup_stm32f10x_md.o
       860         38          0          0          0       5717   stm32f10x_gpio.o
        24          0          0          0          0       1094   stm32f10x_it.o
       932         36          0         20          0       8896   stm32f10x_rcc.o
      3610         88          0          0          0      22824   stm32f10x_tim.o
      1032         22          0          0          0       8440   stm32f10x_usart.o
        12          0          0          0          0        453   sys.o
       480         38          0         20          0       1743   system_stm32f10x.o
       400         28          0          2          0       1523   timer.o
       388         46          0         18          0       3530   usart.o

    ----------------------------------------------------------------------
     15432        716       8392        128       1536     533669   Object Totals
         0          0         32          0          0          0   (incl. Generated)
         2          0          1          0          0          0   (incl. Padding)

    ----------------------------------------------------------------------

      Code (inc. data)   RO Data    RW Data    ZI Data      Debug   Library Member Name

         8          0          0          0          0         68   __main.o
         0          0          0          0          0          0   __rtentry.o
        12          0          0          0          0          0   __rtentry2.o
         6          0          0          0          0          0   __rtentry4.o
        52          8          0          0          0          0   __scatter.o
        26          0          0          0          0          0   __scatter_copy.o
        28          0          0          0          0          0   __scatter_zi.o
        18          0          0          0          0         80   exit.o
         6          0          0          0          0        152   heapauxi.o
         2          0          0          0          0          0   libinit.o
         2          0          0          0          0          0   libinit2.o
         2          0          0          0          0          0   libshutdown.o
         2          0          0          0          0          0   libshutdown2.o
         8          4          0          0         96         68   libspace.o
         2          0          0          0          0          0   rtexit.o
        10          0          0          0          0          0   rtexit2.o
        74          0          0          0          0         80   sys_stackheap_outer.o
         2          0          0          0          0         68   use_no_semi.o
         2          0          0          0          0         68   use_no_semi_2.o
       826         16          0          0          0        348   daddsub_clz.o
        24          0          0          0          0         68   dcmpi.o
        94          4          0          0          0         92   dfix.o
        90          4          0          0          0         92   dfixu.o
        84          0          0          0          0        136   dflt_clz.o
       120          4          0          0          0         92   dleqf.o
       340         12          0          0          0        104   dmul.o
       156          4          0          0          0         92   dnaninf.o
        12          0          0          0          0         68   dretinf.o
         0          0          0          0          0          0   usenofp.o

    ----------------------------------------------------------------------
      2020         56          0          0         96       1676   Library Totals
        12          0          0          0          0          0   (incl. Padding)

    ----------------------------------------------------------------------

      Code (inc. data)   RO Data    RW Data    ZI Data      Debug   Library Name

       262         12          0          0         96        584   c_w.l
      1746         44          0          0          0       1092   fz_ws.l

    ----------------------------------------------------------------------
      2020         56          0          0         96       1676   Library Totals

    ----------------------------------------------------------------------

==============================================================================


      Code (inc. data)   RO Data    RW Data    ZI Data      Debug   

     17452        772       8392        128       1632     533313   Grand Totals
     17452        772       8392        128       1632     533313   ELF Image Totals
     17452        772       8392        128          0          0   ROM Totals

==============================================================================

    Total RO  Size (Code + RO Data)                25844 (  25.24kB)
    Total RW  Size (RW Data + ZI Data)              1760 (   1.72kB)
    Total ROM Size (Code + RO Data + RW Data)      25972 (  25.36kB)

==============================================================================

