Component: ARM Compiler 5.06 update 6 (build 750) Tool: armlink [4d35ed]

==============================================================================

Section Cross References

    main.o(.text) refers to delay.o(.text) for delay_init
    main.o(.text) refers to misc.o(.text) for NVIC_PriorityGroupConfig
    main.o(.text) refers to usart.o(.text) for uart1_init
    main.o(.text) refers to buzz.o(.text) for buzz_Init
    main.o(.text) refers to oled.o(.text) for OLED_Init
    main.o(.text) refers to key.o(.text) for KEY_Init
    main.o(.text) refers to adc.o(.text) for Adc_Init
    main.o(.text) refers to timer.o(.text) for TIM4_Int_Init
    main.o(.text) refers to mpu6050.o(.text) for MPU_Init
    main.o(.text) refers to inv_mpu.o(.text) for mpu_dmp_init
    main.o(.text) refers to control.o(.text) for display
    main.o(.text) refers to datatype.o(.bss) for angle
    system_stm32f10x.o(.text) refers to system_stm32f10x.o(.data) for SystemCoreClock
    delay.o(.text) refers to misc.o(.text) for SysTick_CLKSourceConfig
    delay.o(.text) refers to system_stm32f10x.o(.data) for SystemCoreClock
    delay.o(.text) refers to delay.o(.data) for fac_us
    usart.o(.text) refers to stm32f10x_rcc.o(.text) for RCC_APB2PeriphClockCmd
    usart.o(.text) refers to stm32f10x_gpio.o(.text) for GPIO_Init
    usart.o(.text) refers to misc.o(.text) for NVIC_Init
    usart.o(.text) refers to stm32f10x_usart.o(.text) for USART_Init
    startup_stm32f10x_hd.o(RESET) refers to startup_stm32f10x_hd.o(STACK) for __initial_sp
    startup_stm32f10x_hd.o(RESET) refers to startup_stm32f10x_hd.o(.text) for Reset_Handler
    startup_stm32f10x_hd.o(RESET) refers to stm32f10x_it.o(.text) for NMI_Handler
    startup_stm32f10x_hd.o(RESET) refers to timer.o(.text) for TIM3_IRQHandler
    startup_stm32f10x_hd.o(RESET) refers to usart.o(.text) for USART1_IRQHandler
    startup_stm32f10x_hd.o(.text) refers to system_stm32f10x.o(.text) for SystemInit
    startup_stm32f10x_hd.o(.text) refers to entry.o(.ARM.Collect$$$$00000000) for __main
    stm32f10x_adc.o(.text) refers to stm32f10x_rcc.o(.text) for RCC_APB2PeriphResetCmd
    stm32f10x_bkp.o(.text) refers to stm32f10x_rcc.o(.text) for RCC_BackupResetCmd
    stm32f10x_can.o(.text) refers to stm32f10x_rcc.o(.text) for RCC_APB1PeriphResetCmd
    stm32f10x_cec.o(.text) refers to stm32f10x_rcc.o(.text) for RCC_APB1PeriphResetCmd
    stm32f10x_dac.o(.text) refers to stm32f10x_rcc.o(.text) for RCC_APB1PeriphResetCmd
    stm32f10x_gpio.o(.text) refers to stm32f10x_rcc.o(.text) for RCC_APB2PeriphResetCmd
    stm32f10x_i2c.o(.text) refers to stm32f10x_rcc.o(.text) for RCC_APB1PeriphResetCmd
    stm32f10x_pwr.o(.text) refers to stm32f10x_rcc.o(.text) for RCC_APB1PeriphResetCmd
    stm32f10x_rcc.o(.text) refers to stm32f10x_rcc.o(.data) for APBAHBPrescTable
    stm32f10x_spi.o(.text) refers to stm32f10x_rcc.o(.text) for RCC_APB2PeriphResetCmd
    stm32f10x_tim.o(.text) refers to stm32f10x_rcc.o(.text) for RCC_APB2PeriphResetCmd
    stm32f10x_usart.o(.text) refers to stm32f10x_rcc.o(.text) for RCC_APB2PeriphResetCmd
    stm32f10x_wwdg.o(.text) refers to stm32f10x_rcc.o(.text) for RCC_APB1PeriphResetCmd
    mpu6050.o(.text) refers to mpuiic.o(.text) for MPU_IIC_Start
    mpu6050.o(.text) refers to delay.o(.text) for delay_ms
    mpu6050.o(.text) refers to dflti.o(.text) for __aeabi_i2d
    mpu6050.o(.text) refers to ddiv.o(.text) for __aeabi_ddiv
    mpu6050.o(.text) refers to dadd.o(.text) for __aeabi_dadd
    mpu6050.o(.text) refers to d2f.o(.text) for __aeabi_d2f
    mpu6050.o(.text) refers to fmul.o(.text) for __aeabi_fmul
    mpu6050.o(.text) refers to ffixi.o(.text) for __aeabi_f2iz
    mpuiic.o(.text) refers to delay.o(.text) for delay_us
    mpuiic.o(.text) refers to stm32f10x_rcc.o(.text) for RCC_APB2PeriphClockCmd
    mpuiic.o(.text) refers to stm32f10x_gpio.o(.text) for GPIO_Init
    inv_mpu.o(.text) refers to mpu6050.o(.text) for MPU_Write_Len
    inv_mpu.o(.text) refers to printf8.o(i.__0printf$8) for __2printf
    inv_mpu.o(.text) refers to delay.o(.text) for delay_ms
    inv_mpu.o(.text) refers to inv_mpu.o(.data) for st
    inv_mpu.o(.text) refers to ffltui.o(.text) for __aeabi_ui2f
    inv_mpu.o(.text) refers to fflti.o(.text) for __aeabi_i2f
    inv_mpu.o(.text) refers to fadd.o(.text) for __aeabi_fsub
    inv_mpu.o(.text) refers to fdiv.o(.text) for __aeabi_fdiv
    inv_mpu.o(.text) refers to fmul.o(.text) for __aeabi_fmul
    inv_mpu.o(.text) refers to ffixi.o(.text) for __aeabi_f2iz
    inv_mpu.o(.text) refers to inv_mpu.o(.conststring) for .conststring
    inv_mpu.o(.text) refers to cfcmple.o(.text) for __aeabi_cfcmpeq
    inv_mpu.o(.text) refers to cfrcmple.o(.text) for __aeabi_cfrcmple
    inv_mpu.o(.text) refers to inv_mpu.o(.constdata) for test
    inv_mpu.o(.text) refers to ldiv.o(.text) for __aeabi_ldivmod
    inv_mpu.o(.text) refers to memcmp.o(.text) for memcmp
    inv_mpu.o(.text) refers to inv_mpu_dmp_motion_driver.o(.text) for dmp_set_gyro_bias
[...]
    ../mathlib/sqrt.c                        0x00000000   Number         0  sqrt.o ABSOLUTE
    ../mathlib/sqrt.c                        0x00000000   Number         0  sqrt_x.o ABSOLUTE
    ..\CORE\core_cm3.c                       0x00000000   Number         0  core_cm3.o ABSOLUTE
    ..\CORE\startup_stm32f10x_hd.s           0x00000000   Number         0  startup_stm32f10x_hd.o ABSOLUTE
    ..\HARDWARE\ADC\adc.c                    0x00000000   Number         0  adc.o ABSOLUTE
    ..\HARDWARE\BUZZ\buzz.c                  0x00000000   Number         0  buzz.o ABSOLUTE
    ..\HARDWARE\KEY\key.c                    0x00000000   Number         0  key.o ABSOLUTE
    ..\HARDWARE\MPU6050\eMPL\inv_mpu.c       0x00000000   Number         0  inv_mpu.o ABSOLUTE
    ..\HARDWARE\MPU6050\eMPL\inv_mpu_dmp_motion_driver.c 0x00000000   Number         0  inv_mpu_dmp_motion_driver.o ABSOLUTE
    ..\HARDWARE\MPU6050\mpu6050.c            0x00000000   Number         0  mpu6050.o ABSOLUTE
    ..\HARDWARE\MPU6050\mpuiic.c             0x00000000   Number         0  mpuiic.o ABSOLUTE
    ..\HARDWARE\OLED\oled.c                  0x00000000   Number         0  oled.o ABSOLUTE
    ..\HARDWARE\TIMER\timer.c                0x00000000   Number         0  timer.o ABSOLUTE
    ..\HARDWARE\control\control.c            0x00000000   Number         0  control.o ABSOLUTE
    ..\HARDWARE\datatype\datatype.c          0x00000000   Number         0  datatype.o ABSOLUTE
    ..\STM32F10x_FWLib\src\misc.c            0x00000000   Number         0  misc.o ABSOLUTE
    ..\STM32F10x_FWLib\src\stm32f10x_adc.c   0x00000000   Number         0  stm32f10x_adc.o ABSOLUTE
    ..\STM32F10x_FWLib\src\stm32f10x_bkp.c   0x00000000   Number         0  stm32f10x_bkp.o ABSOLUTE
    ..\STM32F10x_FWLib\src\stm32f10x_can.c   0x00000000   Number         0  stm32f10x_can.o ABSOLUTE
    ..\STM32F10x_FWLib\src\stm32f10x_cec.c   0x00000000   Number         0  stm32f10x_cec.o ABSOLUTE
    ..\STM32F10x_FWLib\src\stm32f10x_crc.c   0x00000000   Number         0  stm32f10x_crc.o ABSOLUTE
    ..\STM32F10x_FWLib\src\stm32f10x_dac.c   0x00000000   Number         0  stm32f10x_dac.o ABSOLUTE
    ..\STM32F10x_FWLib\src\stm32f10x_dbgmcu.c 0x00000000   Number         0  stm32f10x_dbgmcu.o ABSOLUTE
    ..\STM32F10x_FWLib\src\stm32f10x_dma.c   0x00000000   Number         0  stm32f10x_dma.o ABSOLUTE
    ..\STM32F10x_FWLib\src\stm32f10x_exti.c  0x00000000   Number         0  stm32f10x_exti.o ABSOLUTE
    ..\STM32F10x_FWLib\src\stm32f10x_flash.c 0x00000000   Number         0  stm32f10x_flash.o ABSOLUTE
    ..\STM32F10x_FWLib\src\stm32f10x_fsmc.c  0x00000000   Number         0  stm32f10x_fsmc.o ABSOLUTE
    ..\STM32F10x_FWLib\src\stm32f10x_gpio.c  0x00000000   Number         0  stm32f10x_gpio.o ABSOLUTE
    ..\STM32F10x_FWLib\src\stm32f10x_i2c.c   0x00000000   Number         0  stm32f10x_i2c.o ABSOLUTE
    ..\STM32F10x_FWLib\src\stm32f10x_iwdg.c  0x00000000   Number         0  stm32f10x_iwdg.o ABSOLUTE
    ..\STM32F10x_FWLib\src\stm32f10x_pwr.c   0x00000000   Number         0  stm32f10x_pwr.o ABSOLUTE
    ..\STM32F10x_FWLib\src\stm32f10x_rcc.c   0x00000000   Number         0  stm32f10x_rcc.o ABSOLUTE
    ..\STM32F10x_FWLib\src\stm32f10x_rtc.c   0x00000000   Number         0  stm32f10x_rtc.o ABSOLUTE
    ..\STM32F10x_FWLib\src\stm32f10x_sdio.c  0x00000000   Number         0  stm32f10x_sdio.o ABSOLUTE
    ..\STM32F10x_FWLib\src\stm32f10x_spi.c   0x00000000   Number         0  stm32f10x_spi.o ABSOLUTE
    ..\STM32F10x_FWLib\src\stm32f10x_tim.c   0x00000000   Number         0  stm32f10x_tim.o ABSOLUTE
    ..\STM32F10x_FWLib\src\stm32f10x_usart.c 0x00000000   Number         0  stm32f10x_usart.o ABSOLUTE
    ..\STM32F10x_FWLib\src\stm32f10x_wwdg.c  0x00000000   Number         0  stm32f10x_wwdg.o ABSOLUTE
    ..\SYSTEM\delay\delay.c                  0x00000000   Number         0  delay.o ABSOLUTE
    ..\SYSTEM\sys\sys.c                      0x00000000   Number         0  sys.o ABSOLUTE
    ..\SYSTEM\usart\usart.c                  0x00000000   Number         0  usart.o ABSOLUTE
    ..\\CORE\\core_cm3.c                     0x00000000   Number         0  core_cm3.o ABSOLUTE
    ..\\SYSTEM\\sys\\sys.c                   0x00000000   Number         0  sys.o ABSOLUTE
    cdcmple.s                                0x00000000   Number         0  cdcmple.o ABSOLUTE
    cdrcmple.s                               0x00000000   Number         0  cdrcmple.o ABSOLUTE
    cfcmple.s                                0x00000000   Number         0  cfcmple.o ABSOLUTE
    cfrcmple.s                               0x00000000   Number         0  cfrcmple.o ABSOLUTE
    dc.s                                     0x00000000   Number         0  dc.o ABSOLUTE
    handlers.s                               0x00000000   Number         0  handlers.o ABSOLUTE
    init.s                                   0x00000000   Number         0  init.o ABSOLUTE
    main.c                                   0x00000000   Number         0  main.o ABSOLUTE
    stm32f10x_it.c                           0x00000000   Number         0  stm32f10x_it.o ABSOLUTE
    system_stm32f10x.c                       0x00000000   Number         0  system_stm32f10x.o ABSOLUTE
    RESET                                    0x08000000   Section      304  startup_stm32f10x_hd.o(RESET)
    .ARM.Collect$$$$00000000                 0x08000130   Section        0  entry.o(.ARM.Collect$$$$00000000)
    .ARM.Collect$$$$00000001                 0x08000130   Section        4  entry2.o(.ARM.Collect$$$$00000001)
    .ARM.Collect$$$$00000004                 0x08000134   Section        4  entry5.o(.ARM.Collect$$$$00000004)
    .ARM.Collect$$$$00000008                 0x08000138   Section        0  entry7b.o(.ARM.Collect$$$$00000008)
    .ARM.Collect$$$$0000000A                 0x08000138   Section        0  entry8b.o(.ARM.Collect$$$$0000000A)
    .ARM.Collect$$$$0000000B                 0x08000138   Section        8  entry9a.o(.ARM.Collect$$$$0000000B)
    .ARM.Collect$$$$0000000D                 0x08000140   Section        0  entry10a.o(.ARM.Collect$$$$0000000D)
    .ARM.Collect$$$$0000000F                 0x08000140   Section        0  entry11a.o(.ARM.Collect$$$$0000000F)
    .ARM.Collect$$$$00002712                 0x08000140   Section        4  entry2.o(.ARM.Collect$$$$00002712)
    __lit__00000000                          0x08000140   Data           4  entry2.o(.ARM.Collect$$$$00002712)
    .text                                    0x08000144   Section        0  main.o(.text)
    .text                                    0x080001c4   Section        0  stm32f10x_it.o(.text)
    .text                                    0x080001e0   Section        0  system_stm32f10x.o(.text)
    SetSysClockTo72                          0x080001e1   Thumb Code   214  system_stm32f10x.o(.text)
    SetSysClock                              0x080002b7   Thumb Code     8  system_stm32f10x.o(.text)
    .text                                    0x080003c0   Section        0  delay.o(.text)
    .text                                    0x08000494   Section        0  usart.o(.text)
    .text                                    0x08000570   Section       36  startup_stm32f10x_hd.o(.text)
    .text                                    0x08000594   Section        0  misc.o(.text)
    .text                                    0x08000670   Section        0  stm32f10x_adc.o(.text)
    .text                                    0x08000ac0   Section        0  stm32f10x_gpio.o(.text)
    .text                                    0x08000e1c   Section        0  stm32f10x_rcc.o(.text)
    .text                                    0x080011c0   Section        0  stm32f10x_tim.o(.text)
    TI4_Config                               0x08001667   Thumb Code   130  stm32f10x_tim.o(.text)
    TI3_Config                               0x080016fb   Thumb Code   122  stm32f10x_tim.o(.text)
    TI2_Config                               0x0800178f   Thumb Code   130  stm32f10x_tim.o(.text)
    TI1_Config                               0x08001823   Thumb Code   108  stm32f10x_tim.o(.text)
    .text                                    0x08001fdc   Section        0  stm32f10x_usart.o(.text)
    .text                                    0x080023e4   Section        0  mpu6050.o(.text)
    .text                                    0x0800274c   Section        0  mpuiic.o(.text)
    .text                                    0x080029b8   Section        0  inv_mpu.o(.text)
    set_int_enable                           0x080029b9   Thumb Code   138  inv_mpu.o(.text)
    get_accel_prod_shift                     0x08003c29   Thumb Code   168  inv_mpu.o(.text)
    accel_self_test                          0x08003cd1   Thumb Code   164  inv_mpu.o(.text)
    gyro_self_test                           0x08003d75   Thumb Code   280  inv_mpu.o(.text)
    get_st_biases                            0x08003e8d   Thumb Code  1136  inv_mpu.o(.text)
    .text                                    0x08004c44   Section        0  inv_mpu_dmp_motion_driver.o(.text)
    decode_gesture                           0x080056f9   Thumb Code    94  inv_mpu_dmp_motion_driver.o(.text)
    .text                                    0x080059b4   Section        0  adc.o(.text)
    .text                                    0x08005a9c   Section        0  key.o(.text)
    .text                                    0x08005b4c   Section        0  oled.o(.text)
    .text                                    0x08006248   Section        0  timer.o(.text)
    .text                                    0x080063cc   Section        0  buzz.o(.text)
    .text                                    0x08006410   Section        0  control.o(.text)
    .text                                    0x0800660c   Section        0  ldiv.o(.text)
    .text                                    0x0800666e   Section        0  memseta.o(.text)
    .text                                    0x08006692   Section        0  memcmp.o(.text)
    .text                                    0x080066ac   Section        0  fadd.o(.text)
    .text                                    0x0800675c   Section        0  fmul.o(.text)
    .text                                    0x080067c0   Section        0  fdiv.o(.text)
    .text                                    0x0800683c   Section        0  dadd.o(.text)
    .text                                    0x0800698a   Section        0  dmul.o(.text)
    .text                                    0x08006a6e   Section        0  ddiv.o(.text)
    .text                                    0x08006b4c   Section        0  fflti.o(.text)
    .text                                    0x08006b5e   Section        0  ffltui.o(.text)
    .text                                    0x08006b68   Section        0  dflti.o(.text)
    .text                                    0x08006b8a   Section        0  dfltui.o(.text)
    .text                                    0x08006ba4   Section        0  ffixi.o(.text)
    .text                                    0x08006bd6   Section        0  ffixui.o(.text)
    .text                                    0x08006bfe   Section        0  dfixui.o(.text)
    .text                                    0x08006c30   Section        0  f2d.o(.text)
    .text                                    0x08006c56   Section        0  d2f.o(.text)
    .text                                    0x08006c90   Section       20  cfcmple.o(.text)
    .text                                    0x08006ca4   Section       20  cfrcmple.o(.text)
    .text                                    0x08006cb8   Section        0  uldiv.o(.text)
    .text                                    0x08006d1a   Section        0  llshl.o(.text)
    .text                                    0x08006d38   Section        0  llushr.o(.text)
    .text                                    0x08006d58   Section        0  llsshr.o(.text)
    .text                                    0x08006d7c   Section        0  fepilogue.o(.text)
    .text                                    0x08006d7c   Section        0  iusefp.o(.text)
    .text                                    0x08006dea   Section        0  depilogue.o(.text)
    .text                                    0x08006ea4   Section        0  dscalb.o(.text)
    .text                                    0x08006ed2   Section        0  dsqrt.o(.text)
    .text                                    0x08006f74   Section       48  cdrcmple.o(.text)
    .text                                    0x08006fa4   Section       36  init.o(.text)
    .text                                    0x08006fc8   Section        0  iusesemip.o(.text)
    .text                                    0x08006fc8   Section        0  semi.o(.text)
    i.__0printf$8                            0x08006fc8   Section        0  printf8.o(i.__0printf$8)
    i.__ARM_fpclassify                       0x08006fe8   Section        0  fpclassify.o(i.__ARM_fpclassify)
    i.__kernel_poly                          0x08007010   Section        0  poly.o(i.__kernel_poly)
    i.__mathlib_dbl_divzero                  0x080070bc   Section        0  dunder.o(i.__mathlib_dbl_divzero)
    i.__mathlib_dbl_infnan                   0x080070cc   Section        0  dunder.o(i.__mathlib_dbl_infnan)
    i.__mathlib_dbl_infnan2                  0x080070d2   Section        0  dunder.o(i.__mathlib_dbl_infnan2)
    i.__mathlib_dbl_invalid                  0x080070d6   Section        0  dunder.o(i.__mathlib_dbl_invalid)
    i.__mathlib_dbl_overflow                 0x080070e2   Section        0  dunder.o(i.__mathlib_dbl_overflow)
    i.__mathlib_dbl_underflow                0x080070f0   Section        0  dunder.o(i.__mathlib_dbl_underflow)
    i.__scatterload_copy                     0x08007100   Section       14  handlers.o(i.__scatterload_copy)
    i.__scatterload_null                     0x0800710e   Section        2  handlers.o(i.__scatterload_null)
    i.__scatterload_zeroinit                 0x08007110   Section       14  handlers.o(i.__scatterload_zeroinit)
    i.__set_errno                            0x08007120   Section        0  errno.o(i.__set_errno)
    i._printf_core                           0x0800712c   Section        0  printf8.o(i._printf_core)
    _printf_core                             0x0800712d   Thumb Code   996  printf8.o(i._printf_core)
    i._printf_post_padding                   0x0800753c   Section        0  printf8.o(i._printf_post_padding)
    _printf_post_padding                     0x0800753d   Thumb Code    36  printf8.o(i._printf_post_padding)
    i._printf_pre_padding                    0x08007560   Section        0  printf8.o(i._printf_pre_padding)
    _printf_pre_padding                      0x08007561   Thumb Code    46  printf8.o(i._printf_pre_padding)
    i.asin                                   0x08007590   Section        0  asin.o(i.asin)
    i.atan                                   0x08007800   Section        0  atan.o(i.atan)
    i.atan2                                  0x08007a20   Section        0  atan2.o(i.atan2)
    i.fputc                                  0x08007ba0   Section        0  fputc.o(i.fputc)
    i.pow                                    0x08007bb4   Section        0  pow.o(i.pow)
    i.sqrt                                   0x0800858c   Section        0  sqrt.o(i.sqrt)
    .constdata                               0x080085d8   Section       80  inv_mpu.o(.constdata)
    .constdata                               0x08008628   Section     3062  inv_mpu_dmp_motion_driver.o(.constdata)
    dmp_memory                               0x08008628   Data        3062  inv_mpu_dmp_motion_driver.o(.constdata)
    .constdata                               0x0800921e   Section     6080  oled.o(.constdata)
    .constdata                               0x0800a9e0   Section       80  asin.o(.constdata)
    pS                                       0x0800a9e0   Data          48  asin.o(.constdata)
    qS                                       0x0800aa10   Data          32  asin.o(.constdata)
    .constdata                               0x0800aa30   Section      136  pow.o(.constdata)
    bp                                       0x0800aa30   Data          16  pow.o(.constdata)
    dp_h                                     0x0800aa40   Data          16  pow.o(.constdata)
    dp_l                                     0x0800aa50   Data          16  pow.o(.constdata)
    L                                        0x0800aa60   Data          48  pow.o(.constdata)
    P                                        0x0800aa90   Data          40  pow.o(.constdata)
    .constdata                               0x0800aab8   Section      152  atan.o(.constdata)
    atanhi                                   0x0800aab8   Data          32  atan.o(.constdata)
    atanlo                                   0x0800aad8   Data          32  atan.o(.constdata)
    aTodd                                    0x0800aaf8   Data          40  atan.o(.constdata)
    aTeven                                   0x0800ab20   Data          48  atan.o(.constdata)
    .constdata                               0x0800ab50   Section        8  qnan.o(.constdata)
    .conststring                             0x0800ab58   Section       77  inv_mpu.o(.conststring)
    .data                                    0x20000000   Section       20  system_stm32f10x.o(.data)
    .data                                    0x20000014   Section        4  delay.o(.data)
    fac_us                                   0x20000014   Data           1  delay.o(.data)
    fac_ms                                   0x20000016   Data           2  delay.o(.data)
    .data                                    0x20000018   Section       20  stm32f10x_rcc.o(.data)
    APBAHBPrescTable                         0x20000018   Data          16  stm32f10x_rcc.o(.data)
    ADCPrescTable                            0x20000028   Data           4  stm32f10x_rcc.o(.data)
    .data                                    0x2000002c   Section       53  inv_mpu.o(.data)
    st                                       0x2000002c   Data          44  inv_mpu.o(.data)
    gyro_orientation                         0x20000058   Data           9  inv_mpu.o(.data)
    .data                                    0x20000061   Section        1  key.o(.data)
    key_up                                   0x20000061   Data           1  key.o(.data)
    .data                                    0x20000062   Section        2  oled.o(.data)
    x                                        0x20000062   Data           1  oled.o(.data)
    y                                        0x20000063   Data           1  oled.o(.data)
    .data                                    0x20000064   Section        4  stdout.o(.data)
    .data                                    0x20000068   Section        4  errno.o(.data)
    _errno                                   0x20000068   Data           4  errno.o(.data)
    .bss                                     0x2000006c   Section       16  inv_mpu_dmp_motion_driver.o(.bss)
    dmp                                      0x2000006c   Data          16  inv_mpu_dmp_motion_driver.o(.bss)
    .bss                                     0x2000007c   Section     1024  oled.o(.bss)
    .bss                                     0x2000047c   Section       28  datatype.o(.bss)
    STACK                                    0x20000498   Section     1024  startup_stm32f10x_hd.o(STACK)

    Global Symbols

    Symbol Name                              Value     Ov Type        Size  Object(Section)

    BuildAttributes$$THM_ISAv4$P$D$K$B$S$PE$A:L22UL41UL21$X:L11$S22US41US21$IEEE1$IW$USESV6$~STKCKD$USESV7$~SHL$OTIME$ROPI$IEEEX$EBA8$MICROLIB$REQ8$PRES8$EABIv2 0x00000000   Number         0  anon$$obj.o ABSOLUTE
    __ARM_use_no_argv                        0x00000000   Number         0  main.o ABSOLUTE
    _printf_a                                0x00000000   Number         0  stubs.o ABSOLUTE
    _printf_c                                0x00000000   Number         0  stubs.o ABSOLUTE
    _printf_charcount                        0x00000000   Number         0  stubs.o ABSOLUTE
    _printf_d                                0x00000000   Number         0  stubs.o ABSOLUTE
    _printf_e                                0x00000000   Number         0  stubs.o ABSOLUTE
    _printf_f                                0x00000000   Number         0  stubs.o ABSOLUTE
    _printf_flags                            0x00000000   Number         0  stubs.o ABSOLUTE
    _printf_fp_dec                           0x00000000   Number         0  stubs.o ABSOLUTE
    _printf_fp_hex                           0x00000000   Number         0  stubs.o ABSOLUTE
    _printf_g                                0x00000000   Number         0  stubs.o ABSOLUTE
    _printf_i                                0x00000000   Number         0  stubs.o ABSOLUTE
    _printf_int_dec                          0x00000000   Number         0  stubs.o ABSOLUTE
    _printf_l                                0x00000000   Number         0  stubs.o ABSOLUTE
    _printf_lc                               0x00000000   Number         0  stubs.o ABSOLUTE
    _printf_ll                               0x00000000   Number         0  stubs.o ABSOLUTE
    _printf_lld                              0x00000000   Number         0  stubs.o ABSOLUTE
    _printf_lli                              0x00000000   Number         0  stubs.o ABSOLUTE
    _printf_llo                              0x00000000   Number         0  stubs.o ABSOLUTE
    _printf_llu                              0x00000000   Number         0  stubs.o ABSOLUTE
    _printf_llx                              0x00000000   Number         0  stubs.o ABSOLUTE
    _printf_longlong_dec                     0x00000000   Number         0  stubs.o ABSOLUTE
    _printf_longlong_hex                     0x00000000   Number         0  stubs.o ABSOLUTE
    _printf_longlong_oct                     0x00000000   Number         0  stubs.o ABSOLUTE
    _printf_ls                               0x00000000   Number         0  stubs.o ABSOLUTE
    _printf_mbtowc                           0x00000000   Number         0  stubs.o ABSOLUTE
    _printf_n                                0x00000000   Number         0  stubs.o ABSOLUTE
    _printf_o                                0x00000000   Number         0  stubs.o ABSOLUTE
    _printf_p                                0x00000000   Number         0  stubs.o ABSOLUTE
    _printf_percent                          0x00000000   Number         0  stubs.o ABSOLUTE
    _printf_pre_padding                      0x00000000   Number         0  stubs.o ABSOLUTE
    _printf_return_value                     0x00000000   Number         0  stubs.o ABSOLUTE
    _printf_s                                0x00000000   Number         0  stubs.o ABSOLUTE
    _printf_sizespec                         0x00000000   Number         0  stubs.o ABSOLUTE
    _printf_str                              0x00000000   Number         0  stubs.o ABSOLUTE
    _printf_truncate_signed                  0x00000000   Number         0  stubs.o ABSOLUTE
    _printf_truncate_unsigned                0x00000000   Number         0  stubs.o ABSOLUTE
    _printf_u                                0x00000000   Number         0  stubs.o ABSOLUTE
    _printf_wc                               0x00000000   Number         0  stubs.o ABSOLUTE
    _printf_wctomb                           0x00000000   Number         0  stubs.o ABSOLUTE
    _printf_widthprec                        0x00000000   Number         0  stubs.o ABSOLUTE
    _printf_x                                0x00000000   Number         0  stubs.o ABSOLUTE
    __cpp_initialize__aeabi_                  - Undefined Weak Reference
    __cxa_finalize                            - Undefined Weak Reference
    __decompress                              - Undefined Weak Reference
    _clock_init                               - Undefined Weak Reference
    _microlib_exit                            - Undefined Weak Reference
    __Vectors_Size                           0x00000130   Number         0  startup_stm32f10x_hd.o ABSOLUTE
    __Vectors                                0x08000000   Data           4  startup_stm32f10x_hd.o(RESET)
    __Vectors_End                            0x08000130   Data           0  startup_stm32f10x_hd.o(RESET)
    __main                                   0x08000131   Thumb Code     0  entry.o(.ARM.Collect$$$$00000000)
    _main_stk                                0x08000131   Thumb Code     0  entry2.o(.ARM.Collect$$$$00000001)
    _main_scatterload                        0x08000135   Thumb Code     0  entry5.o(.ARM.Collect$$$$00000004)
    __main_after_scatterload                 0x08000139   Thumb Code     0  entry5.o(.ARM.Collect$$$$00000004)
    _main_clock                              0x08000139   Thumb Code     0  entry7b.o(.ARM.Collect$$$$00000008)
    _main_cpp_init                           0x08000139   Thumb Code     0  entry8b.o(.ARM.Collect$$$$0000000A)
    _main_init                               0x08000139   Thumb Code     0  entry9a.o(.ARM.Collect$$$$0000000B)
    __rt_final_cpp                           0x08000141   Thumb Code     0  entry10a.o(.ARM.Collect$$$$0000000D)
    __rt_final_exit                          0x08000141   Thumb Code     0  entry11a.o(.ARM.Collect$$$$0000000F)
    main                                     0x08000145   Thumb Code   114  main.o(.text)
    NMI_Handler                              0x080001c5   Thumb Code     2  stm32f10x_it.o(.text)
    HardFault_Handler                        0x080001c7   Thumb Code     4  stm32f10x_it.o(.text)
    MemManage_Handler                        0x080001cb   Thumb Code     4  stm32f10x_it.o(.text)
    BusFault_Handler                         0x080001cf   Thumb Code     4  stm32f10x_it.o(.text)
    UsageFault_Handler                       0x080001d3   Thumb Code     4  stm32f10x_it.o(.text)
    SVC_Handler                              0x080001d7   Thumb Code     2  stm32f10x_it.o(.text)
    DebugMon_Handler                         0x080001d9   Thumb Code     2  stm32f10x_it.o(.text)
    PendSV_Handler                           0x080001db   Thumb Code     2  stm32f10x_it.o(.text)
    SysTick_Handler                          0x080001dd   Thumb Code     2  stm32f10x_it.o(.text)
    SystemInit                               0x080002bf   Thumb Code    78  system_stm32f10x.o(.text)
    SystemCoreClockUpdate                    0x0800030d   Thumb Code   142  system_stm32f10x.o(.text)
    delay_init                               0x080003c1   Thumb Code    50  delay.o(.text)
    delay_us                                 0x080003f3   Thumb Code    72  delay.o(.text)
    delay_ms                                 0x0800043b   Thumb Code    72  delay.o(.text)
    uart1_init                               0x08000495   Thumb Code   152  usart.o(.text)
    USART1_IRQHandler                        0x0800052d   Thumb Code    14  usart.o(.text)
    Send_data                                0x0800053b   Thumb Code    44  usart.o(.text)
    Reset_Handler                            0x08000571   Thumb Code     8  startup_stm32f10x_hd.o(.text)
    ADC1_2_IRQHandler                        0x0800058b   Thumb Code     0  startup_stm32f10x_hd.o(.text)
    ADC3_IRQHandler                          0x0800058b   Thumb Code     0  startup_stm32f10x_hd.o(.text)
    CAN1_RX1_IRQHandler                      0x0800058b   Thumb Code     0  startup_stm32f10x_hd.o(.text)
    CAN1_SCE_IRQHandler                      0x0800058b   Thumb Code     0  startup_stm32f10x_hd.o(.text)
    DMA1_Channel1_IRQHandler                 0x0800058b   Thumb Code     0  startup_stm32f10x_hd.o(.text)
    DMA1_Channel2_IRQHandler                 0x0800058b   Thumb Code     0  startup_stm32f10x_hd.o(.text)
    DMA1_Channel3_IRQHandler                 0x0800058b   Thumb Code     0  startup_stm32f10x_hd.o(.text)
    DMA1_Channel4_IRQHandler                 0x0800058b   Thumb Code     0  startup_stm32f10x_hd.o(.text)
    DMA1_Channel5_IRQHandler                 0x0800058b   Thumb Code     0  startup_stm32f10x_hd.o(.text)
    DMA1_Channel6_IRQHandler                 0x0800058b   Thumb Code     0  startup_stm32f10x_hd.o(.text)
    DMA1_Channel7_IRQHandler                 0x0800058b   Thumb Code     0  startup_stm32f10x_hd.o(.text)
    DMA2_Channel1_IRQHandler                 0x0800058b   Thumb Code     0  startup_stm32f10x_hd.o(.text)
    DMA2_Channel2_IRQHandler                 0x0800058b   Thumb Code     0  startup_stm32f10x_hd.o(.text)
    DMA2_Channel3_IRQHandler                 0x0800058b   Thumb Code     0  startup_stm32f10x_hd.o(.text)
    DMA2_Channel4_5_IRQHandler               0x0800058b   Thumb Code     0  startup_stm32f10x_hd.o(.text)
    EXTI0_IRQHandler                         0x0800058b   Thumb Code     0  startup_stm32f10x_hd.o(.text)
    EXTI15_10_IRQHandler                     0x0800058b   Thumb Code     0  startup_stm32f10x_hd.o(.text)
    EXTI1_IRQHandler                         0x0800058b   Thumb Code     0  startup_stm32f10x_hd.o(.text)
    EXTI2_IRQHandler                         0x0800058b   Thumb Code     0  startup_stm32f10x_hd.o(.text)
    EXTI3_IRQHandler                         0x0800058b   Thumb Code     0  startup_stm32f10x_hd.o(.text)
    EXTI4_IRQHandler                         0x0800058b   Thumb Code     0  startup_stm32f10x_hd.o(.text)
    EXTI9_5_IRQHandler                       0x0800058b   Thumb Code     0  startup_stm32f10x_hd.o(.text)
    FLASH_IRQHandler                         0x0800058b   Thumb Code     0  startup_stm32f10x_hd.o(.text)
    FSMC_IRQHandler                          0x0800058b   Thumb Code     0  startup_stm32f10x_hd.o(.text)
    I2C1_ER_IRQHandler                       0x0800058b   Thumb Code     0  startup_stm32f10x_hd.o(.text)
    I2C1_EV_IRQHandler                       0x0800058b   Thumb Code     0  startup_stm32f10x_hd.o(.text)
    I2C2_ER_IRQHandler                       0x0800058b   Thumb Code     0  startup_stm32f10x_hd.o(.text)
    I2C2_EV_IRQHandler                       0x0800058b   Thumb Code     0  startup_stm32f10x_hd.o(.text)
    PVD_IRQHandler                           0x0800058b   Thumb Code     0  startup_stm32f10x_hd.o(.text)
    RCC_IRQHandler                           0x0800058b   Thumb Code     0  startup_stm32f10x_hd.o(.text)
    RTCAlarm_IRQHandler                      0x0800058b   Thumb Code     0  startup_stm32f10x_hd.o(.text)
    RTC_IRQHandler                           0x0800058b   Thumb Code     0  startup_stm32f10x_hd.o(.text)
    SDIO_IRQHandler                          0x0800058b   Thumb Code     0  startup_stm32f10x_hd.o(.text)
    SPI1_IRQHandler                          0x0800058b   Thumb Code     0  startup_stm32f10x_hd.o(.text)
    SPI2_IRQHandler                          0x0800058b   Thumb Code     0  startup_stm32f10x_hd.o(.text)
    SPI3_IRQHandler                          0x0800058b   Thumb Code     0  startup_stm32f10x_hd.o(.text)
    TAMPER_IRQHandler                        0x0800058b   Thumb Code     0  startup_stm32f10x_hd.o(.text)
    TIM1_BRK_IRQHandler                      0x0800058b   Thumb Code     0  startup_stm32f10x_hd.o(.text)
    TIM1_CC_IRQHandler                       0x0800058b   Thumb Code     0  startup_stm32f10x_hd.o(.text)
    TIM1_TRG_COM_IRQHandler                  0x0800058b   Thumb Code     0  startup_stm32f10x_hd.o(.text)
    TIM1_UP_IRQHandler                       0x0800058b   Thumb Code     0  startup_stm32f10x_hd.o(.text)
    TIM2_IRQHandler                          0x0800058b   Thumb Code     0  startup_stm32f10x_hd.o(.text)
    TIM5_IRQHandler                          0x0800058b   Thumb Code     0  startup_stm32f10x_hd.o(.text)
    TIM6_IRQHandler                          0x0800058b   Thumb Code     0  startup_stm32f10x_hd.o(.text)
    TIM7_IRQHandler                          0x0800058b   Thumb Code     0  startup_stm32f10x_hd.o(.text)
    TIM8_BRK_IRQHandler                      0x0800058b   Thumb Code     0  startup_stm32f10x_hd.o(.text)
    TIM8_CC_IRQHandler                       0x0800058b   Thumb Code     0  startup_stm32f10x_hd.o(.text)
    TIM8_TRG_COM_IRQHandler                  0x0800058b   Thumb Code     0  startup_stm32f10x_hd.o(.text)
    TIM8_UP_IRQHandler                       0x0800058b   Thumb Code     0  startup_stm32f10x_hd.o(.text)
    UART4_IRQHandler                         0x0800058b   Thumb Code     0  startup_stm32f10x_hd.o(.text)
    UART5_IRQHandler                         0x0800058b   Thumb Code     0  startup_stm32f10x_hd.o(.text)
    USART2_IRQHandler                        0x0800058b   Thumb Code     0  startup_stm32f10x_hd.o(.text)
    USART3_IRQHandler                        0x0800058b   Thumb Code     0  startup_stm32f10x_hd.o(.text)
    USBWakeUp_IRQHandler                     0x0800058b   Thumb Code     0  startup_stm32f10x_hd.o(.text)
    USB_HP_CAN1_TX_IRQHandler                0x0800058b   Thumb Code     0  startup_stm32f10x_hd.o(.text)
    USB_LP_CAN1_RX0_IRQHandler               0x0800058b   Thumb Code     0  startup_stm32f10x_hd.o(.text)
    WWDG_IRQHandler                          0x0800058b   Thumb Code     0  startup_stm32f10x_hd.o(.text)
    NVIC_PriorityGroupConfig                 0x08000595   Thumb Code    10  misc.o(.text)
    NVIC_Init                                0x0800059f   Thumb Code   100  misc.o(.text)
    NVIC_SetVectorTable                      0x08000603   Thumb Code    14  misc.o(.text)
    NVIC_SystemLPConfig                      0x08000611   Thumb Code    34  misc.o(.text)
    SysTick_CLKSourceConfig                  0x08000633   Thumb Code    40  misc.o(.text)
    ADC_DeInit                               0x08000671   Thumb Code    78  stm32f10x_adc.o(.text)
    ADC_Init                                 0x080006bf   Thumb Code    70  stm32f10x_adc.o(.text)
    ADC_StructInit                           0x08000705   Thumb Code    18  stm32f10x_adc.o(.text)
    ADC_Cmd                                  0x08000717   Thumb Code    22  stm32f10x_adc.o(.text)
    ADC_DMACmd                               0x0800072d   Thumb Code    22  stm32f10x_adc.o(.text)
    ADC_ITConfig                             0x08000743   Thumb Code    24  stm32f10x_adc.o(.text)
    ADC_ResetCalibration                     0x0800075b   Thumb Code    10  stm32f10x_adc.o(.text)
    ADC_GetResetCalibrationStatus            0x08000765   Thumb Code    20  stm32f10x_adc.o(.text)
    ADC_StartCalibration                     0x08000779   Thumb Code    10  stm32f10x_adc.o(.text)
    ADC_GetCalibrationStatus                 0x08000783   Thumb Code    20  stm32f10x_adc.o(.text)
    ADC_SoftwareStartConvCmd                 0x08000797   Thumb Code    22  stm32f10x_adc.o(.text)
    ADC_GetSoftwareStartConvStatus           0x080007ad   Thumb Code    20  stm32f10x_adc.o(.text)
    ADC_DiscModeChannelCountConfig           0x080007c1   Thumb Code    24  stm32f10x_adc.o(.text)
    ADC_DiscModeCmd                          0x080007d9   Thumb Code    22  stm32f10x_adc.o(.text)
    ADC_RegularChannelConfig                 0x080007ef   Thumb Code   184  stm32f10x_adc.o(.text)
    ADC_ExternalTrigConvCmd                  0x080008a7   Thumb Code    22  stm32f10x_adc.o(.text)
    ADC_GetConversionValue                   0x080008bd   Thumb Code     8  stm32f10x_adc.o(.text)
    ADC_GetDualModeConversionValue           0x080008c5   Thumb Code     8  stm32f10x_adc.o(.text)
    ADC_AutoInjectedConvCmd                  0x080008cd   Thumb Code    22  stm32f10x_adc.o(.text)
    ADC_InjectedDiscModeCmd                  0x080008e3   Thumb Code    22  stm32f10x_adc.o(.text)
    ADC_ExternalTrigInjectedConvConfig       0x080008f9   Thumb Code    16  stm32f10x_adc.o(.text)
    ADC_ExternalTrigInjectedConvCmd          0x08000909   Thumb Code    22  stm32f10x_adc.o(.text)
    ADC_SoftwareStartInjectedConvCmd         0x0800091f   Thumb Code    22  stm32f10x_adc.o(.text)
    ADC_GetSoftwareStartInjectedConvCmdStatus 0x08000935   Thumb Code    20  stm32f10x_adc.o(.text)
    ADC_InjectedChannelConfig                0x08000949   Thumb Code   130  stm32f10x_adc.o(.text)
    ADC_InjectedSequencerLengthConfig        0x080009cb   Thumb Code    24  stm32f10x_adc.o(.text)
    ADC_SetInjectedOffset                    0x080009e3   Thumb Code    20  stm32f10x_adc.o(.text)
    ADC_GetInjectedConversionValue           0x080009f7   Thumb Code    28  stm32f10x_adc.o(.text)
    ADC_AnalogWatchdogCmd                    0x08000a13   Thumb Code    16  stm32f10x_adc.o(.text)
    ADC_AnalogWatchdogThresholdsConfig       0x08000a23   Thumb Code     6  stm32f10x_adc.o(.text)
    ADC_AnalogWatchdogSingleChannelConfig    0x08000a29   Thumb Code    16  stm32f10x_adc.o(.text)
    ADC_TempSensorVrefintCmd                 0x08000a39   Thumb Code    64  stm32f10x_adc.o(.text)
    ADC_GetFlagStatus                        0x08000a79   Thumb Code    18  stm32f10x_adc.o(.text)
    ADC_ClearFlag                            0x08000a8b   Thumb Code     6  stm32f10x_adc.o(.text)
    ADC_GetITStatus                          0x08000a91   Thumb Code    36  stm32f10x_adc.o(.text)
    ADC_ClearITPendingBit                    0x08000ab5   Thumb Code    10  stm32f10x_adc.o(.text)
    GPIO_DeInit                              0x08000ac1   Thumb Code   172  stm32f10x_gpio.o(.text)
    GPIO_AFIODeInit                          0x08000b6d   Thumb Code    20  stm32f10x_gpio.o(.text)
    GPIO_Init                                0x08000b81   Thumb Code   278  stm32f10x_gpio.o(.text)
    GPIO_StructInit                          0x08000c97   Thumb Code    16  stm32f10x_gpio.o(.text)
    GPIO_ReadInputDataBit                    0x08000ca7   Thumb Code    18  stm32f10x_gpio.o(.text)
    GPIO_ReadInputData                       0x08000cb9   Thumb Code     8  stm32f10x_gpio.o(.text)
    GPIO_ReadOutputDataBit                   0x08000cc1   Thumb Code    18  stm32f10x_gpio.o(.text)
    GPIO_ReadOutputData                      0x08000cd3   Thumb Code     8  stm32f10x_gpio.o(.text)
    GPIO_SetBits                             0x08000cdb   Thumb Code     4  stm32f10x_gpio.o(.text)
    GPIO_ResetBits                           0x08000cdf   Thumb Code     4  stm32f10x_gpio.o(.text)
    GPIO_WriteBit                            0x08000ce3   Thumb Code    10  stm32f10x_gpio.o(.text)
    GPIO_Write                               0x08000ced   Thumb Code     4  stm32f10x_gpio.o(.text)
    GPIO_PinLockConfig                       0x08000cf1   Thumb Code    18  stm32f10x_gpio.o(.text)
    GPIO_EventOutputConfig                   0x08000d03   Thumb Code    26  stm32f10x_gpio.o(.text)
    GPIO_EventOutputCmd                      0x08000d1d   Thumb Code     6  stm32f10x_gpio.o(.text)
    GPIO_PinRemapConfig                      0x08000d23   Thumb Code   138  stm32f10x_gpio.o(.text)
    GPIO_EXTILineConfig                      0x08000dad   Thumb Code    66  stm32f10x_gpio.o(.text)
    GPIO_ETH_MediaInterfaceConfig            0x08000def   Thumb Code     8  stm32f10x_gpio.o(.text)
    RCC_DeInit                               0x08000e1d   Thumb Code    64  stm32f10x_rcc.o(.text)
    RCC_HSEConfig                            0x08000e5d   Thumb Code    70  stm32f10x_rcc.o(.text)
    RCC_GetFlagStatus                        0x08000ea3   Thumb Code    56  stm32f10x_rcc.o(.text)
    RCC_WaitForHSEStartUp                    0x08000edb   Thumb Code    56  stm32f10x_rcc.o(.text)
    RCC_AdjustHSICalibrationValue            0x08000f13   Thumb Code    20  stm32f10x_rcc.o(.text)
    RCC_HSICmd                               0x08000f27   Thumb Code     6  stm32f10x_rcc.o(.text)
    RCC_PLLConfig                            0x08000f2d   Thumb Code    24  stm32f10x_rcc.o(.text)
    RCC_PLLCmd                               0x08000f45   Thumb Code     6  stm32f10x_rcc.o(.text)
    RCC_SYSCLKConfig                         0x08000f4b   Thumb Code    18  stm32f10x_rcc.o(.text)
    RCC_GetSYSCLKSource                      0x08000f5d   Thumb Code    10  stm32f10x_rcc.o(.text)
    RCC_HCLKConfig                           0x08000f67   Thumb Code    18  stm32f10x_rcc.o(.text)
    RCC_PCLK1Config                          0x08000f79   Thumb Code    18  stm32f10x_rcc.o(.text)
    RCC_PCLK2Config                          0x08000f8b   Thumb Code    20  stm32f10x_rcc.o(.text)
    RCC_ITConfig                             0x08000f9f   Thumb Code    26  stm32f10x_rcc.o(.text)
    RCC_USBCLKConfig                         0x08000fb9   Thumb Code     8  stm32f10x_rcc.o(.text)
    RCC_ADCCLKConfig                         0x08000fc1   Thumb Code    18  stm32f10x_rcc.o(.text)
    RCC_LSEConfig                            0x08000fd3   Thumb Code    50  stm32f10x_rcc.o(.text)
    RCC_LSICmd                               0x08001005   Thumb Code     6  stm32f10x_rcc.o(.text)
    RCC_RTCCLKConfig                         0x0800100b   Thumb Code    12  stm32f10x_rcc.o(.text)
    RCC_RTCCLKCmd                            0x08001017   Thumb Code     8  stm32f10x_rcc.o(.text)
    RCC_GetClocksFreq                        0x0800101f   Thumb Code   192  stm32f10x_rcc.o(.text)
    RCC_AHBPeriphClockCmd                    0x080010df   Thumb Code    26  stm32f10x_rcc.o(.text)
    RCC_APB2PeriphClockCmd                   0x080010f9   Thumb Code    26  stm32f10x_rcc.o(.text)
    RCC_APB1PeriphClockCmd                   0x08001113   Thumb Code    26  stm32f10x_rcc.o(.text)
    RCC_APB2PeriphResetCmd                   0x0800112d   Thumb Code    26  stm32f10x_rcc.o(.text)
    RCC_APB1PeriphResetCmd                   0x08001147   Thumb Code    26  stm32f10x_rcc.o(.text)
    RCC_BackupResetCmd                       0x08001161   Thumb Code     8  stm32f10x_rcc.o(.text)
    RCC_ClockSecuritySystemCmd               0x08001169   Thumb Code     6  stm32f10x_rcc.o(.text)
    RCC_MCOConfig                            0x0800116f   Thumb Code     6  stm32f10x_rcc.o(.text)
    RCC_ClearFlag                            0x08001175   Thumb Code    14  stm32f10x_rcc.o(.text)
    RCC_GetITStatus                          0x08001183   Thumb Code    20  stm32f10x_rcc.o(.text)
    RCC_ClearITPendingBit                    0x08001197   Thumb Code     6  stm32f10x_rcc.o(.text)
    TIM_DeInit                               0x080011c1   Thumb Code   424  stm32f10x_tim.o(.text)
    TIM_TimeBaseInit                         0x08001369   Thumb Code   122  stm32f10x_tim.o(.text)
    TIM_OC1Init                              0x080013e3   Thumb Code   132  stm32f10x_tim.o(.text)
    TIM_OC2Init                              0x08001467   Thumb Code   154  stm32f10x_tim.o(.text)
    TIM_OC3Init                              0x08001501   Thumb Code   150  stm32f10x_tim.o(.text)
    TIM_OC4Init                              0x08001597   Thumb Code   182  stm32f10x_tim.o(.text)
    TIM_SetIC4Prescaler                      0x0800164d   Thumb Code    26  stm32f10x_tim.o(.text)
    TIM_SetIC3Prescaler                      0x080016e9   Thumb Code    18  stm32f10x_tim.o(.text)
    TIM_SetIC2Prescaler                      0x08001775   Thumb Code    26  stm32f10x_tim.o(.text)
    TIM_SetIC1Prescaler                      0x08001811   Thumb Code    18  stm32f10x_tim.o(.text)
    TIM_ICInit                               0x0800188f   Thumb Code   150  stm32f10x_tim.o(.text)
    TIM_PWMIConfig                           0x08001925   Thumb Code   124  stm32f10x_tim.o(.text)
    TIM_BDTRConfig                           0x080019a1   Thumb Code    32  stm32f10x_tim.o(.text)
    TIM_TimeBaseStructInit                   0x080019c1   Thumb Code    18  stm32f10x_tim.o(.text)
    TIM_OCStructInit                         0x080019d3   Thumb Code    20  stm32f10x_tim.o(.text)
    TIM_ICStructInit                         0x080019e7   Thumb Code    18  stm32f10x_tim.o(.text)
    TIM_BDTRStructInit                       0x080019f9   Thumb Code    40  stm32f10x_tim.o(.text)
    TIM_Cmd                                  0x08001a21   Thumb Code    24  stm32f10x_tim.o(.text)
    TIM_CtrlPWMOutputs                       0x08001a39   Thumb Code    30  stm32f10x_tim.o(.text)
    TIM_ITConfig                             0x08001a57   Thumb Code    18  stm32f10x_tim.o(.text)
    TIM_GenerateEvent                        0x08001a69   Thumb Code     4  stm32f10x_tim.o(.text)
    TIM_DMAConfig                            0x08001a6d   Thumb Code    10  stm32f10x_tim.o(.text)
    TIM_DMACmd                               0x08001a77   Thumb Code    18  stm32f10x_tim.o(.text)
    TIM_InternalClockConfig                  0x08001a89   Thumb Code    12  stm32f10x_tim.o(.text)
    TIM_SelectInputTrigger                   0x08001a95   Thumb Code    18  stm32f10x_tim.o(.text)
    TIM_ITRxExternalClockConfig              0x08001aa7   Thumb Code    24  stm32f10x_tim.o(.text)
    TIM_TIxExternalClockConfig               0x08001abf   Thumb Code    62  stm32f10x_tim.o(.text)
    TIM_ETRConfig                            0x08001afd   Thumb Code    28  stm32f10x_tim.o(.text)
    TIM_ETRClockMode1Config                  0x08001b19   Thumb Code    54  stm32f10x_tim.o(.text)
    TIM_ETRClockMode2Config                  0x08001b4f   Thumb Code    32  stm32f10x_tim.o(.text)
    TIM_PrescalerConfig                      0x08001b6f   Thumb Code     6  stm32f10x_tim.o(.text)
    TIM_CounterModeConfig                    0x08001b75   Thumb Code    18  stm32f10x_tim.o(.text)
    TIM_EncoderInterfaceConfig               0x08001b87   Thumb Code    66  stm32f10x_tim.o(.text)
    TIM_ForcedOC1Config                      0x08001bc9   Thumb Code    18  stm32f10x_tim.o(.text)
    TIM_ForcedOC2Config                      0x08001bdb   Thumb Code    26  stm32f10x_tim.o(.text)
    TIM_ForcedOC3Config                      0x08001bf5   Thumb Code    18  stm32f10x_tim.o(.text)
    TIM_ForcedOC4Config                      0x08001c07   Thumb Code    26  stm32f10x_tim.o(.text)
    TIM_ARRPreloadConfig                     0x08001c21   Thumb Code    24  stm32f10x_tim.o(.text)
    TIM_SelectCOM                            0x08001c39   Thumb Code    24  stm32f10x_tim.o(.text)
    TIM_SelectCCDMA                          0x08001c51   Thumb Code    24  stm32f10x_tim.o(.text)
    TIM_CCPreloadControl                     0x08001c69   Thumb Code    24  stm32f10x_tim.o(.text)
    TIM_OC1PreloadConfig                     0x08001c81   Thumb Code    18  stm32f10x_tim.o(.text)
    TIM_OC2PreloadConfig                     0x08001c93   Thumb Code    26  stm32f10x_tim.o(.text)
    TIM_OC3PreloadConfig                     0x08001cad   Thumb Code    18  stm32f10x_tim.o(.text)
    TIM_OC4PreloadConfig                     0x08001cbf   Thumb Code    26  stm32f10x_tim.o(.text)
    TIM_OC1FastConfig                        0x08001cd9   Thumb Code    18  stm32f10x_tim.o(.text)
    TIM_OC2FastConfig                        0x08001ceb   Thumb Code    26  stm32f10x_tim.o(.text)
    TIM_OC3FastConfig                        0x08001d05   Thumb Code    18  stm32f10x_tim.o(.text)
    TIM_OC4FastConfig                        0x08001d17   Thumb Code    26  stm32f10x_tim.o(.text)
    TIM_ClearOC1Ref                          0x08001d31   Thumb Code    18  stm32f10x_tim.o(.text)
    TIM_ClearOC2Ref                          0x08001d43   Thumb Code    24  stm32f10x_tim.o(.text)
    TIM_ClearOC3Ref                          0x08001d5b   Thumb Code    18  stm32f10x_tim.o(.text)
    TIM_ClearOC4Ref                          0x08001d6d   Thumb Code    24  stm32f10x_tim.o(.text)
    TIM_OC1PolarityConfig                    0x08001d85   Thumb Code    18  stm32f10x_tim.o(.text)
    TIM_OC1NPolarityConfig                   0x08001d97   Thumb Code    18  stm32f10x_tim.o(.text)
    TIM_OC2PolarityConfig                    0x08001da9   Thumb Code    26  stm32f10x_tim.o(.text)
    TIM_OC2NPolarityConfig                   0x08001dc3   Thumb Code    26  stm32f10x_tim.o(.text)
    TIM_OC3PolarityConfig                    0x08001ddd   Thumb Code    26  stm32f10x_tim.o(.text)
    TIM_OC3NPolarityConfig                   0x08001df7   Thumb Code    26  stm32f10x_tim.o(.text)
    TIM_OC4PolarityConfig                    0x08001e11   Thumb Code    26  stm32f10x_tim.o(.text)
    TIM_CCxCmd                               0x08001e2b   Thumb Code    30  stm32f10x_tim.o(.text)
    TIM_CCxNCmd                              0x08001e49   Thumb Code    30  stm32f10x_tim.o(.text)
    TIM_SelectOCxM                           0x08001e67   Thumb Code    82  stm32f10x_tim.o(.text)
    TIM_UpdateDisableConfig                  0x08001eb9   Thumb Code    24  stm32f10x_tim.o(.text)
    TIM_UpdateRequestConfig                  0x08001ed1   Thumb Code    24  stm32f10x_tim.o(.text)
    TIM_SelectHallSensor                     0x08001ee9   Thumb Code    24  stm32f10x_tim.o(.text)
    TIM_SelectOnePulseMode                   0x08001f01   Thumb Code    18  stm32f10x_tim.o(.text)
    TIM_SelectOutputTrigger                  0x08001f13   Thumb Code    18  stm32f10x_tim.o(.text)
    TIM_SelectSlaveMode                      0x08001f25   Thumb Code    18  stm32f10x_tim.o(.text)
    TIM_SelectMasterSlaveMode                0x08001f37   Thumb Code    18  stm32f10x_tim.o(.text)
    TIM_SetCounter                           0x08001f49   Thumb Code     4  stm32f10x_tim.o(.text)
    TIM_SetAutoreload                        0x08001f4d   Thumb Code     4  stm32f10x_tim.o(.text)
    TIM_SetCompare1                          0x08001f51   Thumb Code     4  stm32f10x_tim.o(.text)
    TIM_SetCompare2                          0x08001f55   Thumb Code     4  stm32f10x_tim.o(.text)
    TIM_SetCompare3                          0x08001f59   Thumb Code     4  stm32f10x_tim.o(.text)
    TIM_SetCompare4                          0x08001f5d   Thumb Code     6  stm32f10x_tim.o(.text)
    TIM_SetClockDivision                     0x08001f63   Thumb Code    18  stm32f10x_tim.o(.text)
    TIM_GetCapture1                          0x08001f75   Thumb Code     6  stm32f10x_tim.o(.text)
    TIM_GetCapture2                          0x08001f7b   Thumb Code     6  stm32f10x_tim.o(.text)
    TIM_GetCapture3                          0x08001f81   Thumb Code     6  stm32f10x_tim.o(.text)
    TIM_GetCapture4                          0x08001f87   Thumb Code     8  stm32f10x_tim.o(.text)
    TIM_GetCounter                           0x08001f8f   Thumb Code     6  stm32f10x_tim.o(.text)
    TIM_GetPrescaler                         0x08001f95   Thumb Code     6  stm32f10x_tim.o(.text)
    TIM_GetFlagStatus                        0x08001f9b   Thumb Code    18  stm32f10x_tim.o(.text)
    TIM_ClearFlag                            0x08001fad   Thumb Code     6  stm32f10x_tim.o(.text)
    TIM_GetITStatus                          0x08001fb3   Thumb Code    34  stm32f10x_tim.o(.text)
    TIM_ClearITPendingBit                    0x08001fd5   Thumb Code     6  stm32f10x_tim.o(.text)
    USART_DeInit                             0x08001fdd   Thumb Code   134  stm32f10x_usart.o(.text)
    USART_Init                               0x08002063   Thumb Code   210  stm32f10x_usart.o(.text)
    USART_StructInit                         0x08002135   Thumb Code    24  stm32f10x_usart.o(.text)
    USART_ClockInit                          0x0800214d   Thumb Code    34  stm32f10x_usart.o(.text)
    USART_ClockStructInit                    0x0800216f   Thumb Code    12  stm32f10x_usart.o(.text)
    USART_Cmd                                0x0800217b   Thumb Code    24  stm32f10x_usart.o(.text)
    USART_ITConfig                           0x08002193   Thumb Code    74  stm32f10x_usart.o(.text)
    USART_DMACmd                             0x080021dd   Thumb Code    18  stm32f10x_usart.o(.text)
    USART_SetAddress                         0x080021ef   Thumb Code    18  stm32f10x_usart.o(.text)
    USART_WakeUpConfig                       0x08002201   Thumb Code    18  stm32f10x_usart.o(.text)
    USART_ReceiverWakeUpCmd                  0x08002213   Thumb Code    24  stm32f10x_usart.o(.text)
    USART_LINBreakDetectLengthConfig         0x0800222b   Thumb Code    18  stm32f10x_usart.o(.text)
    USART_LINCmd                             0x0800223d   Thumb Code    24  stm32f10x_usart.o(.text)
    USART_SendData                           0x08002255   Thumb Code     8  stm32f10x_usart.o(.text)
    USART_ReceiveData                        0x0800225d   Thumb Code    10  stm32f10x_usart.o(.text)
    USART_SendBreak                          0x08002267   Thumb Code    10  stm32f10x_usart.o(.text)
    USART_SetGuardTime                       0x08002271   Thumb Code    16  stm32f10x_usart.o(.text)
    USART_SetPrescaler                       0x08002281   Thumb Code    16  stm32f10x_usart.o(.text)
    USART_SmartCardCmd                       0x08002291   Thumb Code    24  stm32f10x_usart.o(.text)
    USART_SmartCardNACKCmd                   0x080022a9   Thumb Code    24  stm32f10x_usart.o(.text)
    USART_HalfDuplexCmd                      0x080022c1   Thumb Code    24  stm32f10x_usart.o(.text)
    USART_OverSampling8Cmd                   0x080022d9   Thumb Code    22  stm32f10x_usart.o(.text)
    USART_OneBitMethodCmd                    0x080022ef   Thumb Code    24  stm32f10x_usart.o(.text)
    USART_IrDAConfig                         0x08002307   Thumb Code    18  stm32f10x_usart.o(.text)
    USART_IrDACmd                            0x08002319   Thumb Code    24  stm32f10x_usart.o(.text)
    USART_GetFlagStatus                      0x08002331   Thumb Code    26  stm32f10x_usart.o(.text)
    USART_ClearFlag                          0x0800234b   Thumb Code    18  stm32f10x_usart.o(.text)
    USART_GetITStatus                        0x0800235d   Thumb Code    84  stm32f10x_usart.o(.text)
    USART_ClearITPendingBit                  0x080023b1   Thumb Code    52  stm32f10x_usart.o(.text)
    MPU_Write_Byte                           0x080023e5   Thumb Code    68  mpu6050.o(.text)
    MPU_Set_LPF                              0x08002429   Thumb Code    58  mpu6050.o(.text)
    MPU_Set_Rate                             0x08002463   Thumb Code    58  mpu6050.o(.text)
    MPU_Read_Byte                            0x0800249d   Thumb Code    58  mpu6050.o(.text)
    MPU_Set_Accel_Fsr                        0x080024d7   Thumb Code    16  mpu6050.o(.text)
    MPU_Set_Gyro_Fsr                         0x080024e7   Thumb Code    16  mpu6050.o(.text)
    MPU_Init                                 0x080024f7   Thumb Code   122  mpu6050.o(.text)
    MPU_Read_Len                             0x08002571   Thumb Code   116  mpu6050.o(.text)
    MPU_Get_Temperature                      0x080025e5   Thumb Code    86  mpu6050.o(.text)
    MPU_Get_Gyroscope                        0x0800263b   Thumb Code    80  mpu6050.o(.text)
    MPU_Get_Accelerometer                    0x0800268b   Thumb Code    80  mpu6050.o(.text)
    MPU_Write_Len                            0x080026db   Thumb Code    96  mpu6050.o(.text)
    MPU_IIC_Delay                            0x0800274d   Thumb Code    10  mpuiic.o(.text)
    MPU_IIC_Init                             0x08002757   Thumb Code    50  mpuiic.o(.text)
    MPU_IIC_Start                            0x08002789   Thumb Code    64  mpuiic.o(.text)
    MPU_IIC_Stop                             0x080027c9   Thumb Code    66  mpuiic.o(.text)
    MPU_IIC_Wait_Ack                         0x0800280b   Thumb Code    90  mpuiic.o(.text)
    MPU_IIC_Ack                              0x08002865   Thumb Code    70  mpuiic.o(.text)
    MPU_IIC_NAck                             0x080028ab   Thumb Code    70  mpuiic.o(.text)
    MPU_IIC_Send_Byte                        0x080028f1   Thumb Code    86  mpuiic.o(.text)
    MPU_IIC_Read_Byte                        0x08002947   Thumb Code   100  mpuiic.o(.text)
    mpu_reg_dump                             0x08002a43   Thumb Code    84  inv_mpu.o(.text)
    mpu_read_reg                             0x08002a97   Thumb Code    66  inv_mpu.o(.text)
    mpu_set_int_latched                      0x08002ad9   Thumb Code   102  inv_mpu.o(.text)
    mpu_set_sensors                          0x08002b3f   Thumb Code   202  inv_mpu.o(.text)
    mpu_set_bypass                           0x08002c09   Thumb Code   328  inv_mpu.o(.text)
    mpu_reset_fifo                           0x08002d51   Thumb Code   472  inv_mpu.o(.text)
    mpu_configure_fifo                       0x08002f29   Thumb Code   106  inv_mpu.o(.text)
    mpu_set_lpf                              0x08002f93   Thumb Code   126  inv_mpu.o(.text)
    mpu_lp_accel_mode                        0x08003011   Thumb Code   218  inv_mpu.o(.text)
    mpu_set_sample_rate                      0x080030eb   Thumb Code   152  inv_mpu.o(.text)
    mpu_set_accel_fsr                        0x08003183   Thumb Code   132  inv_mpu.o(.text)
    mpu_set_gyro_fsr                         0x08003207   Thumb Code   132  inv_mpu.o(.text)
    mpu_init                                 0x0800328b   Thumb Code   416  inv_mpu.o(.text)
    mget_ms                                  0x0800342b   Thumb Code     2  inv_mpu.o(.text)
    mpu_get_gyro_reg                         0x0800342d   Thumb Code   110  inv_mpu.o(.text)
    mpu_get_accel_reg                        0x0800349b   Thumb Code   110  inv_mpu.o(.text)
    mpu_get_temperature                      0x08003509   Thumb Code   150  inv_mpu.o(.text)
    mpu_set_accel_bias                       0x0800359f   Thumb Code   468  inv_mpu.o(.text)
    mpu_get_gyro_fsr                         0x08003773   Thumb Code    64  inv_mpu.o(.text)
    mpu_get_accel_fsr                        0x080037b3   Thumb Code    72  inv_mpu.o(.text)
    mpu_get_lpf                              0x080037fb   Thumb Code    74  inv_mpu.o(.text)
    mpu_get_sample_rate                      0x08003845   Thumb Code    26  inv_mpu.o(.text)
    mpu_get_compass_sample_rate              0x0800385f   Thumb Code    10  inv_mpu.o(.text)
    mpu_set_compass_sample_rate              0x08003869   Thumb Code     8  inv_mpu.o(.text)
    mpu_get_gyro_sens                        0x08003871   Thumb Code    58  inv_mpu.o(.text)
    mpu_get_accel_sens                       0x080038ab   Thumb Code    78  inv_mpu.o(.text)
    mpu_get_fifo_config                      0x080038f9   Thumb Code    12  inv_mpu.o(.text)
    mpu_get_power_state                      0x08003905   Thumb Code    22  inv_mpu.o(.text)
    mpu_get_int_status                       0x0800391b   Thumb Code    64  inv_mpu.o(.text)
    mpu_read_fifo                            0x0800395b   Thumb Code   520  inv_mpu.o(.text)
    mpu_read_fifo_stream                     0x08003b63   Thumb Code   186  inv_mpu.o(.text)
    mpu_set_int_level                        0x08003c1d   Thumb Code    12  inv_mpu.o(.text)
    mpu_set_dmp_state                        0x080042fd   Thumb Code   138  inv_mpu.o(.text)
    mpu_run_self_test                        0x08004387   Thumb Code   278  inv_mpu.o(.text)
    mpu_write_mem                            0x0800449d   Thumb Code   122  inv_mpu.o(.text)
    mpu_read_mem                             0x08004517   Thumb Code   122  inv_mpu.o(.text)
    mpu_load_firmware                        0x08004591   Thumb Code   190  inv_mpu.o(.text)
    mpu_get_dmp_state                        0x0800464f   Thumb Code    14  inv_mpu.o(.text)
    setup_compass                            0x0800465d   Thumb Code     6  inv_mpu.o(.text)
    mpu_get_compass_reg                      0x08004663   Thumb Code     8  inv_mpu.o(.text)
    mpu_get_compass_fsr                      0x0800466b   Thumb Code     8  inv_mpu.o(.text)
    mpu_lp_motion_interrupt                  0x08004673   Thumb Code   512  inv_mpu.o(.text)
    run_self_test                            0x08004873   Thumb Code   148  inv_mpu.o(.text)
    inv_row_2_scale                          0x08004907   Thumb Code    78  inv_mpu.o(.text)
    inv_orientation_matrix_to_scalar         0x08004955   Thumb Code    40  inv_mpu.o(.text)
    mpu_dmp_init                             0x0800497d   Thumb Code   154  inv_mpu.o(.text)
    mpu_dmp_get_data                         0x08004a17   Thumb Code   554  inv_mpu.o(.text)
    dmp_load_motion_driver_firmware          0x08004c45   Thumb Code    20  inv_mpu_dmp_motion_driver.o(.text)
    dmp_set_orientation                      0x08004c59   Thumb Code   290  inv_mpu_dmp_motion_driver.o(.text)
    dmp_set_gyro_bias                        0x08004d7b   Thumb Code   294  inv_mpu_dmp_motion_driver.o(.text)
    dmp_set_accel_bias                       0x08004ea1   Thumb Code   300  inv_mpu_dmp_motion_driver.o(.text)
    dmp_set_fifo_rate                        0x08004fcd   Thumb Code   136  inv_mpu_dmp_motion_driver.o(.text)
    dmp_get_fifo_rate                        0x08005055   Thumb Code    12  inv_mpu_dmp_motion_driver.o(.text)
    dmp_set_tap_thresh                       0x08005061   Thumb Code   396  inv_mpu_dmp_motion_driver.o(.text)
    dmp_set_tap_axes                         0x080051ed   Thumb Code    70  inv_mpu_dmp_motion_driver.o(.text)
    dmp_set_tap_count                        0x08005233   Thumb Code    38  inv_mpu_dmp_motion_driver.o(.text)
    dmp_set_tap_time                         0x08005259   Thumb Code    38  inv_mpu_dmp_motion_driver.o(.text)
    dmp_set_tap_time_multi                   0x0800527f   Thumb Code    38  inv_mpu_dmp_motion_driver.o(.text)
    dmp_set_shake_reject_thresh              0x080052a5   Thumb Code    56  inv_mpu_dmp_motion_driver.o(.text)
    dmp_set_shake_reject_time                0x080052dd   Thumb Code    38  inv_mpu_dmp_motion_driver.o(.text)
    dmp_set_shake_reject_timeout             0x08005303   Thumb Code    38  inv_mpu_dmp_motion_driver.o(.text)
    dmp_get_pedometer_step_count             0x08005329   Thumb Code    66  inv_mpu_dmp_motion_driver.o(.text)
    dmp_set_pedometer_step_count             0x0800536b   Thumb Code    42  inv_mpu_dmp_motion_driver.o(.text)
    dmp_get_pedometer_walk_time              0x08005395   Thumb Code    72  inv_mpu_dmp_motion_driver.o(.text)
    dmp_set_pedometer_walk_time              0x080053dd   Thumb Code    48  inv_mpu_dmp_motion_driver.o(.text)
    dmp_enable_6x_lp_quat                    0x0800540d   Thumb Code    84  inv_mpu_dmp_motion_driver.o(.text)
    dmp_enable_lp_quat                       0x08005461   Thumb Code    60  inv_mpu_dmp_motion_driver.o(.text)
    dmp_enable_gyro_cal                      0x0800549d   Thumb Code    62  inv_mpu_dmp_motion_driver.o(.text)
    dmp_enable_feature                       0x080054db   Thumb Code   530  inv_mpu_dmp_motion_driver.o(.text)
    dmp_get_enabled_features                 0x080056ed   Thumb Code    12  inv_mpu_dmp_motion_driver.o(.text)
    dmp_set_interrupt_mode                   0x08005757   Thumb Code    66  inv_mpu_dmp_motion_driver.o(.text)
    dmp_read_fifo                            0x08005799   Thumb Code   514  inv_mpu_dmp_motion_driver.o(.text)
    dmp_register_tap_cb                      0x0800599b   Thumb Code    10  inv_mpu_dmp_motion_driver.o(.text)
    dmp_register_android_orient_cb           0x080059a5   Thumb Code    10  inv_mpu_dmp_motion_driver.o(.text)
    Adc_Init                                 0x080059b5   Thumb Code   132  adc.o(.text)
    Get_Adc                                  0x08005a39   Thumb Code    46  adc.o(.text)
    Get_Adc_Average                          0x08005a67   Thumb Code    46  adc.o(.text)
    KEY_Init                                 0x08005a9d   Thumb Code    54  key.o(.text)
    KEY_Scan                                 0x08005ad3   Thumb Code   110  key.o(.text)
    OLED_WR_Byte                             0x08005b4d   Thumb Code    84  oled.o(.text)
    OLED_Refresh_Gram                        0x08005ba1   Thumb Code    70  oled.o(.text)
    OLED_Display_On                          0x08005be7   Thumb Code    28  oled.o(.text)
    OLED_Display_Off                         0x08005c03   Thumb Code    28  oled.o(.text)
    OLED_Clear                               0x08005c1f   Thumb Code    42  oled.o(.text)
    OLED_DrawPoint                           0x08005c49   Thumb Code   100  oled.o(.text)
    OLED_Fill                                0x08005cad   Thumb Code    58  oled.o(.text)
    OLED_ShowChar                            0x08005ce7   Thumb Code   254  oled.o(.text)
    mypow                                    0x08005de5   Thumb Code    22  oled.o(.text)
    OLED_ShowNum                             0x08005dfb   Thumb Code   148  oled.o(.text)
    OLED_ShowString                          0x08005e8f   Thumb Code    94  oled.o(.text)
    draw_circle                              0x08005eed   Thumb Code   172  oled.o(.text)
    Boot_Animation                           0x08005f99   Thumb Code   358  oled.o(.text)
    OLED_Init                                0x080060ff   Thumb Code   288  oled.o(.text)
    TIM1_Int_Init                            0x08006249   Thumb Code   188  timer.o(.text)
    TIM3_Int_Init                            0x08006305   Thumb Code    80  timer.o(.text)
    TIM3_IRQHandler                          0x08006355   Thumb Code     2  timer.o(.text)
    TIM4_Int_Init                            0x08006357   Thumb Code    80  timer.o(.text)
    TIM4_IRQHandler                          0x080063a7   Thumb Code    22  timer.o(.text)
    buzz_Init                                0x080063cd   Thumb Code    60  buzz.o(.text)
    display                                  0x08006411   Thumb Code   294  control.o(.text)
    adc_data_process                         0x08006537   Thumb Code   146  control.o(.text)
    data_send_process                        0x080065c9   Thumb Code     2  control.o(.text)
    __aeabi_ldivmod                          0x0800660d   Thumb Code    98  ldiv.o(.text)
    __aeabi_memset                           0x0800666f   Thumb Code    14  memseta.o(.text)
    __aeabi_memset4                          0x0800666f   Thumb Code     0  memseta.o(.text)
    __aeabi_memset8                          0x0800666f   Thumb Code     0  memseta.o(.text)
    __aeabi_memclr                           0x0800667d   Thumb Code     4  memseta.o(.text)
    __aeabi_memclr4                          0x0800667d   Thumb Code     0  memseta.o(.text)
    __aeabi_memclr8                          0x0800667d   Thumb Code     0  memseta.o(.text)
    _memset$wrapper                          0x08006681   Thumb Code    18  memseta.o(.text)
    memcmp                                   0x08006693   Thumb Code    26  memcmp.o(.text)
    __aeabi_fadd                             0x080066ad   Thumb Code   164  fadd.o(.text)
    __aeabi_fsub                             0x08006751   Thumb Code     6  fadd.o(.text)
    __aeabi_frsub                            0x08006757   Thumb Code     6  fadd.o(.text)
    __aeabi_fmul                             0x0800675d   Thumb Code   100  fmul.o(.text)
    __aeabi_fdiv                             0x080067c1   Thumb Code   124  fdiv.o(.text)
    __aeabi_dadd                             0x0800683d   Thumb Code   322  dadd.o(.text)
    __aeabi_dsub                             0x0800697f   Thumb Code     6  dadd.o(.text)
    __aeabi_drsub                            0x08006985   Thumb Code     6  dadd.o(.text)
    __aeabi_dmul                             0x0800698b   Thumb Code   228  dmul.o(.text)
    __aeabi_ddiv                             0x08006a6f   Thumb Code   222  ddiv.o(.text)
    __aeabi_i2f                              0x08006b4d   Thumb Code    18  fflti.o(.text)
    __aeabi_ui2f                             0x08006b5f   Thumb Code    10  ffltui.o(.text)
    __aeabi_i2d                              0x08006b69   Thumb Code    34  dflti.o(.text)
    __aeabi_ui2d                             0x08006b8b   Thumb Code    26  dfltui.o(.text)
    __aeabi_f2iz                             0x08006ba5   Thumb Code    50  ffixi.o(.text)
    __aeabi_f2uiz                            0x08006bd7   Thumb Code    40  ffixui.o(.text)
    __aeabi_d2uiz                            0x08006bff   Thumb Code    50  dfixui.o(.text)
    __aeabi_f2d                              0x08006c31   Thumb Code    38  f2d.o(.text)
    __aeabi_d2f                              0x08006c57   Thumb Code    56  d2f.o(.text)
    __aeabi_cfcmpeq                          0x08006c91   Thumb Code     0  cfcmple.o(.text)
    __aeabi_cfcmple                          0x08006c91   Thumb Code    20  cfcmple.o(.text)
    __aeabi_cfrcmple                         0x08006ca5   Thumb Code    20  cfrcmple.o(.text)
    __aeabi_uldivmod                         0x08006cb9   Thumb Code    98  uldiv.o(.text)
    __aeabi_llsl                             0x08006d1b   Thumb Code    30  llshl.o(.text)
    _ll_shift_l                              0x08006d1b   Thumb Code     0  llshl.o(.text)
    __aeabi_llsr                             0x08006d39   Thumb Code    32  llushr.o(.text)
    _ll_ushift_r                             0x08006d39   Thumb Code     0  llushr.o(.text)
    __aeabi_lasr                             0x08006d59   Thumb Code    36  llsshr.o(.text)
    _ll_sshift_r                             0x08006d59   Thumb Code     0  llsshr.o(.text)
    __I$use$fp                               0x08006d7d   Thumb Code     0  iusefp.o(.text)
    _float_round                             0x08006d7d   Thumb Code    18  fepilogue.o(.text)
    _float_epilogue                          0x08006d8f   Thumb Code    92  fepilogue.o(.text)
    _double_round                            0x08006deb   Thumb Code    30  depilogue.o(.text)
    _double_epilogue                         0x08006e09   Thumb Code   156  depilogue.o(.text)
    __ARM_scalbn                             0x08006ea5   Thumb Code    46  dscalb.o(.text)
    scalbn                                   0x08006ea5   Thumb Code     0  dscalb.o(.text)
    _dsqrt                                   0x08006ed3   Thumb Code   162  dsqrt.o(.text)
    __aeabi_cdrcmple                         0x08006f75   Thumb Code    48  cdrcmple.o(.text)
    __scatterload                            0x08006fa5   Thumb Code    28  init.o(.text)
    __scatterload_rt2                        0x08006fa5   Thumb Code     0  init.o(.text)
    __0printf$8                              0x08006fc9   Thumb Code    22  printf8.o(i.__0printf$8)
    __1printf$8                              0x08006fc9   Thumb Code     0  printf8.o(i.__0printf$8)
    __2printf                                0x08006fc9   Thumb Code     0  printf8.o(i.__0printf$8)
    __I$use$semihosting$fputc                0x08006fc9   Thumb Code     0  iusesemip.o(.text)
    __semihosting_library_function           0x08006fc9   Thumb Code     0  semi.o(.text)
    __ARM_fpclassify                         0x08006fe9   Thumb Code    40  fpclassify.o(i.__ARM_fpclassify)
    __kernel_poly                            0x08007011   Thumb Code   170  poly.o(i.__kernel_poly)
    __mathlib_dbl_divzero                    0x080070bd   Thumb Code    12  dunder.o(i.__mathlib_dbl_divzero)
    __mathlib_dbl_infnan                     0x080070cd   Thumb Code     6  dunder.o(i.__mathlib_dbl_infnan)
    __mathlib_dbl_infnan2                    0x080070d3   Thumb Code     4  dunder.o(i.__mathlib_dbl_infnan2)
    __mathlib_dbl_invalid                    0x080070d7   Thumb Code    12  dunder.o(i.__mathlib_dbl_invalid)
    __mathlib_dbl_overflow                   0x080070e3   Thumb Code    14  dunder.o(i.__mathlib_dbl_overflow)
    __mathlib_dbl_underflow                  0x080070f1   Thumb Code    10  dunder.o(i.__mathlib_dbl_underflow)
    __scatterload_copy                       0x08007101   Thumb Code    14  handlers.o(i.__scatterload_copy)
    __scatterload_null                       0x0800710f   Thumb Code     2  handlers.o(i.__scatterload_null)
    __scatterload_zeroinit                   0x08007111   Thumb Code    14  handlers.o(i.__scatterload_zeroinit)
    __set_errno                              0x08007121   Thumb Code     6  errno.o(i.__set_errno)
    asin                                     0x08007591   Thumb Code   572  asin.o(i.asin)
    atan                                     0x08007801   Thumb Code   474  atan.o(i.atan)
    atan2                                    0x08007a21   Thumb Code   346  atan2.o(i.atan2)
    fputc                                    0x08007ba1   Thumb Code    18  fputc.o(i.fputc)
    pow                                      0x08007bb5   Thumb Code  2512  pow.o(i.pow)
    sqrt                                     0x0800858d   Thumb Code    76  sqrt.o(i.sqrt)
    reg                                      0x080085d8   Data          27  inv_mpu.o(.constdata)
    hw                                       0x080085f4   Data          12  inv_mpu.o(.constdata)
    test                                     0x08008600   Data          40  inv_mpu.o(.constdata)
    asc2_1206                                0x0800921e   Data        1140  oled.o(.constdata)
    asc2_1608                                0x08009692   Data        1520  oled.o(.constdata)
    asc2_2412                                0x08009c82   Data        3420  oled.o(.constdata)
    __mathlib_zero                           0x0800ab50   Data           8  qnan.o(.constdata)
    Region$$Table$$Base                      0x0800aba8   Number         0  anon$$obj.o(Region$$Table)
    Region$$Table$$Limit                     0x0800abc8   Number         0  anon$$obj.o(Region$$Table)
    SystemCoreClock                          0x20000000   Data           4  system_stm32f10x.o(.data)
    AHBPrescTable                            0x20000004   Data          16  system_stm32f10x.o(.data)
    __stdout                                 0x20000064   Data           4  stdout.o(.data)
    OLED_GRAM                                0x2000007c   Data        1024  oled.o(.bss)
    angle                                    0x2000047c   Data          12  datatype.o(.bss)
    ADC                                      0x20000488   Data          16  datatype.o(.bss)
    __initial_sp                             0x20000898   Data           0  startup_stm32f10x_hd.o(STACK)



==============================================================================

Memory Map of the image

  Image Entry point : 0x08000131

  Load Region LR_IROM1 (Base: 0x08000000, Size: 0x0000ac34, Max: 0x00040000, ABSOLUTE)

    Execution Region ER_IROM1 (Exec base: 0x08000000, Load base: 0x08000000, Size: 0x0000abc8, Max: 0x00040000, ABSOLUTE)

    Exec Addr    Load Addr    Size         Type   Attr      Idx    E Section Name        Object

    0x08000000   0x08000000   0x00000130   Data   RO          273    RESET               startup_stm32f10x_hd.o
    0x08000130   0x08000130   0x00000000   Code   RO          763  * .ARM.Collect$$$$00000000  mc_w.l(entry.o)
    0x08000130   0x08000130   0x00000004   Code   RO         1096    .ARM.Collect$$$$00000001  mc_w.l(entry2.o)
    0x08000134   0x08000134   0x00000004   Code   RO         1099    .ARM.Collect$$$$00000004  mc_w.l(entry5.o)
    0x08000138   0x08000138   0x00000000   Code   RO         1101    .ARM.Collect$$$$00000008  mc_w.l(entry7b.o)
    0x08000138   0x08000138   0x00000000   Code   RO         1103    .ARM.Collect$$$$0000000A  mc_w.l(entry8b.o)
    0x08000138   0x08000138   0x00000008   Code   RO         1104    .ARM.Collect$$$$0000000B  mc_w.l(entry9a.o)
    0x08000140   0x08000140   0x00000000   Code   RO         1106    .ARM.Collect$$$$0000000D  mc_w.l(entry10a.o)
    0x08000140   0x08000140   0x00000000   Code   RO         1108    .ARM.Collect$$$$0000000F  mc_w.l(entry11a.o)
    0x08000140   0x08000140   0x00000004   Code   RO         1097    .ARM.Collect$$$$00002712  mc_w.l(entry2.o)
    0x08000144   0x08000144   0x00000080   Code   RO            1    .text               main.o
    0x080001c4   0x080001c4   0x0000001a   Code   RO          155    .text               stm32f10x_it.o
    0x080001de   0x080001de   0x00000002   PAD
    0x080001e0   0x080001e0   0x000001e0   Code   RO          170    .text               system_stm32f10x.o
    0x080003c0   0x080003c0   0x000000d4   Code   RO          188    .text               delay.o
    0x08000494   0x08000494   0x000000dc   Code   RO          245    .text               usart.o
    0x08000570   0x08000570   0x00000024   Code   RO          274    .text               startup_stm32f10x_hd.o
    0x08000594   0x08000594   0x000000dc   Code   RO          278    .text               misc.o
    0x08000670   0x08000670   0x0000044e   Code   RO          290    .text               stm32f10x_adc.o
    0x08000abe   0x08000abe   0x00000002   PAD
    0x08000ac0   0x08000ac0   0x0000035c   Code   RO          422    .text               stm32f10x_gpio.o
    0x08000e1c   0x08000e1c   0x000003a4   Code   RO          470    .text               stm32f10x_rcc.o
    0x080011c0   0x080011c0   0x00000e1a   Code   RO          520    .text               stm32f10x_tim.o
    0x08001fda   0x08001fda   0x00000002   PAD
    0x08001fdc   0x08001fdc   0x00000408   Code   RO          532    .text               stm32f10x_usart.o
    0x080023e4   0x080023e4   0x00000368   Code   RO          556    .text               mpu6050.o
    0x0800274c   0x0800274c   0x0000026c   Code   RO          568    .text               mpuiic.o
    0x080029b8   0x080029b8   0x0000228c   Code   RO          580    .text               inv_mpu.o
    0x08004c44   0x08004c44   0x00000d70   Code   RO          607    .text               inv_mpu_dmp_motion_driver.o
    0x080059b4   0x080059b4   0x000000e8   Code   RO          632    .text               adc.o
    0x08005a9c   0x08005a9c   0x000000b0   Code   RO          644    .text               key.o
    0x08005b4c   0x08005b4c   0x000006fc   Code   RO          657    .text               oled.o
    0x08006248   0x08006248   0x00000184   Code   RO          680    .text               timer.o
    0x080063cc   0x080063cc   0x00000044   Code   RO          693    .text               buzz.o
    0x08006410   0x08006410   0x000001fc   Code   RO          705    .text               control.o
    0x0800660c   0x0800660c   0x00000062   Code   RO          766    .text               mc_w.l(ldiv.o)
    0x0800666e   0x0800666e   0x00000024   Code   RO          768    .text               mc_w.l(memseta.o)
    0x08006692   0x08006692   0x0000001a   Code   RO          770    .text               mc_w.l(memcmp.o)
    0x080066ac   0x080066ac   0x000000b0   Code   RO         1033    .text               mf_w.l(fadd.o)
    0x0800675c   0x0800675c   0x00000064   Code   RO         1035    .text               mf_w.l(fmul.o)
    0x080067c0   0x080067c0   0x0000007c   Code   RO         1037    .text               mf_w.l(fdiv.o)
    0x0800683c   0x0800683c   0x0000014e   Code   RO         1039    .text               mf_w.l(dadd.o)
    0x0800698a   0x0800698a   0x000000e4   Code   RO         1041    .text               mf_w.l(dmul.o)
    0x08006a6e   0x08006a6e   0x000000de   Code   RO         1043    .text               mf_w.l(ddiv.o)
    0x08006b4c   0x08006b4c   0x00000012   Code   RO         1045    .text               mf_w.l(fflti.o)
    0x08006b5e   0x08006b5e   0x0000000a   Code   RO         1047    .text               mf_w.l(ffltui.o)
    0x08006b68   0x08006b68   0x00000022   Code   RO         1049    .text               mf_w.l(dflti.o)
    0x08006b8a   0x08006b8a   0x0000001a   Code   RO         1051    .text               mf_w.l(dfltui.o)
    0x08006ba4   0x08006ba4   0x00000032   Code   RO         1053    .text               mf_w.l(ffixi.o)
    0x08006bd6   0x08006bd6   0x00000028   Code   RO         1055    .text               mf_w.l(ffixui.o)
    0x08006bfe   0x08006bfe   0x00000032   Code   RO         1057    .text               mf_w.l(dfixui.o)
    0x08006c30   0x08006c30   0x00000026   Code   RO         1059    .text               mf_w.l(f2d.o)
    0x08006c56   0x08006c56   0x00000038   Code   RO         1061    .text               mf_w.l(d2f.o)
    0x08006c8e   0x08006c8e   0x00000002   PAD
    0x08006c90   0x08006c90   0x00000014   Code   RO         1063    .text               mf_w.l(cfcmple.o)
    0x08006ca4   0x08006ca4   0x00000014   Code   RO         1065    .text               mf_w.l(cfrcmple.o)
    0x08006cb8   0x08006cb8   0x00000062   Code   RO         1115    .text               mc_w.l(uldiv.o)
    0x08006d1a   0x08006d1a   0x0000001e   Code   RO         1117    .text               mc_w.l(llshl.o)
    0x08006d38   0x08006d38   0x00000020   Code   RO         1119    .text               mc_w.l(llushr.o)
    0x08006d58   0x08006d58   0x00000024   Code   RO         1121    .text               mc_w.l(llsshr.o)
    0x08006d7c   0x08006d7c   0x00000000   Code   RO         1130    .text               mc_w.l(iusefp.o)
    0x08006d7c   0x08006d7c   0x0000006e   Code   RO         1131    .text               mf_w.l(fepilogue.o)
    0x08006dea   0x08006dea   0x000000ba   Code   RO         1133    .text               mf_w.l(depilogue.o)
    0x08006ea4   0x08006ea4   0x0000002e   Code   RO         1135    .text               mf_w.l(dscalb.o)
    0x08006ed2   0x08006ed2   0x000000a2   Code   RO         1137    .text               mf_w.l(dsqrt.o)
    0x08006f74   0x08006f74   0x00000030   Code   RO         1143    .text               mf_w.l(cdrcmple.o)
    0x08006fa4   0x08006fa4   0x00000024   Code   RO         1145    .text               mc_w.l(init.o)
    0x08006fc8   0x08006fc8   0x00000000   Code   RO         1147    .text               mc_w.l(semi.o)
    0x08006fc8   0x08006fc8   0x00000000   Code   RO         1148    .text               mc_w.l(iusesemip.o)
    0x08006fc8   0x08006fc8   0x00000020   Code   RO          979    i.__0printf$8       mc_w.l(printf8.o)
    0x08006fe8   0x08006fe8   0x00000028   Code   RO         1091    i.__ARM_fpclassify  m_ws.l(fpclassify.o)
    0x08007010   0x08007010   0x000000aa   Code   RO         1093    i.__kernel_poly     m_ws.l(poly.o)
    0x080070ba   0x080070ba   0x00000002   PAD
    0x080070bc   0x080070bc   0x00000010   Code   RO         1077    i.__mathlib_dbl_divzero  m_ws.l(dunder.o)
    0x080070cc   0x080070cc   0x00000006   Code   RO         1078    i.__mathlib_dbl_infnan  m_ws.l(dunder.o)
    0x080070d2   0x080070d2   0x00000004   Code   RO         1079    i.__mathlib_dbl_infnan2  m_ws.l(dunder.o)
    0x080070d6   0x080070d6   0x0000000c   Code   RO         1080    i.__mathlib_dbl_invalid  m_ws.l(dunder.o)
    0x080070e2   0x080070e2   0x0000000e   Code   RO         1081    i.__mathlib_dbl_overflow  m_ws.l(dunder.o)
    0x080070f0   0x080070f0   0x00000010   Code   RO         1083    i.__mathlib_dbl_underflow  m_ws.l(dunder.o)
    0x08007100   0x08007100   0x0000000e   Code   RO         1151    i.__scatterload_copy  mc_w.l(handlers.o)
    0x0800710e   0x0800710e   0x00000002   Code   RO         1152    i.__scatterload_null  mc_w.l(handlers.o)
    0x08007110   0x08007110   0x0000000e   Code   RO         1153    i.__scatterload_zeroinit  mc_w.l(handlers.o)
    0x0800711e   0x0800711e   0x00000002   PAD
    0x08007120   0x08007120   0x0000000c   Code   RO         1125    i.__set_errno       mc_w.l(errno.o)
    0x0800712c   0x0800712c   0x00000410   Code   RO          986    i._printf_core      mc_w.l(printf8.o)
    0x0800753c   0x0800753c   0x00000024   Code   RO          987    i._printf_post_padding  mc_w.l(printf8.o)
    0x08007560   0x08007560   0x0000002e   Code   RO          988    i._printf_pre_padding  mc_w.l(printf8.o)
    0x0800758e   0x0800758e   0x00000002   PAD
    0x08007590   0x08007590   0x00000270   Code   RO          728    i.asin              m_ws.l(asin.o)
    0x08007800   0x08007800   0x00000220   Code   RO         1068    i.atan              m_ws.l(atan.o)
    0x08007a20   0x08007a20   0x00000180   Code   RO          738    i.atan2             m_ws.l(atan2.o)
    0x08007ba0   0x08007ba0   0x00000012   Code   RO         1110    i.fputc             mc_w.l(fputc.o)
    0x08007bb2   0x08007bb2   0x00000002   PAD
    0x08007bb4   0x08007bb4   0x000009d8   Code   RO          746    i.pow               m_ws.l(pow.o)
    0x0800858c   0x0800858c   0x0000004c   Code   RO          756    i.sqrt              m_ws.l(sqrt.o)
    0x080085d8   0x080085d8   0x00000050   Data   RO          581    .constdata          inv_mpu.o
    0x08008628   0x08008628   0x00000bf6   Data   RO          609    .constdata          inv_mpu_dmp_motion_driver.o
    0x0800921e   0x0800921e   0x000017c0   Data   RO          659    .constdata          oled.o
    0x0800a9de   0x0800a9de   0x00000002   PAD
    0x0800a9e0   0x0800a9e0   0x00000050   Data   RO          729    .constdata          m_ws.l(asin.o)
    0x0800aa30   0x0800aa30   0x00000088   Data   RO          747    .constdata          m_ws.l(pow.o)
    0x0800aab8   0x0800aab8   0x00000098   Data   RO         1069    .constdata          m_ws.l(atan.o)
    0x0800ab50   0x0800ab50   0x00000008   Data   RO         1095    .constdata          m_ws.l(qnan.o)
    0x0800ab58   0x0800ab58   0x0000004d   Data   RO          582    .conststring        inv_mpu.o
    0x0800aba5   0x0800aba5   0x00000003   PAD
    0x0800aba8   0x0800aba8   0x00000020   Data   RO         1149    Region$$Table       anon$$obj.o


    Execution Region RW_IRAM1 (Exec base: 0x20000000, Load base: 0x0800abc8, Size: 0x00000898, Max: 0x0000c000, ABSOLUTE)

    Exec Addr    Load Addr    Size         Type   Attr      Idx    E Section Name        Object

    0x20000000   0x0800abc8   0x00000014   Data   RW          171    .data               system_stm32f10x.o
    0x20000014   0x0800abdc   0x00000004   Data   RW          189    .data               delay.o
    0x20000018   0x0800abe0   0x00000014   Data   RW          471    .data               stm32f10x_rcc.o
    0x2000002c   0x0800abf4   0x00000035   Data   RW          583    .data               inv_mpu.o
    0x20000061   0x0800ac29   0x00000001   Data   RW          645    .data               key.o
    0x20000062   0x0800ac2a   0x00000002   Data   RW          660    .data               oled.o
    0x20000064   0x0800ac2c   0x00000004   Data   RW         1112    .data               mc_w.l(stdout.o)
    0x20000068   0x0800ac30   0x00000004   Data   RW         1126    .data               mc_w.l(errno.o)
    0x2000006c        -       0x00000010   Zero   RW          608    .bss                inv_mpu_dmp_motion_driver.o
    0x2000007c        -       0x00000400   Zero   RW          658    .bss                oled.o
    0x2000047c        -       0x0000001c   Zero   RW          718    .bss                datatype.o
    0x20000498        -       0x00000400   Zero   RW          271    STACK               startup_stm32f10x_hd.o


==============================================================================

Image component sizes


      Code (inc. data)   RO Data    RW Data    ZI Data      Debug   Object Name

       232          8          0          0          0       1147   adc.o
        68          8          0          0          0        540   buzz.o
       508         66          0          0          0        937   control.o
         0          0          0          0         28        296   datatype.o
       212         18          0          4          0     215055   delay.o
      8844        196        157         53          0      24129   inv_mpu.o
      3440        126       3062          0         16      15555   inv_mpu_dmp_motion_driver.o
       176         12          0          1          0        832   key.o
       128         14          0          0          0      49175   main.o
       220         22          0          0          0       1881   misc.o
       872         18          0          0          0       4463   mpu6050.o
       620         14          0          0          0       2106   mpuiic.o
      1788         66       6080          2       1024       5978   oled.o
        36          8        304          0       1024        820   startup_stm32f10x_hd.o
      1102         26          0          0          0      11121   stm32f10x_adc.o
       860         38          0          0          0       5813   stm32f10x_gpio.o
        26          0          0          0          0       1218   stm32f10x_it.o
       932         36          0         20          0       9028   stm32f10x_rcc.o
      3610         88          0          0          0      22920   stm32f10x_tim.o
      1032         22          0          0          0       8536   stm32f10x_usart.o
         0          0          0          0          0         32   sys.o
       480         38          0         20          0       1859   system_stm32f10x.o
       388         16          0          0          0       1736   timer.o
       220         10          0          0          0       1525   usart.o

    ----------------------------------------------------------------------
     25800        850       9640        100       2092     386702   Object Totals
         0          0         32          0          0          0   (incl. Generated)
         6          0          5          0          0          0   (incl. Padding)

    ----------------------------------------------------------------------

      Code (inc. data)   RO Data    RW Data    ZI Data      Debug   Library Member Name

       624         52         80          0          0        168   asin.o
       544         70        152          0          0        124   atan.o
       384         38          0          0          0        144   atan2.o
        68         10          0          0          0        408   dunder.o
        40          0          0          0          0         68   fpclassify.o
       170          0          0          0          0         96   poly.o
      2520        190        136          0          0        324   pow.o
         0          0          8          0          0          0   qnan.o
        76          0          0          0          0         84   sqrt.o
         0          0          0          0          0          0   entry.o
         0          0          0          0          0          0   entry10a.o
         0          0          0          0          0          0   entry11a.o
         8          4          0          0          0          0   entry2.o
         4          0          0          0          0          0   entry5.o
         0          0          0          0          0          0   entry7b.o
         0          0          0          0          0          0   entry8b.o
         8          4          0          0          0          0   entry9a.o
        12          6          0          4          0         68   errno.o
        18          0          0          0          0         80   fputc.o
        30          0          0          0          0          0   handlers.o
        36          8          0          0          0         68   init.o
         0          0          0          0          0          0   iusefp.o
         0          0          0          0          0          0   iusesemip.o
        98          0          0          0          0         84   ldiv.o
        30          0          0          0          0         68   llshl.o
        36          0          0          0          0         68   llsshr.o
        32          0          0          0          0         68   llushr.o
        26          0          0          0          0         80   memcmp.o
        36          0          0          0          0        108   memseta.o
      1154         54          0          0          0        352   printf8.o
         0          0          0          0          0          0   semi.o
         0          0          0          4          0          0   stdout.o
        98          0          0          0          0         92   uldiv.o
        48          0          0          0          0         68   cdrcmple.o
        20          0          0          0          0         68   cfcmple.o
        20          0          0          0          0         68   cfrcmple.o
        56          0          0          0          0         88   d2f.o
       334          0          0          0          0        148   dadd.o
       222          0          0          0          0        100   ddiv.o
       186          0          0          0          0        176   depilogue.o
        50          0          0          0          0         76   dfixui.o
        34          0          0          0          0         76   dflti.o
        26          0          0          0          0         76   dfltui.o
       228          0          0          0          0         96   dmul.o
        46          0          0          0          0         80   dscalb.o
       162          0          0          0          0        100   dsqrt.o
        38          0          0          0          0         68   f2d.o
       176          0          0          0          0        140   fadd.o
       124          0          0          0          0         88   fdiv.o
       110          0          0          0          0        168   fepilogue.o
        50          0          0          0          0         68   ffixi.o
        40          0          0          0          0         68   ffixui.o
        18          0          0          0          0         68   fflti.o
        10          0          0          0          0         68   ffltui.o
       100          0          0          0          0         76   fmul.o

    ----------------------------------------------------------------------
      8160        436        376          8          0       4584   Library Totals
        10          0          0          0          0          0   (incl. Padding)

    ----------------------------------------------------------------------

      Code (inc. data)   RO Data    RW Data    ZI Data      Debug   Library Name

      4426        360        376          0          0       1416   m_ws.l
      1626         76          0          8          0       1136   mc_w.l
      2098          0          0          0          0       2032   mf_w.l

    ----------------------------------------------------------------------
      8160        436        376          8          0       4584   Library Totals

    ----------------------------------------------------------------------

==============================================================================


      Code (inc. data)   RO Data    RW Data    ZI Data      Debug   

     33960       1286      10016        108       2092     387174   Grand Totals
     33960       1286      10016        108       2092     387174   ELF Image Totals
     33960       1286      10016        108          0          0   ROM Totals

==============================================================================

    Total RO  Size (Code + RO Data)                43976 (  42.95kB)
    Total RW  Size (RW Data + ZI Data)              2200 (   2.15kB)
    Total ROM Size (Code + RO Data + RW Data)      44084 (  43.05kB)

==============================================================================

